[2025-02-21T18:29:11.531+0800][gc,init] CardTable entry size: 512
[2025-02-21T18:29:11.531+0800][gc     ] Using G1
[2025-02-21T18:29:11.531+0800][gc,init] Version: 23.0.2+7-58 (release)
[2025-02-21T18:29:11.531+0800][gc,init] CPUs: 10 total, 10 available
[2025-02-21T18:29:11.531+0800][gc,init] Memory: 16384M
[2025-02-21T18:29:11.531+0800][gc,init] Large Page Support: Disabled
[2025-02-21T18:29:11.531+0800][gc,init] NUMA Support: Disabled
[2025-02-21T18:29:11.531+0800][gc,init] Compressed Oops: Enabled (Zero based)
[2025-02-21T18:29:11.531+0800][gc,init] Heap Region Size: 1M
[2025-02-21T18:29:11.531+0800][gc,init] Heap Min Capacity: 512M
[2025-02-21T18:29:11.531+0800][gc,init] Heap Initial Capacity: 512M
[2025-02-21T18:29:11.531+0800][gc,init] Heap Max Capacity: 512M
[2025-02-21T18:29:11.531+0800][gc,init] Pre-touch: Disabled
[2025-02-21T18:29:11.531+0800][gc,init] Parallel Workers: 9
[2025-02-21T18:29:11.531+0800][gc,init] Concurrent Workers: 2
[2025-02-21T18:29:11.531+0800][gc,init] Concurrent Refinement Workers: 9
[2025-02-21T18:29:11.531+0800][gc,init] Periodic GC: Disabled
[2025-02-21T18:29:11.534+0800][gc,metaspace] CDS archive(s) mapped at: [0x00000ff000000000-0x00000ff000d94000-0x00000ff000d94000), size 14237696, SharedBaseAddress: 0x00000ff000000000, ArchiveRelocationMode: 1.
[2025-02-21T18:29:11.534+0800][gc,metaspace] Compressed class space mapped at: 0x00000ff001000000-0x00000ff041000000, reserved size: 1073741824
[2025-02-21T18:29:11.534+0800][gc,metaspace] Narrow klass base: 0x00000ff000000000, Narrow klass shift: 0, Narrow klass range: 0x100000000
[2025-02-21T18:29:12.041+0800][gc,start    ] GC(0) Pause Young (Normal) (G1 Evacuation Pause)
[2025-02-21T18:29:12.041+0800][gc,task     ] GC(0) Using 9 workers of 9 for evacuation
[2025-02-21T18:29:12.044+0800][gc,phases   ] GC(0)   Pre Evacuate Collection Set: 0.08ms
[2025-02-21T18:29:12.044+0800][gc,phases   ] GC(0)   Merge Heap Roots: 0.08ms
[2025-02-21T18:29:12.044+0800][gc,phases   ] GC(0)   Evacuate Collection Set: 1.68ms
[2025-02-21T18:29:12.044+0800][gc,phases   ] GC(0)   Post Evacuate Collection Set: 0.22ms
[2025-02-21T18:29:12.044+0800][gc,phases   ] GC(0)   Other: 0.19ms
[2025-02-21T18:29:12.044+0800][gc,heap     ] GC(0) Eden regions: 256->0(249)
[2025-02-21T18:29:12.044+0800][gc,heap     ] GC(0) Survivor regions: 0->7(32)
[2025-02-21T18:29:12.044+0800][gc,heap     ] GC(0) Old regions: 2->2
[2025-02-21T18:29:12.044+0800][gc,heap     ] GC(0) Humongous regions: 3->0
[2025-02-21T18:29:12.044+0800][gc,metaspace] GC(0) Metaspace: 11602K(11840K)->11602K(11840K) NonClass: 10193K(10304K)->10193K(10304K) Class: 1408K(1536K)->1408K(1536K)
[2025-02-21T18:29:12.044+0800][gc          ] GC(0) Pause Young (Normal) (G1 Evacuation Pause) 260M->7M(512M) 2.373ms
[2025-02-21T18:29:12.044+0800][gc,cpu      ] GC(0) User=0.01s Sys=0.00s Real=0.00s
[2025-02-21T18:29:12.319+0800][gc,start    ] GC(1) Pause Young (Normal) (G1 Evacuation Pause)
[2025-02-21T18:29:12.319+0800][gc,task     ] GC(1) Using 9 workers of 9 for evacuation
[2025-02-21T18:29:12.322+0800][gc,phases   ] GC(1)   Pre Evacuate Collection Set: 0.07ms
[2025-02-21T18:29:12.322+0800][gc,phases   ] GC(1)   Merge Heap Roots: 0.07ms
[2025-02-21T18:29:12.322+0800][gc,phases   ] GC(1)   Evacuate Collection Set: 2.25ms
[2025-02-21T18:29:12.322+0800][gc,phases   ] GC(1)   Post Evacuate Collection Set: 0.30ms
[2025-02-21T18:29:12.322+0800][gc,phases   ] GC(1)   Other: 0.04ms
[2025-02-21T18:29:12.322+0800][gc,heap     ] GC(1) Eden regions: 249->0(244)
[2025-02-21T18:29:12.322+0800][gc,heap     ] GC(1) Survivor regions: 7->12(32)
[2025-02-21T18:29:12.322+0800][gc,heap     ] GC(1) Old regions: 2->2
[2025-02-21T18:29:12.322+0800][gc,heap     ] GC(1) Humongous regions: 0->0
[2025-02-21T18:29:12.322+0800][gc,metaspace] GC(1) Metaspace: 18907K(19200K)->18907K(19200K) NonClass: 16614K(16768K)->16614K(16768K) Class: 2292K(2432K)->2292K(2432K)
[2025-02-21T18:29:12.322+0800][gc          ] GC(1) Pause Young (Normal) (G1 Evacuation Pause) 256M->13M(512M) 2.817ms
[2025-02-21T18:29:12.322+0800][gc,cpu      ] GC(1) User=0.02s Sys=0.00s Real=0.01s
[2025-02-21T18:29:12.530+0800][gc,start    ] GC(2) Pause Young (Normal) (G1 Evacuation Pause)
[2025-02-21T18:29:12.530+0800][gc,task     ] GC(2) Using 9 workers of 9 for evacuation
[2025-02-21T18:29:12.532+0800][gc,phases   ] GC(2)   Pre Evacuate Collection Set: 0.10ms
[2025-02-21T18:29:12.532+0800][gc,phases   ] GC(2)   Merge Heap Roots: 0.06ms
[2025-02-21T18:29:12.532+0800][gc,phases   ] GC(2)   Evacuate Collection Set: 2.34ms
[2025-02-21T18:29:12.532+0800][gc,phases   ] GC(2)   Post Evacuate Collection Set: 0.27ms
[2025-02-21T18:29:12.532+0800][gc,phases   ] GC(2)   Other: 0.04ms
[2025-02-21T18:29:12.532+0800][gc,heap     ] GC(2) Eden regions: 244->0(239)
[2025-02-21T18:29:12.532+0800][gc,heap     ] GC(2) Survivor regions: 12->17(32)
[2025-02-21T18:29:12.532+0800][gc,heap     ] GC(2) Old regions: 2->2
[2025-02-21T18:29:12.532+0800][gc,heap     ] GC(2) Humongous regions: 0->0
[2025-02-21T18:29:12.532+0800][gc,metaspace] GC(2) Metaspace: 20068K(20352K)->20068K(20352K) NonClass: 17646K(17792K)->17646K(17792K) Class: 2421K(2560K)->2421K(2560K)
[2025-02-21T18:29:12.532+0800][gc          ] GC(2) Pause Young (Normal) (G1 Evacuation Pause) 257M->17M(512M) 2.905ms
[2025-02-21T18:29:12.532+0800][gc,cpu      ] GC(2) User=0.02s Sys=0.00s Real=0.00s
[2025-02-21T18:29:12.580+0800][gc,start    ] GC(3) Pause Young (Concurrent Start) (Metadata GC Threshold)
[2025-02-21T18:29:12.580+0800][gc,task     ] GC(3) Using 9 workers of 9 for evacuation
[2025-02-21T18:29:12.582+0800][gc,phases   ] GC(3)   Pre Evacuate Collection Set: 0.10ms
[2025-02-21T18:29:12.582+0800][gc,phases   ] GC(3)   Merge Heap Roots: 0.05ms
[2025-02-21T18:29:12.582+0800][gc,phases   ] GC(3)   Evacuate Collection Set: 1.86ms
[2025-02-21T18:29:12.582+0800][gc,phases   ] GC(3)   Post Evacuate Collection Set: 0.28ms
[2025-02-21T18:29:12.582+0800][gc,phases   ] GC(3)   Other: 0.04ms
[2025-02-21T18:29:12.582+0800][gc,heap     ] GC(3) Eden regions: 46->0(237)
[2025-02-21T18:29:12.582+0800][gc,heap     ] GC(3) Survivor regions: 17->19(32)
[2025-02-21T18:29:12.582+0800][gc,heap     ] GC(3) Old regions: 2->2
[2025-02-21T18:29:12.582+0800][gc,heap     ] GC(3) Humongous regions: 0->0
[2025-02-21T18:29:12.582+0800][gc,metaspace] GC(3) Metaspace: 21241K(21504K)->21241K(21504K) NonClass: 18687K(18816K)->18687K(18816K) Class: 2554K(2688K)->2554K(2688K)
[2025-02-21T18:29:12.582+0800][gc          ] GC(3) Pause Young (Concurrent Start) (Metadata GC Threshold) 63M->19M(512M) 2.428ms
[2025-02-21T18:29:12.582+0800][gc,cpu      ] GC(3) User=0.02s Sys=0.00s Real=0.00s
[2025-02-21T18:29:12.583+0800][gc          ] GC(4) Concurrent Mark Cycle
[2025-02-21T18:29:12.583+0800][gc,marking  ] GC(4) Concurrent Scan Root Regions
[2025-02-21T18:29:12.584+0800][gc,marking  ] GC(4) Concurrent Scan Root Regions 1.825ms
[2025-02-21T18:29:12.584+0800][gc,marking  ] GC(4) Concurrent Mark
[2025-02-21T18:29:12.584+0800][gc,marking  ] GC(4) Concurrent Mark From Roots
[2025-02-21T18:29:12.584+0800][gc,task     ] GC(4) Using 2 workers of 2 for marking
[2025-02-21T18:29:12.585+0800][gc,marking  ] GC(4) Concurrent Mark From Roots 0.453ms
[2025-02-21T18:29:12.585+0800][gc,marking  ] GC(4) Concurrent Preclean
[2025-02-21T18:29:12.585+0800][gc,marking  ] GC(4) Concurrent Preclean 0.004ms
[2025-02-21T18:29:12.585+0800][gc,start    ] GC(4) Pause Remark
[2025-02-21T18:29:12.586+0800][gc          ] GC(4) Pause Remark 21M->21M(512M) 0.811ms
[2025-02-21T18:29:12.586+0800][gc,cpu      ] GC(4) User=0.00s Sys=0.00s Real=0.00s
[2025-02-21T18:29:12.586+0800][gc,marking  ] GC(4) Concurrent Mark 1.342ms
[2025-02-21T18:29:12.586+0800][gc,marking  ] GC(4) Concurrent Rebuild Remembered Sets and Scrub Regions
[2025-02-21T18:29:12.586+0800][gc,marking  ] GC(4) Concurrent Rebuild Remembered Sets and Scrub Regions 0.228ms
[2025-02-21T18:29:12.586+0800][gc,start    ] GC(4) Pause Cleanup
[2025-02-21T18:29:12.586+0800][gc          ] GC(4) Pause Cleanup 21M->21M(512M) 0.007ms
[2025-02-21T18:29:12.586+0800][gc,cpu      ] GC(4) User=0.00s Sys=0.00s Real=0.00s
[2025-02-21T18:29:12.586+0800][gc,marking  ] GC(4) Concurrent Clear Claimed Marks
[2025-02-21T18:29:12.586+0800][gc,marking  ] GC(4) Concurrent Clear Claimed Marks 0.021ms
[2025-02-21T18:29:12.586+0800][gc,marking  ] GC(4) Concurrent Cleanup for Next Mark
[2025-02-21T18:29:12.586+0800][gc,marking  ] GC(4) Concurrent Cleanup for Next Mark 0.426ms
[2025-02-21T18:29:12.586+0800][gc          ] GC(4) Concurrent Mark Cycle 3.943ms
[2025-02-21T18:29:12.896+0800][gc,start    ] GC(5) Pause Young (Prepare Mixed) (G1 Evacuation Pause)
[2025-02-21T18:29:12.896+0800][gc,task     ] GC(5) Using 9 workers of 9 for evacuation
[2025-02-21T18:29:12.899+0800][gc,phases   ] GC(5)   Pre Evacuate Collection Set: 0.10ms
[2025-02-21T18:29:12.899+0800][gc,phases   ] GC(5)   Merge Heap Roots: 0.06ms
[2025-02-21T18:29:12.899+0800][gc,phases   ] GC(5)   Evacuate Collection Set: 2.92ms
[2025-02-21T18:29:12.899+0800][gc,phases   ] GC(5)   Post Evacuate Collection Set: 0.32ms
[2025-02-21T18:29:12.899+0800][gc,phases   ] GC(5)   Other: 0.04ms
[2025-02-21T18:29:12.899+0800][gc,heap     ] GC(5) Eden regions: 237->0(242)
[2025-02-21T18:29:12.899+0800][gc,heap     ] GC(5) Survivor regions: 19->14(32)
[2025-02-21T18:29:12.899+0800][gc,heap     ] GC(5) Old regions: 2->8
[2025-02-21T18:29:12.899+0800][gc,heap     ] GC(5) Humongous regions: 0->0
[2025-02-21T18:29:12.899+0800][gc,metaspace] GC(5) Metaspace: 26253K(26496K)->26253K(26496K) NonClass: 23025K(23168K)->23025K(23168K) Class: 3227K(3328K)->3227K(3328K)
[2025-02-21T18:29:12.899+0800][gc          ] GC(5) Pause Young (Prepare Mixed) (G1 Evacuation Pause) 256M->21M(512M) 3.524ms
[2025-02-21T18:29:12.899+0800][gc,cpu      ] GC(5) User=0.03s Sys=0.00s Real=0.00s
[2025-02-21T18:29:13.289+0800][gc,start    ] GC(6) Pause Young (Mixed) (Metadata GC Threshold)
[2025-02-21T18:29:13.289+0800][gc,task     ] GC(6) Using 9 workers of 9 for evacuation
[2025-02-21T18:29:13.292+0800][gc,phases   ] GC(6)   Pre Evacuate Collection Set: 0.10ms
[2025-02-21T18:29:13.292+0800][gc,phases   ] GC(6)   Merge Heap Roots: 0.05ms
[2025-02-21T18:29:13.292+0800][gc,phases   ] GC(6)   Evacuate Collection Set: 2.49ms
[2025-02-21T18:29:13.292+0800][gc,phases   ] GC(6)   Post Evacuate Collection Set: 0.27ms
[2025-02-21T18:29:13.292+0800][gc,phases   ] GC(6)   Other: 0.03ms
[2025-02-21T18:29:13.292+0800][gc,heap     ] GC(6) Eden regions: 222->0(236)
[2025-02-21T18:29:13.292+0800][gc,heap     ] GC(6) Survivor regions: 14->20(32)
[2025-02-21T18:29:13.292+0800][gc,heap     ] GC(6) Old regions: 8->8
[2025-02-21T18:29:13.292+0800][gc,heap     ] GC(6) Humongous regions: 0->0
[2025-02-21T18:29:13.292+0800][gc,metaspace] GC(6) Metaspace: 35649K(35968K)->35649K(35968K) NonClass: 31263K(31424K)->31263K(31424K) Class: 4385K(4544K)->4385K(4544K)
[2025-02-21T18:29:13.292+0800][gc          ] GC(6) Pause Young (Mixed) (Metadata GC Threshold) 242M->26M(512M) 3.040ms
[2025-02-21T18:29:13.292+0800][gc,cpu      ] GC(6) User=0.02s Sys=0.01s Real=0.01s
[2025-02-21T18:29:13.303+0800][gc,start    ] GC(7) Pause Young (Concurrent Start) (Metadata GC Threshold)
[2025-02-21T18:29:13.303+0800][gc,task     ] GC(7) Using 9 workers of 9 for evacuation
[2025-02-21T18:29:13.305+0800][gc,phases   ] GC(7)   Pre Evacuate Collection Set: 0.10ms
[2025-02-21T18:29:13.305+0800][gc,phases   ] GC(7)   Merge Heap Roots: 0.03ms
[2025-02-21T18:29:13.305+0800][gc,phases   ] GC(7)   Evacuate Collection Set: 2.00ms
[2025-02-21T18:29:13.305+0800][gc,phases   ] GC(7)   Post Evacuate Collection Set: 0.20ms
[2025-02-21T18:29:13.305+0800][gc,phases   ] GC(7)   Other: 0.03ms
[2025-02-21T18:29:13.305+0800][gc,heap     ] GC(7) Eden regions: 5->0(241)
[2025-02-21T18:29:13.305+0800][gc,heap     ] GC(7) Survivor regions: 20->15(32)
[2025-02-21T18:29:13.305+0800][gc,heap     ] GC(7) Old regions: 8->12
[2025-02-21T18:29:13.305+0800][gc,heap     ] GC(7) Humongous regions: 0->0
[2025-02-21T18:29:13.305+0800][gc,metaspace] GC(7) Metaspace: 35968K(36288K)->35968K(36288K) NonClass: 31531K(31680K)->31531K(31680K) Class: 4437K(4608K)->4437K(4608K)
[2025-02-21T18:29:13.305+0800][gc          ] GC(7) Pause Young (Concurrent Start) (Metadata GC Threshold) 30M->26M(512M) 2.436ms
[2025-02-21T18:29:13.305+0800][gc          ] GC(8) Concurrent Mark Cycle
[2025-02-21T18:29:13.305+0800][gc,cpu      ] GC(7) User=0.02s Sys=0.00s Real=0.00s
[2025-02-21T18:29:13.305+0800][gc,marking  ] GC(8) Concurrent Scan Root Regions
[2025-02-21T18:29:13.308+0800][gc,marking  ] GC(8) Concurrent Scan Root Regions 2.380ms
[2025-02-21T18:29:13.308+0800][gc,marking  ] GC(8) Concurrent Mark
[2025-02-21T18:29:13.308+0800][gc,marking  ] GC(8) Concurrent Mark From Roots
[2025-02-21T18:29:13.308+0800][gc,task     ] GC(8) Using 2 workers of 2 for marking
[2025-02-21T18:29:13.310+0800][gc,marking  ] GC(8) Concurrent Mark From Roots 2.165ms
[2025-02-21T18:29:13.310+0800][gc,marking  ] GC(8) Concurrent Preclean
[2025-02-21T18:29:13.310+0800][gc,marking  ] GC(8) Concurrent Preclean 0.013ms
[2025-02-21T18:29:13.310+0800][gc,start    ] GC(8) Pause Remark
[2025-02-21T18:29:13.311+0800][gc          ] GC(8) Pause Remark 28M->28M(512M) 1.564ms
[2025-02-21T18:29:13.311+0800][gc,cpu      ] GC(8) User=0.01s Sys=0.00s Real=0.00s
[2025-02-21T18:29:13.311+0800][gc,marking  ] GC(8) Concurrent Mark 3.812ms
[2025-02-21T18:29:13.311+0800][gc,marking  ] GC(8) Concurrent Rebuild Remembered Sets and Scrub Regions
[2025-02-21T18:29:13.313+0800][gc,marking  ] GC(8) Concurrent Rebuild Remembered Sets and Scrub Regions 1.512ms
[2025-02-21T18:29:13.313+0800][gc,start    ] GC(8) Pause Cleanup
[2025-02-21T18:29:13.313+0800][gc          ] GC(8) Pause Cleanup 29M->29M(512M) 0.014ms
[2025-02-21T18:29:13.313+0800][gc,cpu      ] GC(8) User=0.00s Sys=0.00s Real=0.00s
[2025-02-21T18:29:13.313+0800][gc,marking  ] GC(8) Concurrent Clear Claimed Marks
[2025-02-21T18:29:13.313+0800][gc,marking  ] GC(8) Concurrent Clear Claimed Marks 0.007ms
[2025-02-21T18:29:13.313+0800][gc,marking  ] GC(8) Concurrent Cleanup for Next Mark
[2025-02-21T18:29:13.313+0800][gc,marking  ] GC(8) Concurrent Cleanup for Next Mark 0.373ms
[2025-02-21T18:29:13.313+0800][gc          ] GC(8) Concurrent Mark Cycle 8.188ms
[2025-02-21T18:29:13.816+0800][gc,start    ] GC(9) Pause Young (Prepare Mixed) (G1 Evacuation Pause)
[2025-02-21T18:29:13.816+0800][gc,task     ] GC(9) Using 9 workers of 9 for evacuation
[2025-02-21T18:29:13.820+0800][gc,phases   ] GC(9)   Pre Evacuate Collection Set: 0.12ms
[2025-02-21T18:29:13.820+0800][gc,phases   ] GC(9)   Merge Heap Roots: 0.06ms
[2025-02-21T18:29:13.820+0800][gc,phases   ] GC(9)   Evacuate Collection Set: 3.46ms
[2025-02-21T18:29:13.820+0800][gc,phases   ] GC(9)   Post Evacuate Collection Set: 0.45ms
[2025-02-21T18:29:13.820+0800][gc,phases   ] GC(9)   Other: 0.04ms
[2025-02-21T18:29:13.820+0800][gc,heap     ] GC(9) Eden regions: 241->0(231)
[2025-02-21T18:29:13.820+0800][gc,heap     ] GC(9) Survivor regions: 15->25(32)
[2025-02-21T18:29:13.820+0800][gc,heap     ] GC(9) Old regions: 12->12
[2025-02-21T18:29:13.820+0800][gc,heap     ] GC(9) Humongous regions: 0->0
[2025-02-21T18:29:13.820+0800][gc,metaspace] GC(9) Metaspace: 48206K(48640K)->48206K(48640K) NonClass: 42180K(42432K)->42180K(42432K) Class: 6025K(6208K)->6025K(6208K)
[2025-02-21T18:29:13.820+0800][gc          ] GC(9) Pause Young (Prepare Mixed) (G1 Evacuation Pause) 267M->36M(512M) 4.219ms
[2025-02-21T18:29:13.820+0800][gc,cpu      ] GC(9) User=0.04s Sys=0.00s Real=0.01s
[2025-02-21T18:29:15.216+0800][gc,start    ] GC(10) Pause Young (Mixed) (G1 Evacuation Pause)
[2025-02-21T18:29:15.216+0800][gc,task     ] GC(10) Using 9 workers of 9 for evacuation
[2025-02-21T18:29:15.221+0800][gc,phases   ] GC(10)   Pre Evacuate Collection Set: 0.09ms
[2025-02-21T18:29:15.221+0800][gc,phases   ] GC(10)   Merge Heap Roots: 0.07ms
[2025-02-21T18:29:15.221+0800][gc,phases   ] GC(10)   Evacuate Collection Set: 4.77ms
[2025-02-21T18:29:15.221+0800][gc,phases   ] GC(10)   Post Evacuate Collection Set: 0.51ms
[2025-02-21T18:29:15.221+0800][gc,phases   ] GC(10)   Other: 0.04ms
[2025-02-21T18:29:15.221+0800][gc,heap     ] GC(10) Eden regions: 231->0(233)
[2025-02-21T18:29:15.221+0800][gc,heap     ] GC(10) Survivor regions: 25->23(32)
[2025-02-21T18:29:15.221+0800][gc,heap     ] GC(10) Old regions: 12->20
[2025-02-21T18:29:15.221+0800][gc,heap     ] GC(10) Humongous regions: 0->0
[2025-02-21T18:29:15.221+0800][gc,metaspace] GC(10) Metaspace: 60030K(60608K)->60030K(60608K) NonClass: 52574K(52864K)->52574K(52864K) Class: 7455K(7744K)->7455K(7744K)
[2025-02-21T18:29:15.221+0800][gc          ] GC(10) Pause Young (Mixed) (G1 Evacuation Pause) 267M->41M(512M) 5.585ms
[2025-02-21T18:29:15.221+0800][gc,cpu      ] GC(10) User=0.04s Sys=0.01s Real=0.01s
[2025-02-21T18:29:15.222+0800][gc,start    ] GC(11) Pause Young (Concurrent Start) (Metadata GC Threshold)
[2025-02-21T18:29:15.222+0800][gc,task     ] GC(11) Using 9 workers of 9 for evacuation
[2025-02-21T18:29:15.225+0800][gc,phases   ] GC(11)   Pre Evacuate Collection Set: 0.09ms
[2025-02-21T18:29:15.226+0800][gc,phases   ] GC(11)   Merge Heap Roots: 0.03ms
[2025-02-21T18:29:15.226+0800][gc,phases   ] GC(11)   Evacuate Collection Set: 2.62ms
[2025-02-21T18:29:15.226+0800][gc,phases   ] GC(11)   Post Evacuate Collection Set: 0.22ms
[2025-02-21T18:29:15.226+0800][gc,phases   ] GC(11)   Other: 0.03ms
[2025-02-21T18:29:15.226+0800][gc,heap     ] GC(11) Eden regions: 1->0(240)
[2025-02-21T18:29:15.226+0800][gc,heap     ] GC(11) Survivor regions: 23->16(32)
[2025-02-21T18:29:15.226+0800][gc,heap     ] GC(11) Old regions: 20->25
[2025-02-21T18:29:15.226+0800][gc,heap     ] GC(11) Humongous regions: 0->0
[2025-02-21T18:29:15.226+0800][gc,metaspace] GC(11) Metaspace: 60086K(60608K)->60086K(60608K) NonClass: 52625K(52864K)->52625K(52864K) Class: 7460K(7744K)->7460K(7744K)
[2025-02-21T18:29:15.226+0800][gc          ] GC(11) Pause Young (Concurrent Start) (Metadata GC Threshold) 42M->41M(512M) 3.057ms
[2025-02-21T18:29:15.226+0800][gc          ] GC(12) Concurrent Mark Cycle
[2025-02-21T18:29:15.226+0800][gc,cpu      ] GC(11) User=0.03s Sys=0.00s Real=0.00s
[2025-02-21T18:29:15.226+0800][gc,marking  ] GC(12) Concurrent Scan Root Regions
[2025-02-21T18:29:15.229+0800][gc,marking  ] GC(12) Concurrent Scan Root Regions 3.101ms
[2025-02-21T18:29:15.229+0800][gc,marking  ] GC(12) Concurrent Mark
[2025-02-21T18:29:15.229+0800][gc,marking  ] GC(12) Concurrent Mark From Roots
[2025-02-21T18:29:15.229+0800][gc,task     ] GC(12) Using 2 workers of 2 for marking
[2025-02-21T18:29:15.234+0800][gc,marking  ] GC(12) Concurrent Mark From Roots 5.037ms
[2025-02-21T18:29:15.234+0800][gc,marking  ] GC(12) Concurrent Preclean
[2025-02-21T18:29:15.234+0800][gc,marking  ] GC(12) Concurrent Preclean 0.023ms
[2025-02-21T18:29:15.234+0800][gc,start    ] GC(12) Pause Remark
[2025-02-21T18:29:15.236+0800][gc          ] GC(12) Pause Remark 45M->45M(512M) 1.822ms
[2025-02-21T18:29:15.236+0800][gc,cpu      ] GC(12) User=0.01s Sys=0.00s Real=0.00s
[2025-02-21T18:29:15.236+0800][gc,marking  ] GC(12) Concurrent Mark 6.970ms
[2025-02-21T18:29:15.236+0800][gc,marking  ] GC(12) Concurrent Rebuild Remembered Sets and Scrub Regions
[2025-02-21T18:29:15.239+0800][gc,marking  ] GC(12) Concurrent Rebuild Remembered Sets and Scrub Regions 3.593ms
[2025-02-21T18:29:15.239+0800][gc,start    ] GC(12) Pause Cleanup
[2025-02-21T18:29:15.239+0800][gc          ] GC(12) Pause Cleanup 46M->46M(512M) 0.015ms
[2025-02-21T18:29:15.239+0800][gc,cpu      ] GC(12) User=0.00s Sys=0.00s Real=0.00s
[2025-02-21T18:29:15.239+0800][gc,marking  ] GC(12) Concurrent Clear Claimed Marks
[2025-02-21T18:29:15.239+0800][gc,marking  ] GC(12) Concurrent Clear Claimed Marks 0.015ms
[2025-02-21T18:29:15.239+0800][gc,marking  ] GC(12) Concurrent Cleanup for Next Mark
[2025-02-21T18:29:15.240+0800][gc,marking  ] GC(12) Concurrent Cleanup for Next Mark 0.217ms
[2025-02-21T18:29:15.240+0800][gc          ] GC(12) Concurrent Mark Cycle 14.001ms
[2025-02-21T18:29:15.990+0800][gc,start    ] GC(13) Pause Young (Prepare Mixed) (G1 Evacuation Pause)
[2025-02-21T18:29:15.990+0800][gc,task     ] GC(13) Using 9 workers of 9 for evacuation
[2025-02-21T18:29:15.995+0800][gc,phases   ] GC(13)   Pre Evacuate Collection Set: 0.11ms
[2025-02-21T18:29:15.995+0800][gc,phases   ] GC(13)   Merge Heap Roots: 0.06ms
[2025-02-21T18:29:15.995+0800][gc,phases   ] GC(13)   Evacuate Collection Set: 3.64ms
[2025-02-21T18:29:15.995+0800][gc,phases   ] GC(13)   Post Evacuate Collection Set: 0.38ms
[2025-02-21T18:29:15.995+0800][gc,phases   ] GC(13)   Other: 0.04ms
[2025-02-21T18:29:15.995+0800][gc,heap     ] GC(13) Eden regions: 240->0(225)
[2025-02-21T18:29:15.995+0800][gc,heap     ] GC(13) Survivor regions: 16->31(32)
[2025-02-21T18:29:15.995+0800][gc,heap     ] GC(13) Old regions: 25->25
[2025-02-21T18:29:15.995+0800][gc,heap     ] GC(13) Humongous regions: 0->0
[2025-02-21T18:29:15.995+0800][gc,metaspace] GC(13) Metaspace: 69360K(69952K)->69360K(69952K) NonClass: 60702K(61056K)->60702K(61056K) Class: 8657K(8896K)->8657K(8896K)
[2025-02-21T18:29:15.995+0800][gc          ] GC(13) Pause Young (Prepare Mixed) (G1 Evacuation Pause) 281M->56M(512M) 4.323ms
[2025-02-21T18:29:15.995+0800][gc,cpu      ] GC(13) User=0.03s Sys=0.00s Real=0.00s
[2025-02-21T18:29:18.839+0800][gc,start    ] GC(14) Pause Young (Mixed) (G1 Evacuation Pause)
[2025-02-21T18:29:18.839+0800][gc,task     ] GC(14) Using 9 workers of 9 for evacuation
[2025-02-21T18:29:18.859+0800][gc,phases   ] GC(14)   Pre Evacuate Collection Set: 0.31ms
[2025-02-21T18:29:18.859+0800][gc,phases   ] GC(14)   Merge Heap Roots: 0.18ms
[2025-02-21T18:29:18.859+0800][gc,phases   ] GC(14)   Evacuate Collection Set: 17.61ms
[2025-02-21T18:29:18.859+0800][gc,phases   ] GC(14)   Post Evacuate Collection Set: 1.89ms
[2025-02-21T18:29:18.859+0800][gc,phases   ] GC(14)   Other: 0.16ms
[2025-02-21T18:29:18.859+0800][gc,heap     ] GC(14) Eden regions: 225->0(234)
[2025-02-21T18:29:18.859+0800][gc,heap     ] GC(14) Survivor regions: 31->22(32)
[2025-02-21T18:29:18.859+0800][gc,heap     ] GC(14) Old regions: 25->40
[2025-02-21T18:29:18.859+0800][gc,heap     ] GC(14) Humongous regions: 0->0
[2025-02-21T18:29:18.859+0800][gc,metaspace] GC(14) Metaspace: 73649K(74368K)->73649K(74368K) NonClass: 64335K(64704K)->64335K(64704K) Class: 9313K(9664K)->9313K(9664K)
[2025-02-21T18:29:18.860+0800][gc          ] GC(14) Pause Young (Mixed) (G1 Evacuation Pause) 281M->61M(512M) 20.503ms
[2025-02-21T18:29:18.860+0800][gc,cpu      ] GC(14) User=0.08s Sys=0.01s Real=0.03s
[2025-02-21T18:29:49.530+0800][gc,start    ] GC(15) Pause Young (Concurrent Start) (G1 Humongous Allocation)
[2025-02-21T18:29:49.530+0800][gc,task     ] GC(15) Using 9 workers of 9 for evacuation
[2025-02-21T18:29:49.537+0800][gc,phases   ] GC(15)   Pre Evacuate Collection Set: 0.16ms
[2025-02-21T18:29:49.537+0800][gc,phases   ] GC(15)   Merge Heap Roots: 0.07ms
[2025-02-21T18:29:49.537+0800][gc,phases   ] GC(15)   Evacuate Collection Set: 5.86ms
[2025-02-21T18:29:49.537+0800][gc,phases   ] GC(15)   Post Evacuate Collection Set: 0.24ms
[2025-02-21T18:29:49.537+0800][gc,phases   ] GC(15)   Other: 0.07ms
[2025-02-21T18:29:49.537+0800][gc,heap     ] GC(15) Eden regions: 54->0(247)
[2025-02-21T18:29:49.537+0800][gc,heap     ] GC(15) Survivor regions: 22->9(32)
[2025-02-21T18:29:49.537+0800][gc,heap     ] GC(15) Old regions: 40->56
[2025-02-21T18:29:49.537+0800][gc,heap     ] GC(15) Humongous regions: 0->0
[2025-02-21T18:29:49.537+0800][gc,metaspace] GC(15) Metaspace: 74545K(75200K)->74545K(75200K) NonClass: 65180K(65536K)->65180K(65536K) Class: 9365K(9664K)->9365K(9664K)
[2025-02-21T18:29:49.537+0800][gc          ] GC(15) Pause Young (Concurrent Start) (G1 Humongous Allocation) 114M->64M(512M) 6.758ms
[2025-02-21T18:29:49.537+0800][gc          ] GC(16) Concurrent Mark Cycle
[2025-02-21T18:29:49.537+0800][gc,marking  ] GC(16) Concurrent Scan Root Regions
[2025-02-21T18:29:49.537+0800][gc,cpu      ] GC(15) User=0.04s Sys=0.00s Real=0.00s
[2025-02-21T18:29:49.541+0800][gc,marking  ] GC(16) Concurrent Scan Root Regions 4.382ms
[2025-02-21T18:29:49.541+0800][gc,marking  ] GC(16) Concurrent Mark
[2025-02-21T18:29:49.541+0800][gc,marking  ] GC(16) Concurrent Mark From Roots
[2025-02-21T18:29:49.541+0800][gc,task     ] GC(16) Using 2 workers of 2 for marking
[2025-02-21T18:29:49.551+0800][gc,marking  ] GC(16) Concurrent Mark From Roots 9.867ms
[2025-02-21T18:29:49.551+0800][gc,marking  ] GC(16) Concurrent Preclean
[2025-02-21T18:29:49.551+0800][gc,marking  ] GC(16) Concurrent Preclean 0.037ms
[2025-02-21T18:29:49.551+0800][gc,start    ] GC(16) Pause Remark
[2025-02-21T18:29:49.554+0800][gc          ] GC(16) Pause Remark 71M->71M(512M) 2.377ms
[2025-02-21T18:29:49.554+0800][gc,cpu      ] GC(16) User=0.02s Sys=0.00s Real=0.00s
[2025-02-21T18:29:49.554+0800][gc,marking  ] GC(16) Concurrent Mark 12.475ms
[2025-02-21T18:29:49.554+0800][gc,marking  ] GC(16) Concurrent Rebuild Remembered Sets and Scrub Regions
[2025-02-21T18:29:49.561+0800][gc,marking  ] GC(16) Concurrent Rebuild Remembered Sets and Scrub Regions 7.697ms
[2025-02-21T18:29:49.561+0800][gc,start    ] GC(16) Pause Cleanup
[2025-02-21T18:29:49.561+0800][gc          ] GC(16) Pause Cleanup 73M->73M(512M) 0.028ms
[2025-02-21T18:29:49.562+0800][gc,cpu      ] GC(16) User=0.00s Sys=0.00s Real=0.00s
[2025-02-21T18:29:49.562+0800][gc,marking  ] GC(16) Concurrent Clear Claimed Marks
[2025-02-21T18:29:49.562+0800][gc,marking  ] GC(16) Concurrent Clear Claimed Marks 0.035ms
[2025-02-21T18:29:49.562+0800][gc,marking  ] GC(16) Concurrent Cleanup for Next Mark
[2025-02-21T18:29:49.562+0800][gc,marking  ] GC(16) Concurrent Cleanup for Next Mark 0.200ms
[2025-02-21T18:29:49.562+0800][gc          ] GC(16) Concurrent Mark Cycle 25.029ms
[2025-02-21T18:36:07.175+0800][gc,start    ] GC(17) Pause Young (Prepare Mixed) (G1 Evacuation Pause)
[2025-02-21T18:36:07.176+0800][gc,task     ] GC(17) Using 9 workers of 9 for evacuation
[2025-02-21T18:36:07.185+0800][gc,phases   ] GC(17)   Pre Evacuate Collection Set: 0.41ms
[2025-02-21T18:36:07.185+0800][gc,phases   ] GC(17)   Merge Heap Roots: 0.27ms
[2025-02-21T18:36:07.185+0800][gc,phases   ] GC(17)   Evacuate Collection Set: 7.25ms
[2025-02-21T18:36:07.185+0800][gc,phases   ] GC(17)   Post Evacuate Collection Set: 0.73ms
[2025-02-21T18:36:07.185+0800][gc,phases   ] GC(17)   Other: 0.19ms
[2025-02-21T18:36:07.185+0800][gc,heap     ] GC(17) Eden regions: 247->0(245)
[2025-02-21T18:36:07.185+0800][gc,heap     ] GC(17) Survivor regions: 9->11(32)
[2025-02-21T18:36:07.185+0800][gc,heap     ] GC(17) Old regions: 56->56
[2025-02-21T18:36:07.185+0800][gc,heap     ] GC(17) Humongous regions: 10->10
[2025-02-21T18:36:07.185+0800][gc,metaspace] GC(17) Metaspace: 78618K(79296K)->78618K(79296K) NonClass: 68879K(69248K)->68879K(69248K) Class: 9739K(10048K)->9739K(10048K)
[2025-02-21T18:36:07.185+0800][gc          ] GC(17) Pause Young (Prepare Mixed) (G1 Evacuation Pause) 321M->75M(512M) 10.182ms
[2025-02-21T18:36:07.185+0800][gc,cpu      ] GC(17) User=0.05s Sys=0.01s Real=0.01s
[2025-02-21T19:18:49.782+0800][gc,start    ] GC(18) Pause Young (Mixed) (G1 Evacuation Pause)
[2025-02-21T19:18:49.783+0800][gc,task     ] GC(18) Using 9 workers of 9 for evacuation
[2025-02-21T19:18:49.797+0800][gc,phases   ] GC(18)   Pre Evacuate Collection Set: 0.84ms
[2025-02-21T19:18:49.797+0800][gc,phases   ] GC(18)   Merge Heap Roots: 0.36ms
[2025-02-21T19:18:49.797+0800][gc,phases   ] GC(18)   Evacuate Collection Set: 12.02ms
[2025-02-21T19:18:49.797+0800][gc,phases   ] GC(18)   Post Evacuate Collection Set: 0.66ms
[2025-02-21T19:18:49.797+0800][gc,phases   ] GC(18)   Other: 0.17ms
[2025-02-21T19:18:49.797+0800][gc,heap     ] GC(18) Eden regions: 245->0(244)
[2025-02-21T19:18:49.797+0800][gc,heap     ] GC(18) Survivor regions: 11->12(32)
[2025-02-21T19:18:49.797+0800][gc,heap     ] GC(18) Old regions: 56->55
[2025-02-21T19:18:49.797+0800][gc,heap     ] GC(18) Humongous regions: 10->10
[2025-02-21T19:18:49.797+0800][gc,metaspace] GC(18) Metaspace: 80614K(81344K)->80614K(81344K) NonClass: 70769K(71168K)->70769K(71168K) Class: 9844K(10176K)->9844K(10176K)
[2025-02-21T19:18:49.797+0800][gc          ] GC(18) Pause Young (Mixed) (G1 Evacuation Pause) 320M->76M(512M) 15.266ms
[2025-02-21T19:18:49.797+0800][gc,cpu      ] GC(18) User=0.05s Sys=0.03s Real=0.01s
[2025-02-21T20:03:55.515+0800][gc,start    ] GC(19) Pause Young (Mixed) (G1 Evacuation Pause)
[2025-02-21T20:03:55.516+0800][gc,task     ] GC(19) Using 9 workers of 9 for evacuation
[2025-02-21T20:03:55.533+0800][gc,phases   ] GC(19)   Pre Evacuate Collection Set: 0.95ms
[2025-02-21T20:03:55.533+0800][gc,phases   ] GC(19)   Merge Heap Roots: 0.39ms
[2025-02-21T20:03:55.533+0800][gc,phases   ] GC(19)   Evacuate Collection Set: 14.06ms
[2025-02-21T20:03:55.533+0800][gc,phases   ] GC(19)   Post Evacuate Collection Set: 1.17ms
[2025-02-21T20:03:55.533+0800][gc,phases   ] GC(19)   Other: 0.30ms
[2025-02-21T20:03:55.533+0800][gc,heap     ] GC(19) Eden regions: 244->0(243)
[2025-02-21T20:03:55.533+0800][gc,heap     ] GC(19) Survivor regions: 12->13(32)
[2025-02-21T20:03:55.533+0800][gc,heap     ] GC(19) Old regions: 55->54
[2025-02-21T20:03:55.533+0800][gc,heap     ] GC(19) Humongous regions: 10->10
[2025-02-21T20:03:55.533+0800][gc,metaspace] GC(19) Metaspace: 81914K(82624K)->81914K(82624K) NonClass: 72034K(72448K)->72034K(72448K) Class: 9880K(10176K)->9880K(10176K)
[2025-02-21T20:03:55.533+0800][gc          ] GC(19) Pause Young (Mixed) (G1 Evacuation Pause) 320M->75M(512M) 18.313ms
[2025-02-21T20:03:55.533+0800][gc,cpu      ] GC(19) User=0.05s Sys=0.04s Real=0.02s
[2025-02-21T21:19:21.825+0800][gc,start    ] GC(20) Pause Young (Mixed) (G1 Evacuation Pause)
[2025-02-21T21:19:21.826+0800][gc,task     ] GC(20) Using 9 workers of 9 for evacuation
[2025-02-21T21:19:21.845+0800][gc,phases   ] GC(20)   Pre Evacuate Collection Set: 0.83ms
[2025-02-21T21:19:21.845+0800][gc,phases   ] GC(20)   Merge Heap Roots: 0.37ms
[2025-02-21T21:19:21.845+0800][gc,phases   ] GC(20)   Evacuate Collection Set: 16.44ms
[2025-02-21T21:19:21.845+0800][gc,phases   ] GC(20)   Post Evacuate Collection Set: 0.95ms
[2025-02-21T21:19:21.845+0800][gc,phases   ] GC(20)   Other: 0.20ms
[2025-02-21T21:19:21.845+0800][gc,heap     ] GC(20) Eden regions: 243->0(243)
[2025-02-21T21:19:21.845+0800][gc,heap     ] GC(20) Survivor regions: 13->13(32)
[2025-02-21T21:19:21.845+0800][gc,heap     ] GC(20) Old regions: 54->54
[2025-02-21T21:19:21.845+0800][gc,heap     ] GC(20) Humongous regions: 10->10
[2025-02-21T21:19:21.845+0800][gc,metaspace] GC(20) Metaspace: 82098K(82752K)->82098K(82752K) NonClass: 72218K(72576K)->72218K(72576K) Class: 9880K(10176K)->9880K(10176K)
[2025-02-21T21:19:21.845+0800][gc          ] GC(20) Pause Young (Mixed) (G1 Evacuation Pause) 318M->75M(512M) 20.089ms
[2025-02-21T21:19:21.845+0800][gc,cpu      ] GC(20) User=0.05s Sys=0.05s Real=0.02s
[2025-02-21T22:53:12.914+0800][gc,start    ] GC(21) Pause Young (Concurrent Start) (G1 Evacuation Pause)
[2025-02-21T22:53:12.915+0800][gc,task     ] GC(21) Using 9 workers of 9 for evacuation
[2025-02-21T22:53:12.926+0800][gc,phases   ] GC(21)   Pre Evacuate Collection Set: 0.52ms
[2025-02-21T22:53:12.926+0800][gc,phases   ] GC(21)   Merge Heap Roots: 0.30ms
[2025-02-21T22:53:12.926+0800][gc,phases   ] GC(21)   Evacuate Collection Set: 8.84ms
[2025-02-21T22:53:12.926+0800][gc,phases   ] GC(21)   Post Evacuate Collection Set: 0.75ms
[2025-02-21T22:53:12.926+0800][gc,phases   ] GC(21)   Other: 0.20ms
[2025-02-21T22:53:12.926+0800][gc,heap     ] GC(21) Eden regions: 243->0(244)
[2025-02-21T22:53:12.926+0800][gc,heap     ] GC(21) Survivor regions: 13->12(32)
[2025-02-21T22:53:12.926+0800][gc,heap     ] GC(21) Old regions: 54->54
[2025-02-21T22:53:12.926+0800][gc,heap     ] GC(21) Humongous regions: 10->10
[2025-02-21T22:53:12.926+0800][gc,metaspace] GC(21) Metaspace: 82163K(82816K)->82163K(82816K) NonClass: 72282K(72640K)->72282K(72640K) Class: 9880K(10176K)->9880K(10176K)
[2025-02-21T22:53:12.926+0800][gc          ] GC(21) Pause Young (Concurrent Start) (G1 Evacuation Pause) 318M->75M(512M) 11.868ms
[2025-02-21T22:53:12.926+0800][gc          ] GC(22) Concurrent Mark Cycle
[2025-02-21T22:53:12.926+0800][gc,marking  ] GC(22) Concurrent Scan Root Regions
[2025-02-21T22:53:12.926+0800][gc,cpu      ] GC(21) User=0.05s Sys=0.00s Real=0.01s
[2025-02-21T22:53:12.931+0800][gc,marking  ] GC(22) Concurrent Scan Root Regions 5.156ms
[2025-02-21T22:53:12.931+0800][gc,marking  ] GC(22) Concurrent Mark
[2025-02-21T22:53:12.931+0800][gc,marking  ] GC(22) Concurrent Mark From Roots
[2025-02-21T22:53:12.931+0800][gc,task     ] GC(22) Using 2 workers of 2 for marking
[2025-02-21T22:53:12.957+0800][gc,marking  ] GC(22) Concurrent Mark From Roots 25.926ms
[2025-02-21T22:53:12.957+0800][gc,marking  ] GC(22) Concurrent Preclean
[2025-02-21T22:53:12.957+0800][gc,marking  ] GC(22) Concurrent Preclean 0.246ms
[2025-02-21T22:53:12.957+0800][gc,start    ] GC(22) Pause Remark
[2025-02-21T22:53:12.973+0800][gc          ] GC(22) Pause Remark 75M->75M(512M) 15.393ms
[2025-02-21T22:53:12.973+0800][gc,cpu      ] GC(22) User=0.04s Sys=0.06s Real=0.02s
[2025-02-21T22:53:12.973+0800][gc,marking  ] GC(22) Concurrent Mark 41.827ms
[2025-02-21T22:53:12.973+0800][gc,marking  ] GC(22) Concurrent Rebuild Remembered Sets and Scrub Regions
[2025-02-21T22:53:12.981+0800][gc,marking  ] GC(22) Concurrent Rebuild Remembered Sets and Scrub Regions 7.885ms
[2025-02-21T22:53:12.981+0800][gc,start    ] GC(22) Pause Cleanup
[2025-02-21T22:53:12.981+0800][gc          ] GC(22) Pause Cleanup 75M->75M(512M) 0.019ms
[2025-02-21T22:53:12.981+0800][gc,cpu      ] GC(22) User=0.00s Sys=0.00s Real=0.00s
[2025-02-21T22:53:12.981+0800][gc,marking  ] GC(22) Concurrent Clear Claimed Marks
[2025-02-21T22:53:12.981+0800][gc,marking  ] GC(22) Concurrent Clear Claimed Marks 0.033ms
[2025-02-21T22:53:12.981+0800][gc,marking  ] GC(22) Concurrent Cleanup for Next Mark
[2025-02-21T22:53:12.981+0800][gc,marking  ] GC(22) Concurrent Cleanup for Next Mark 0.440ms
[2025-02-21T22:53:12.981+0800][gc          ] GC(22) Concurrent Mark Cycle 55.582ms
[2025-02-22T00:38:15.186+0800][gc,start    ] GC(23) Pause Young (Prepare Mixed) (G1 Evacuation Pause)
[2025-02-22T00:38:15.187+0800][gc,task     ] GC(23) Using 9 workers of 9 for evacuation
[2025-02-22T00:38:15.198+0800][gc,phases   ] GC(23)   Pre Evacuate Collection Set: 0.53ms
[2025-02-22T00:38:15.198+0800][gc,phases   ] GC(23)   Merge Heap Roots: 0.29ms
[2025-02-22T00:38:15.198+0800][gc,phases   ] GC(23)   Evacuate Collection Set: 9.83ms
[2025-02-22T00:38:15.198+0800][gc,phases   ] GC(23)   Post Evacuate Collection Set: 0.66ms
[2025-02-22T00:38:15.198+0800][gc,phases   ] GC(23)   Other: 0.15ms
[2025-02-22T00:38:15.198+0800][gc,heap     ] GC(23) Eden regions: 244->0(243)
[2025-02-22T00:38:15.198+0800][gc,heap     ] GC(23) Survivor regions: 12->13(32)
[2025-02-22T00:38:15.198+0800][gc,heap     ] GC(23) Old regions: 54->54
[2025-02-22T00:38:15.198+0800][gc,heap     ] GC(23) Humongous regions: 10->10
[2025-02-22T00:38:15.198+0800][gc,metaspace] GC(23) Metaspace: 82027K(82880K)->82027K(82880K) NonClass: 72214K(72704K)->72214K(72704K) Class: 9813K(10176K)->9813K(10176K)
[2025-02-22T00:38:15.198+0800][gc          ] GC(23) Pause Young (Prepare Mixed) (G1 Evacuation Pause) 319M->75M(512M) 12.700ms
[2025-02-22T00:38:15.198+0800][gc,cpu      ] GC(23) User=0.06s Sys=0.01s Real=0.01s
[2025-02-22T02:45:12.272+0800][gc,start    ] GC(24) Pause Young (Mixed) (G1 Evacuation Pause)
[2025-02-22T02:45:12.273+0800][gc,task     ] GC(24) Using 9 workers of 9 for evacuation
[2025-02-22T02:45:12.284+0800][gc,phases   ] GC(24)   Pre Evacuate Collection Set: 0.35ms
[2025-02-22T02:45:12.284+0800][gc,phases   ] GC(24)   Merge Heap Roots: 0.12ms
[2025-02-22T02:45:12.284+0800][gc,phases   ] GC(24)   Evacuate Collection Set: 9.45ms
[2025-02-22T02:45:12.284+0800][gc,phases   ] GC(24)   Post Evacuate Collection Set: 0.78ms
[2025-02-22T02:45:12.284+0800][gc,phases   ] GC(24)   Other: 0.17ms
[2025-02-22T02:45:12.284+0800][gc,heap     ] GC(24) Eden regions: 243->0(244)
[2025-02-22T02:45:12.284+0800][gc,heap     ] GC(24) Survivor regions: 13->12(32)
[2025-02-22T02:45:12.284+0800][gc,heap     ] GC(24) Old regions: 54->53
[2025-02-22T02:45:12.284+0800][gc,heap     ] GC(24) Humongous regions: 10->10
[2025-02-22T02:45:12.284+0800][gc,metaspace] GC(24) Metaspace: 82059K(82880K)->82059K(82880K) NonClass: 72244K(72704K)->72244K(72704K) Class: 9814K(10176K)->9814K(10176K)
[2025-02-22T02:45:12.284+0800][gc          ] GC(24) Pause Young (Mixed) (G1 Evacuation Pause) 318M->74M(512M) 12.118ms
[2025-02-22T02:45:12.285+0800][gc,cpu      ] GC(24) User=0.05s Sys=0.01s Real=0.01s
[2025-02-22T03:45:43.978+0800][gc,start    ] GC(25) Pause Young (Mixed) (G1 Evacuation Pause)
[2025-02-22T03:45:43.979+0800][gc,task     ] GC(25) Using 9 workers of 9 for evacuation
[2025-02-22T03:45:43.992+0800][gc,phases   ] GC(25)   Pre Evacuate Collection Set: 0.48ms
[2025-02-22T03:45:43.992+0800][gc,phases   ] GC(25)   Merge Heap Roots: 0.26ms
[2025-02-22T03:45:43.992+0800][gc,phases   ] GC(25)   Evacuate Collection Set: 10.88ms
[2025-02-22T03:45:43.992+0800][gc,phases   ] GC(25)   Post Evacuate Collection Set: 0.72ms
[2025-02-22T03:45:43.992+0800][gc,phases   ] GC(25)   Other: 0.19ms
[2025-02-22T03:45:43.992+0800][gc,heap     ] GC(25) Eden regions: 244->0(244)
[2025-02-22T03:45:43.992+0800][gc,heap     ] GC(25) Survivor regions: 12->12(32)
[2025-02-22T03:45:43.992+0800][gc,heap     ] GC(25) Old regions: 53->52
[2025-02-22T03:45:43.992+0800][gc,heap     ] GC(25) Humongous regions: 10->10
[2025-02-22T03:45:43.992+0800][gc,metaspace] GC(25) Metaspace: 82099K(82880K)->82099K(82880K) NonClass: 72284K(72704K)->72284K(72704K) Class: 9814K(10176K)->9814K(10176K)
[2025-02-22T03:45:43.992+0800][gc          ] GC(25) Pause Young (Mixed) (G1 Evacuation Pause) 318M->73M(512M) 13.674ms
[2025-02-22T03:45:43.992+0800][gc,cpu      ] GC(25) User=0.07s Sys=0.01s Real=0.02s
[2025-02-22T07:59:45.803+0800][gc,start    ] GC(26) Pause Young (Mixed) (G1 Evacuation Pause)
[2025-02-22T07:59:45.804+0800][gc,task     ] GC(26) Using 9 workers of 9 for evacuation
[2025-02-22T07:59:45.814+0800][gc,phases   ] GC(26)   Pre Evacuate Collection Set: 0.43ms
[2025-02-22T07:59:45.814+0800][gc,phases   ] GC(26)   Merge Heap Roots: 0.20ms
[2025-02-22T07:59:45.814+0800][gc,phases   ] GC(26)   Evacuate Collection Set: 8.52ms
[2025-02-22T07:59:45.814+0800][gc,phases   ] GC(26)   Post Evacuate Collection Set: 0.80ms
[2025-02-22T07:59:45.814+0800][gc,phases   ] GC(26)   Other: 0.18ms
[2025-02-22T07:59:45.814+0800][gc,heap     ] GC(26) Eden regions: 244->0(244)
[2025-02-22T07:59:45.814+0800][gc,heap     ] GC(26) Survivor regions: 12->12(32)
[2025-02-22T07:59:45.814+0800][gc,heap     ] GC(26) Old regions: 52->52
[2025-02-22T07:59:45.814+0800][gc,heap     ] GC(26) Humongous regions: 10->10
[2025-02-22T07:59:45.814+0800][gc,metaspace] GC(26) Metaspace: 82147K(82944K)->82147K(82944K) NonClass: 72333K(72768K)->72333K(72768K) Class: 9814K(10176K)->9814K(10176K)
[2025-02-22T07:59:45.814+0800][gc          ] GC(26) Pause Young (Mixed) (G1 Evacuation Pause) 317M->73M(512M) 11.433ms
[2025-02-22T07:59:45.815+0800][gc,cpu      ] GC(26) User=0.05s Sys=0.00s Real=0.01s
[2025-02-22T09:15:45.317+0800][gc,start    ] GC(27) Pause Young (Mixed) (G1 Evacuation Pause)
[2025-02-22T09:15:45.318+0800][gc,task     ] GC(27) Using 9 workers of 9 for evacuation
[2025-02-22T09:15:45.332+0800][gc,phases   ] GC(27)   Pre Evacuate Collection Set: 0.64ms
[2025-02-22T09:15:45.332+0800][gc,phases   ] GC(27)   Merge Heap Roots: 0.26ms
[2025-02-22T09:15:45.332+0800][gc,phases   ] GC(27)   Evacuate Collection Set: 12.67ms
[2025-02-22T09:15:45.332+0800][gc,phases   ] GC(27)   Post Evacuate Collection Set: 1.01ms
[2025-02-22T09:15:45.332+0800][gc,phases   ] GC(27)   Other: 0.19ms
[2025-02-22T09:15:45.333+0800][gc,heap     ] GC(27) Eden regions: 244->0(243)
[2025-02-22T09:15:45.333+0800][gc,heap     ] GC(27) Survivor regions: 12->13(32)
[2025-02-22T09:15:45.333+0800][gc,heap     ] GC(27) Old regions: 52->51
[2025-02-22T09:15:45.333+0800][gc,heap     ] GC(27) Humongous regions: 10->10
[2025-02-22T09:15:45.333+0800][gc,metaspace] GC(27) Metaspace: 82160K(82944K)->82160K(82944K) NonClass: 72345K(72768K)->72345K(72768K) Class: 9814K(10176K)->9814K(10176K)
[2025-02-22T09:15:45.333+0800][gc          ] GC(27) Pause Young (Mixed) (G1 Evacuation Pause) 317M->72M(512M) 16.056ms
[2025-02-22T09:15:45.333+0800][gc,cpu      ] GC(27) User=0.06s Sys=0.03s Real=0.02s
[2025-02-22T10:17:41.676+0800][gc,start    ] GC(28) Pause Young (Concurrent Start) (G1 Evacuation Pause)
[2025-02-22T10:17:41.678+0800][gc,task     ] GC(28) Using 9 workers of 9 for evacuation
[2025-02-22T10:17:41.693+0800][gc,phases   ] GC(28)   Pre Evacuate Collection Set: 1.08ms
[2025-02-22T10:17:41.693+0800][gc,phases   ] GC(28)   Merge Heap Roots: 0.32ms
[2025-02-22T10:17:41.694+0800][gc,phases   ] GC(28)   Evacuate Collection Set: 13.10ms
[2025-02-22T10:17:41.694+0800][gc,phases   ] GC(28)   Post Evacuate Collection Set: 1.10ms
[2025-02-22T10:17:41.694+0800][gc,phases   ] GC(28)   Other: 0.19ms
[2025-02-22T10:17:41.694+0800][gc,heap     ] GC(28) Eden regions: 243->0(243)
[2025-02-22T10:17:41.694+0800][gc,heap     ] GC(28) Survivor regions: 13->13(32)
[2025-02-22T10:17:41.694+0800][gc,heap     ] GC(28) Old regions: 51->51
[2025-02-22T10:17:41.694+0800][gc,heap     ] GC(28) Humongous regions: 10->10
[2025-02-22T10:17:41.694+0800][gc,metaspace] GC(28) Metaspace: 82259K(82944K)->82259K(82944K) NonClass: 72444K(72768K)->72444K(72768K) Class: 9815K(10176K)->9815K(10176K)
[2025-02-22T10:17:41.694+0800][gc          ] GC(28) Pause Young (Concurrent Start) (G1 Evacuation Pause) 315M->73M(512M) 17.304ms
[2025-02-22T10:17:41.694+0800][gc          ] GC(29) Concurrent Mark Cycle
[2025-02-22T10:17:41.694+0800][gc,marking  ] GC(29) Concurrent Scan Root Regions
[2025-02-22T10:17:41.694+0800][gc,cpu      ] GC(28) User=0.06s Sys=0.02s Real=0.02s
[2025-02-22T10:17:41.700+0800][gc,marking  ] GC(29) Concurrent Scan Root Regions 6.679ms
[2025-02-22T10:17:41.701+0800][gc,marking  ] GC(29) Concurrent Mark
[2025-02-22T10:17:41.701+0800][gc,marking  ] GC(29) Concurrent Mark From Roots
[2025-02-22T10:17:41.701+0800][gc,task     ] GC(29) Using 2 workers of 2 for marking
[2025-02-22T10:17:41.727+0800][gc,marking  ] GC(29) Concurrent Mark From Roots 26.282ms
[2025-02-22T10:17:41.727+0800][gc,marking  ] GC(29) Concurrent Preclean
[2025-02-22T10:17:41.727+0800][gc,marking  ] GC(29) Concurrent Preclean 0.045ms
[2025-02-22T10:17:41.727+0800][gc,start    ] GC(29) Pause Remark
[2025-02-22T10:17:41.735+0800][gc          ] GC(29) Pause Remark 73M->73M(512M) 8.248ms
[2025-02-22T10:17:41.735+0800][gc,cpu      ] GC(29) User=0.03s Sys=0.02s Real=0.01s
[2025-02-22T10:17:41.735+0800][gc,marking  ] GC(29) Concurrent Mark 34.800ms
[2025-02-22T10:17:41.735+0800][gc,marking  ] GC(29) Concurrent Rebuild Remembered Sets and Scrub Regions
[2025-02-22T10:17:41.744+0800][gc,marking  ] GC(29) Concurrent Rebuild Remembered Sets and Scrub Regions 8.170ms
[2025-02-22T10:17:41.744+0800][gc,start    ] GC(29) Pause Cleanup
[2025-02-22T10:17:41.744+0800][gc          ] GC(29) Pause Cleanup 73M->73M(512M) 0.017ms
[2025-02-22T10:17:41.744+0800][gc,cpu      ] GC(29) User=0.00s Sys=0.00s Real=0.00s
[2025-02-22T10:17:41.744+0800][gc,marking  ] GC(29) Concurrent Clear Claimed Marks
[2025-02-22T10:17:41.744+0800][gc,marking  ] GC(29) Concurrent Clear Claimed Marks 0.044ms
[2025-02-22T10:17:41.744+0800][gc,marking  ] GC(29) Concurrent Cleanup for Next Mark
[2025-02-22T10:17:41.744+0800][gc,marking  ] GC(29) Concurrent Cleanup for Next Mark 0.682ms
[2025-02-22T10:17:41.744+0800][gc          ] GC(29) Concurrent Mark Cycle 50.615ms
[2025-02-22T10:46:06.824+0800][gc,heap,exit] Heap
[2025-02-22T10:46:06.824+0800][gc,heap,exit]  garbage-first heap   total reserved 524288K, committed 524288K, used 239851K [0x00000007e0000000, 0x0000000800000000)
[2025-02-22T10:46:06.824+0800][gc,heap,exit]   region size 1024K, 174 young (178176K), 13 survivors (13312K)
[2025-02-22T10:46:06.824+0800][gc,heap,exit]  Metaspace       used 82615K, committed 83264K, reserved 1179648K
[2025-02-22T10:46:06.824+0800][gc,heap,exit]   class space    used 9872K, committed 10240K, reserved 1048576K
