[2025-02-20T17:45:57.505+0800][gc,init] CardTable entry size: 512
[2025-02-20T17:45:57.505+0800][gc     ] Using G1
[2025-02-20T17:45:57.505+0800][gc,init] Version: 23.0.2+7-58 (release)
[2025-02-20T17:45:57.505+0800][gc,init] CPUs: 10 total, 10 available
[2025-02-20T17:45:57.505+0800][gc,init] Memory: 16384M
[2025-02-20T17:45:57.505+0800][gc,init] Large Page Support: Disabled
[2025-02-20T17:45:57.505+0800][gc,init] NUMA Support: Disabled
[2025-02-20T17:45:57.505+0800][gc,init] Compressed Oops: Enabled (Zero based)
[2025-02-20T17:45:57.505+0800][gc,init] Heap Region Size: 1M
[2025-02-20T17:45:57.505+0800][gc,init] Heap Min Capacity: 512M
[2025-02-20T17:45:57.505+0800][gc,init] Heap Initial Capacity: 512M
[2025-02-20T17:45:57.505+0800][gc,init] Heap Max Capacity: 512M
[2025-02-20T17:45:57.505+0800][gc,init] Pre-touch: Disabled
[2025-02-20T17:45:57.505+0800][gc,init] Parallel Workers: 9
[2025-02-20T17:45:57.505+0800][gc,init] Concurrent Workers: 2
[2025-02-20T17:45:57.505+0800][gc,init] Concurrent Refinement Workers: 9
[2025-02-20T17:45:57.505+0800][gc,init] Periodic GC: Disabled
[2025-02-20T17:45:57.508+0800][gc,metaspace] CDS archive(s) mapped at: [0x000003e000000000-0x000003e000d94000-0x000003e000d94000), size 14237696, SharedBaseAddress: 0x000003e000000000, ArchiveRelocationMode: 1.
[2025-02-20T17:45:57.508+0800][gc,metaspace] Compressed class space mapped at: 0x000003e001000000-0x000003e041000000, reserved size: 1073741824
[2025-02-20T17:45:57.508+0800][gc,metaspace] Narrow klass base: 0x000003e000000000, Narrow klass shift: 0, Narrow klass range: 0x100000000
[2025-02-20T17:45:58.055+0800][gc,start    ] GC(0) Pause Young (Normal) (G1 Evacuation Pause)
[2025-02-20T17:45:58.055+0800][gc,task     ] GC(0) Using 9 workers of 9 for evacuation
[2025-02-20T17:45:58.058+0800][gc,phases   ] GC(0)   Pre Evacuate Collection Set: 0.08ms
[2025-02-20T17:45:58.058+0800][gc,phases   ] GC(0)   Merge Heap Roots: 0.23ms
[2025-02-20T17:45:58.058+0800][gc,phases   ] GC(0)   Evacuate Collection Set: 1.89ms
[2025-02-20T17:45:58.058+0800][gc,phases   ] GC(0)   Post Evacuate Collection Set: 0.25ms
[2025-02-20T17:45:58.058+0800][gc,phases   ] GC(0)   Other: 0.37ms
[2025-02-20T17:45:58.058+0800][gc,heap     ] GC(0) Eden regions: 256->0(249)
[2025-02-20T17:45:58.058+0800][gc,heap     ] GC(0) Survivor regions: 0->7(32)
[2025-02-20T17:45:58.058+0800][gc,heap     ] GC(0) Old regions: 2->2
[2025-02-20T17:45:58.058+0800][gc,heap     ] GC(0) Humongous regions: 3->0
[2025-02-20T17:45:58.058+0800][gc,metaspace] GC(0) Metaspace: 11694K(11968K)->11694K(11968K) NonClass: 10270K(10432K)->10270K(10432K) Class: 1423K(1536K)->1423K(1536K)
[2025-02-20T17:45:58.058+0800][gc          ] GC(0) Pause Young (Normal) (G1 Evacuation Pause) 260M->7M(512M) 3.006ms
[2025-02-20T17:45:58.058+0800][gc,cpu      ] GC(0) User=0.01s Sys=0.01s Real=0.00s
[2025-02-20T17:45:58.330+0800][gc,start    ] GC(1) Pause Young (Normal) (G1 Evacuation Pause)
[2025-02-20T17:45:58.330+0800][gc,task     ] GC(1) Using 9 workers of 9 for evacuation
[2025-02-20T17:45:58.332+0800][gc,phases   ] GC(1)   Pre Evacuate Collection Set: 0.10ms
[2025-02-20T17:45:58.332+0800][gc,phases   ] GC(1)   Merge Heap Roots: 0.05ms
[2025-02-20T17:45:58.332+0800][gc,phases   ] GC(1)   Evacuate Collection Set: 1.99ms
[2025-02-20T17:45:58.332+0800][gc,phases   ] GC(1)   Post Evacuate Collection Set: 0.25ms
[2025-02-20T17:45:58.332+0800][gc,phases   ] GC(1)   Other: 0.03ms
[2025-02-20T17:45:58.332+0800][gc,heap     ] GC(1) Eden regions: 249->0(244)
[2025-02-20T17:45:58.332+0800][gc,heap     ] GC(1) Survivor regions: 7->12(32)
[2025-02-20T17:45:58.332+0800][gc,heap     ] GC(1) Old regions: 2->2
[2025-02-20T17:45:58.332+0800][gc,heap     ] GC(1) Humongous regions: 0->0
[2025-02-20T17:45:58.332+0800][gc,metaspace] GC(1) Metaspace: 18943K(19200K)->18943K(19200K) NonClass: 16647K(16768K)->16647K(16768K) Class: 2296K(2432K)->2296K(2432K)
[2025-02-20T17:45:58.332+0800][gc          ] GC(1) Pause Young (Normal) (G1 Evacuation Pause) 256M->12M(512M) 2.532ms
[2025-02-20T17:45:58.332+0800][gc,cpu      ] GC(1) User=0.02s Sys=0.00s Real=0.00s
[2025-02-20T17:45:58.529+0800][gc,start    ] GC(2) Pause Young (Normal) (G1 Evacuation Pause)
[2025-02-20T17:45:58.529+0800][gc,task     ] GC(2) Using 9 workers of 9 for evacuation
[2025-02-20T17:45:58.532+0800][gc,phases   ] GC(2)   Pre Evacuate Collection Set: 0.09ms
[2025-02-20T17:45:58.532+0800][gc,phases   ] GC(2)   Merge Heap Roots: 0.06ms
[2025-02-20T17:45:58.532+0800][gc,phases   ] GC(2)   Evacuate Collection Set: 2.48ms
[2025-02-20T17:45:58.532+0800][gc,phases   ] GC(2)   Post Evacuate Collection Set: 0.36ms
[2025-02-20T17:45:58.532+0800][gc,phases   ] GC(2)   Other: 0.04ms
[2025-02-20T17:45:58.532+0800][gc,heap     ] GC(2) Eden regions: 244->0(239)
[2025-02-20T17:45:58.532+0800][gc,heap     ] GC(2) Survivor regions: 12->17(32)
[2025-02-20T17:45:58.532+0800][gc,heap     ] GC(2) Old regions: 2->2
[2025-02-20T17:45:58.532+0800][gc,heap     ] GC(2) Humongous regions: 0->0
[2025-02-20T17:45:58.532+0800][gc,metaspace] GC(2) Metaspace: 20081K(20416K)->20081K(20416K) NonClass: 17660K(17856K)->17660K(17856K) Class: 2420K(2560K)->2420K(2560K)
[2025-02-20T17:45:58.532+0800][gc          ] GC(2) Pause Young (Normal) (G1 Evacuation Pause) 256M->17M(512M) 3.138ms
[2025-02-20T17:45:58.532+0800][gc,cpu      ] GC(2) User=0.02s Sys=0.00s Real=0.01s
[2025-02-20T17:45:58.576+0800][gc,start    ] GC(3) Pause Young (Concurrent Start) (Metadata GC Threshold)
[2025-02-20T17:45:58.576+0800][gc,task     ] GC(3) Using 9 workers of 9 for evacuation
[2025-02-20T17:45:58.578+0800][gc,phases   ] GC(3)   Pre Evacuate Collection Set: 0.10ms
[2025-02-20T17:45:58.579+0800][gc,phases   ] GC(3)   Merge Heap Roots: 0.03ms
[2025-02-20T17:45:58.579+0800][gc,phases   ] GC(3)   Evacuate Collection Set: 1.85ms
[2025-02-20T17:45:58.579+0800][gc,phases   ] GC(3)   Post Evacuate Collection Set: 0.28ms
[2025-02-20T17:45:58.579+0800][gc,phases   ] GC(3)   Other: 0.04ms
[2025-02-20T17:45:58.579+0800][gc,heap     ] GC(3) Eden regions: 36->0(238)
[2025-02-20T17:45:58.579+0800][gc,heap     ] GC(3) Survivor regions: 17->18(32)
[2025-02-20T17:45:58.579+0800][gc,heap     ] GC(3) Old regions: 2->2
[2025-02-20T17:45:58.579+0800][gc,heap     ] GC(3) Humongous regions: 0->0
[2025-02-20T17:45:58.579+0800][gc,metaspace] GC(3) Metaspace: 21258K(21504K)->21258K(21504K) NonClass: 18706K(18816K)->18706K(18816K) Class: 2551K(2688K)->2551K(2688K)
[2025-02-20T17:45:58.579+0800][gc          ] GC(3) Pause Young (Concurrent Start) (Metadata GC Threshold) 53M->18M(512M) 2.401ms
[2025-02-20T17:45:58.579+0800][gc,cpu      ] GC(3) User=0.02s Sys=0.00s Real=0.00s
[2025-02-20T17:45:58.579+0800][gc          ] GC(4) Concurrent Mark Cycle
[2025-02-20T17:45:58.579+0800][gc,marking  ] GC(4) Concurrent Scan Root Regions
[2025-02-20T17:45:58.580+0800][gc,marking  ] GC(4) Concurrent Scan Root Regions 1.869ms
[2025-02-20T17:45:58.580+0800][gc,marking  ] GC(4) Concurrent Mark
[2025-02-20T17:45:58.580+0800][gc,marking  ] GC(4) Concurrent Mark From Roots
[2025-02-20T17:45:58.580+0800][gc,task     ] GC(4) Using 2 workers of 2 for marking
[2025-02-20T17:45:58.581+0800][gc,marking  ] GC(4) Concurrent Mark From Roots 0.457ms
[2025-02-20T17:45:58.581+0800][gc,marking  ] GC(4) Concurrent Preclean
[2025-02-20T17:45:58.581+0800][gc,marking  ] GC(4) Concurrent Preclean 0.004ms
[2025-02-20T17:45:58.581+0800][gc,start    ] GC(4) Pause Remark
[2025-02-20T17:45:58.582+0800][gc          ] GC(4) Pause Remark 21M->21M(512M) 0.807ms
[2025-02-20T17:45:58.582+0800][gc,cpu      ] GC(4) User=0.01s Sys=0.01s Real=0.00s
[2025-02-20T17:45:58.582+0800][gc,marking  ] GC(4) Concurrent Mark 1.334ms
[2025-02-20T17:45:58.582+0800][gc,marking  ] GC(4) Concurrent Rebuild Remembered Sets and Scrub Regions
[2025-02-20T17:45:58.582+0800][gc,marking  ] GC(4) Concurrent Rebuild Remembered Sets and Scrub Regions 0.228ms
[2025-02-20T17:45:58.582+0800][gc,start    ] GC(4) Pause Cleanup
[2025-02-20T17:45:58.582+0800][gc          ] GC(4) Pause Cleanup 21M->21M(512M) 0.007ms
[2025-02-20T17:45:58.582+0800][gc,cpu      ] GC(4) User=0.00s Sys=0.00s Real=0.00s
[2025-02-20T17:45:58.582+0800][gc,marking  ] GC(4) Concurrent Clear Claimed Marks
[2025-02-20T17:45:58.582+0800][gc,marking  ] GC(4) Concurrent Clear Claimed Marks 0.017ms
[2025-02-20T17:45:58.582+0800][gc,marking  ] GC(4) Concurrent Cleanup for Next Mark
[2025-02-20T17:45:58.583+0800][gc,marking  ] GC(4) Concurrent Cleanup for Next Mark 0.440ms
[2025-02-20T17:45:58.583+0800][gc          ] GC(4) Concurrent Mark Cycle 3.972ms
[2025-02-20T17:45:58.893+0800][gc,start    ] GC(5) Pause Young (Prepare Mixed) (G1 Evacuation Pause)
[2025-02-20T17:45:58.893+0800][gc,task     ] GC(5) Using 9 workers of 9 for evacuation
[2025-02-20T17:45:58.896+0800][gc,phases   ] GC(5)   Pre Evacuate Collection Set: 0.09ms
[2025-02-20T17:45:58.896+0800][gc,phases   ] GC(5)   Merge Heap Roots: 0.06ms
[2025-02-20T17:45:58.896+0800][gc,phases   ] GC(5)   Evacuate Collection Set: 2.61ms
[2025-02-20T17:45:58.896+0800][gc,phases   ] GC(5)   Post Evacuate Collection Set: 0.36ms
[2025-02-20T17:45:58.896+0800][gc,phases   ] GC(5)   Other: 0.04ms
[2025-02-20T17:45:58.896+0800][gc,heap     ] GC(5) Eden regions: 238->0(236)
[2025-02-20T17:45:58.896+0800][gc,heap     ] GC(5) Survivor regions: 18->20(32)
[2025-02-20T17:45:58.896+0800][gc,heap     ] GC(5) Old regions: 2->2
[2025-02-20T17:45:58.896+0800][gc,heap     ] GC(5) Humongous regions: 0->0
[2025-02-20T17:45:58.896+0800][gc,metaspace] GC(5) Metaspace: 26263K(26496K)->26263K(26496K) NonClass: 23036K(23168K)->23036K(23168K) Class: 3226K(3328K)->3226K(3328K)
[2025-02-20T17:45:58.896+0800][gc          ] GC(5) Pause Young (Prepare Mixed) (G1 Evacuation Pause) 256M->21M(512M) 3.270ms
[2025-02-20T17:45:58.896+0800][gc,cpu      ] GC(5) User=0.02s Sys=0.00s Real=0.00s
[2025-02-20T17:45:59.289+0800][gc,start    ] GC(6) Pause Young (Mixed) (Metadata GC Threshold)
[2025-02-20T17:45:59.289+0800][gc,task     ] GC(6) Using 9 workers of 9 for evacuation
[2025-02-20T17:45:59.294+0800][gc,phases   ] GC(6)   Pre Evacuate Collection Set: 0.10ms
[2025-02-20T17:45:59.294+0800][gc,phases   ] GC(6)   Merge Heap Roots: 0.05ms
[2025-02-20T17:45:59.294+0800][gc,phases   ] GC(6)   Evacuate Collection Set: 4.44ms
[2025-02-20T17:45:59.294+0800][gc,phases   ] GC(6)   Post Evacuate Collection Set: 0.46ms
[2025-02-20T17:45:59.294+0800][gc,phases   ] GC(6)   Other: 0.03ms
[2025-02-20T17:45:59.294+0800][gc,heap     ] GC(6) Eden regions: 218->0(237)
[2025-02-20T17:45:59.294+0800][gc,heap     ] GC(6) Survivor regions: 20->19(32)
[2025-02-20T17:45:59.294+0800][gc,heap     ] GC(6) Old regions: 2->8
[2025-02-20T17:45:59.294+0800][gc,heap     ] GC(6) Humongous regions: 0->0
[2025-02-20T17:45:59.294+0800][gc,metaspace] GC(6) Metaspace: 35638K(35968K)->35638K(35968K) NonClass: 31265K(31424K)->31265K(31424K) Class: 4372K(4544K)->4372K(4544K)
[2025-02-20T17:45:59.294+0800][gc          ] GC(6) Pause Young (Mixed) (Metadata GC Threshold) 238M->26M(512M) 5.169ms
[2025-02-20T17:45:59.294+0800][gc,cpu      ] GC(6) User=0.04s Sys=0.01s Real=0.01s
[2025-02-20T17:45:59.307+0800][gc,start    ] GC(7) Pause Young (Concurrent Start) (Metadata GC Threshold)
[2025-02-20T17:45:59.307+0800][gc,task     ] GC(7) Using 9 workers of 9 for evacuation
[2025-02-20T17:45:59.310+0800][gc,phases   ] GC(7)   Pre Evacuate Collection Set: 0.10ms
[2025-02-20T17:45:59.310+0800][gc,phases   ] GC(7)   Merge Heap Roots: 0.03ms
[2025-02-20T17:45:59.310+0800][gc,phases   ] GC(7)   Evacuate Collection Set: 2.13ms
[2025-02-20T17:45:59.310+0800][gc,phases   ] GC(7)   Post Evacuate Collection Set: 0.19ms
[2025-02-20T17:45:59.310+0800][gc,phases   ] GC(7)   Other: 0.03ms
[2025-02-20T17:45:59.310+0800][gc,heap     ] GC(7) Eden regions: 4->0(241)
[2025-02-20T17:45:59.310+0800][gc,heap     ] GC(7) Survivor regions: 19->15(32)
[2025-02-20T17:45:59.310+0800][gc,heap     ] GC(7) Old regions: 8->13
[2025-02-20T17:45:59.310+0800][gc,heap     ] GC(7) Humongous regions: 0->0
[2025-02-20T17:45:59.310+0800][gc,metaspace] GC(7) Metaspace: 35975K(36288K)->35975K(36288K) NonClass: 31555K(31744K)->31555K(31744K) Class: 4419K(4544K)->4419K(4544K)
[2025-02-20T17:45:59.310+0800][gc          ] GC(7) Pause Young (Concurrent Start) (Metadata GC Threshold) 29M->26M(512M) 2.568ms
[2025-02-20T17:45:59.310+0800][gc          ] GC(8) Concurrent Mark Cycle
[2025-02-20T17:45:59.310+0800][gc,cpu      ] GC(7) User=0.02s Sys=0.00s Real=0.01s
[2025-02-20T17:45:59.310+0800][gc,marking  ] GC(8) Concurrent Scan Root Regions
[2025-02-20T17:45:59.312+0800][gc,marking  ] GC(8) Concurrent Scan Root Regions 2.397ms
[2025-02-20T17:45:59.312+0800][gc,marking  ] GC(8) Concurrent Mark
[2025-02-20T17:45:59.312+0800][gc,marking  ] GC(8) Concurrent Mark From Roots
[2025-02-20T17:45:59.312+0800][gc,task     ] GC(8) Using 2 workers of 2 for marking
[2025-02-20T17:45:59.314+0800][gc,marking  ] GC(8) Concurrent Mark From Roots 2.076ms
[2025-02-20T17:45:59.314+0800][gc,marking  ] GC(8) Concurrent Preclean
[2025-02-20T17:45:59.314+0800][gc,marking  ] GC(8) Concurrent Preclean 0.012ms
[2025-02-20T17:45:59.314+0800][gc,start    ] GC(8) Pause Remark
[2025-02-20T17:45:59.316+0800][gc          ] GC(8) Pause Remark 30M->30M(512M) 1.491ms
[2025-02-20T17:45:59.316+0800][gc,cpu      ] GC(8) User=0.01s Sys=0.00s Real=0.00s
[2025-02-20T17:45:59.316+0800][gc,marking  ] GC(8) Concurrent Mark 3.623ms
[2025-02-20T17:45:59.316+0800][gc,marking  ] GC(8) Concurrent Rebuild Remembered Sets and Scrub Regions
[2025-02-20T17:45:59.317+0800][gc,marking  ] GC(8) Concurrent Rebuild Remembered Sets and Scrub Regions 1.534ms
[2025-02-20T17:45:59.317+0800][gc,start    ] GC(8) Pause Cleanup
[2025-02-20T17:45:59.317+0800][gc          ] GC(8) Pause Cleanup 30M->30M(512M) 0.011ms
[2025-02-20T17:45:59.317+0800][gc,cpu      ] GC(8) User=0.00s Sys=0.00s Real=0.00s
[2025-02-20T17:45:59.317+0800][gc,marking  ] GC(8) Concurrent Clear Claimed Marks
[2025-02-20T17:45:59.317+0800][gc,marking  ] GC(8) Concurrent Clear Claimed Marks 0.007ms
[2025-02-20T17:45:59.317+0800][gc,marking  ] GC(8) Concurrent Cleanup for Next Mark
[2025-02-20T17:45:59.318+0800][gc,marking  ] GC(8) Concurrent Cleanup for Next Mark 0.226ms
[2025-02-20T17:45:59.318+0800][gc          ] GC(8) Concurrent Mark Cycle 7.892ms
[2025-02-20T17:45:59.860+0800][gc,start    ] GC(9) Pause Young (Prepare Mixed) (G1 Evacuation Pause)
[2025-02-20T17:45:59.860+0800][gc,task     ] GC(9) Using 9 workers of 9 for evacuation
[2025-02-20T17:45:59.864+0800][gc,phases   ] GC(9)   Pre Evacuate Collection Set: 0.10ms
[2025-02-20T17:45:59.864+0800][gc,phases   ] GC(9)   Merge Heap Roots: 0.06ms
[2025-02-20T17:45:59.864+0800][gc,phases   ] GC(9)   Evacuate Collection Set: 3.23ms
[2025-02-20T17:45:59.864+0800][gc,phases   ] GC(9)   Post Evacuate Collection Set: 0.45ms
[2025-02-20T17:45:59.864+0800][gc,phases   ] GC(9)   Other: 0.04ms
[2025-02-20T17:45:59.864+0800][gc,heap     ] GC(9) Eden regions: 241->0(232)
[2025-02-20T17:45:59.864+0800][gc,heap     ] GC(9) Survivor regions: 15->24(32)
[2025-02-20T17:45:59.864+0800][gc,heap     ] GC(9) Old regions: 13->13
[2025-02-20T17:45:59.864+0800][gc,heap     ] GC(9) Humongous regions: 0->0
[2025-02-20T17:45:59.864+0800][gc,metaspace] GC(9) Metaspace: 49601K(50048K)->49601K(50048K) NonClass: 43492K(43712K)->43492K(43712K) Class: 6108K(6336K)->6108K(6336K)
[2025-02-20T17:45:59.864+0800][gc          ] GC(9) Pause Young (Prepare Mixed) (G1 Evacuation Pause) 267M->36M(512M) 3.985ms
[2025-02-20T17:45:59.864+0800][gc,cpu      ] GC(9) User=0.03s Sys=0.00s Real=0.00s
[2025-02-20T17:46:00.304+0800][gc,start    ] GC(10) Pause Young (Mixed) (G1 Evacuation Pause)
[2025-02-20T17:46:00.304+0800][gc,task     ] GC(10) Using 9 workers of 9 for evacuation
[2025-02-20T17:46:00.311+0800][gc,phases   ] GC(10)   Pre Evacuate Collection Set: 0.10ms
[2025-02-20T17:46:00.311+0800][gc,phases   ] GC(10)   Merge Heap Roots: 0.06ms
[2025-02-20T17:46:00.311+0800][gc,phases   ] GC(10)   Evacuate Collection Set: 6.31ms
[2025-02-20T17:46:00.311+0800][gc,phases   ] GC(10)   Post Evacuate Collection Set: 0.64ms
[2025-02-20T17:46:00.311+0800][gc,phases   ] GC(10)   Other: 0.04ms
[2025-02-20T17:46:00.311+0800][gc,heap     ] GC(10) Eden regions: 232->0(233)
[2025-02-20T17:46:00.311+0800][gc,heap     ] GC(10) Survivor regions: 24->23(32)
[2025-02-20T17:46:00.311+0800][gc,heap     ] GC(10) Old regions: 13->20
[2025-02-20T17:46:00.311+0800][gc,heap     ] GC(10) Humongous regions: 0->0
[2025-02-20T17:46:00.311+0800][gc,metaspace] GC(10) Metaspace: 60284K(60800K)->60284K(60800K) NonClass: 52779K(53056K)->52779K(53056K) Class: 7505K(7744K)->7505K(7744K)
[2025-02-20T17:46:00.311+0800][gc          ] GC(10) Pause Young (Mixed) (G1 Evacuation Pause) 268M->42M(512M) 7.269ms
[2025-02-20T17:46:00.311+0800][gc,cpu      ] GC(10) User=0.05s Sys=0.01s Real=0.01s
[2025-02-20T17:46:00.312+0800][gc,start    ] GC(11) Pause Young (Concurrent Start) (Metadata GC Threshold)
[2025-02-20T17:46:00.312+0800][gc,task     ] GC(11) Using 9 workers of 9 for evacuation
[2025-02-20T17:46:00.316+0800][gc,phases   ] GC(11)   Pre Evacuate Collection Set: 0.06ms
[2025-02-20T17:46:00.316+0800][gc,phases   ] GC(11)   Merge Heap Roots: 0.03ms
[2025-02-20T17:46:00.316+0800][gc,phases   ] GC(11)   Evacuate Collection Set: 3.68ms
[2025-02-20T17:46:00.316+0800][gc,phases   ] GC(11)   Post Evacuate Collection Set: 0.44ms
[2025-02-20T17:46:00.316+0800][gc,phases   ] GC(11)   Other: 0.04ms
[2025-02-20T17:46:00.316+0800][gc,heap     ] GC(11) Eden regions: 1->0(238)
[2025-02-20T17:46:00.316+0800][gc,heap     ] GC(11) Survivor regions: 23->18(32)
[2025-02-20T17:46:00.316+0800][gc,heap     ] GC(11) Old regions: 20->26
[2025-02-20T17:46:00.316+0800][gc,heap     ] GC(11) Humongous regions: 0->0
[2025-02-20T17:46:00.316+0800][gc,metaspace] GC(11) Metaspace: 60299K(60800K)->60299K(60800K) NonClass: 52790K(53056K)->52790K(53056K) Class: 7509K(7744K)->7509K(7744K)
[2025-02-20T17:46:00.316+0800][gc          ] GC(11) Pause Young (Concurrent Start) (Metadata GC Threshold) 43M->43M(512M) 4.378ms
[2025-02-20T17:46:00.316+0800][gc          ] GC(12) Concurrent Mark Cycle
[2025-02-20T17:46:00.316+0800][gc,marking  ] GC(12) Concurrent Scan Root Regions
[2025-02-20T17:46:00.316+0800][gc,cpu      ] GC(11) User=0.03s Sys=0.00s Real=0.00s
[2025-02-20T17:46:00.320+0800][gc,marking  ] GC(12) Concurrent Scan Root Regions 3.639ms
[2025-02-20T17:46:00.320+0800][gc,marking  ] GC(12) Concurrent Mark
[2025-02-20T17:46:00.320+0800][gc,marking  ] GC(12) Concurrent Mark From Roots
[2025-02-20T17:46:00.320+0800][gc,task     ] GC(12) Using 2 workers of 2 for marking
[2025-02-20T17:46:00.326+0800][gc,marking  ] GC(12) Concurrent Mark From Roots 5.978ms
[2025-02-20T17:46:00.326+0800][gc,marking  ] GC(12) Concurrent Preclean
[2025-02-20T17:46:00.326+0800][gc,marking  ] GC(12) Concurrent Preclean 0.037ms
[2025-02-20T17:46:00.326+0800][gc,start    ] GC(12) Pause Remark
[2025-02-20T17:46:00.328+0800][gc          ] GC(12) Pause Remark 47M->47M(512M) 2.091ms
[2025-02-20T17:46:00.328+0800][gc,cpu      ] GC(12) User=0.01s Sys=0.00s Real=0.00s
[2025-02-20T17:46:00.328+0800][gc,marking  ] GC(12) Concurrent Mark 8.259ms
[2025-02-20T17:46:00.328+0800][gc,marking  ] GC(12) Concurrent Rebuild Remembered Sets and Scrub Regions
[2025-02-20T17:46:00.333+0800][gc,marking  ] GC(12) Concurrent Rebuild Remembered Sets and Scrub Regions 4.306ms
[2025-02-20T17:46:00.333+0800][gc,start    ] GC(12) Pause Cleanup
[2025-02-20T17:46:00.333+0800][gc          ] GC(12) Pause Cleanup 48M->48M(512M) 0.042ms
[2025-02-20T17:46:00.333+0800][gc,cpu      ] GC(12) User=0.00s Sys=0.00s Real=0.00s
[2025-02-20T17:46:00.333+0800][gc,marking  ] GC(12) Concurrent Clear Claimed Marks
[2025-02-20T17:46:00.333+0800][gc,marking  ] GC(12) Concurrent Clear Claimed Marks 0.084ms
[2025-02-20T17:46:00.333+0800][gc,marking  ] GC(12) Concurrent Cleanup for Next Mark
[2025-02-20T17:46:00.334+0800][gc,marking  ] GC(12) Concurrent Cleanup for Next Mark 0.595ms
[2025-02-20T17:46:00.334+0800][gc          ] GC(12) Concurrent Mark Cycle 17.365ms
[2025-02-20T17:46:01.806+0800][gc,start    ] GC(13) Pause Young (Prepare Mixed) (G1 Evacuation Pause)
[2025-02-20T17:46:01.806+0800][gc,task     ] GC(13) Using 9 workers of 9 for evacuation
[2025-02-20T17:46:01.810+0800][gc,phases   ] GC(13)   Pre Evacuate Collection Set: 0.10ms
[2025-02-20T17:46:01.810+0800][gc,phases   ] GC(13)   Merge Heap Roots: 0.06ms
[2025-02-20T17:46:01.810+0800][gc,phases   ] GC(13)   Evacuate Collection Set: 3.57ms
[2025-02-20T17:46:01.810+0800][gc,phases   ] GC(13)   Post Evacuate Collection Set: 0.36ms
[2025-02-20T17:46:01.810+0800][gc,phases   ] GC(13)   Other: 0.04ms
[2025-02-20T17:46:01.810+0800][gc,heap     ] GC(13) Eden regions: 238->0(224)
[2025-02-20T17:46:01.810+0800][gc,heap     ] GC(13) Survivor regions: 18->32(32)
[2025-02-20T17:46:01.810+0800][gc,heap     ] GC(13) Old regions: 26->26
[2025-02-20T17:46:01.810+0800][gc,heap     ] GC(13) Humongous regions: 0->0
[2025-02-20T17:46:01.810+0800][gc,metaspace] GC(13) Metaspace: 71800K(72448K)->71800K(72448K) NonClass: 62888K(63232K)->62888K(63232K) Class: 8911K(9216K)->8911K(9216K)
[2025-02-20T17:46:01.810+0800][gc          ] GC(13) Pause Young (Prepare Mixed) (G1 Evacuation Pause) 281M->58M(512M) 4.240ms
[2025-02-20T17:46:01.810+0800][gc,cpu      ] GC(13) User=0.03s Sys=0.00s Real=0.01s
[2025-02-20T17:46:02.066+0800][gc,start    ] GC(14) Pause Young (Mixed) (G1 Evacuation Pause)
[2025-02-20T17:46:02.066+0800][gc,task     ] GC(14) Using 9 workers of 9 for evacuation
[2025-02-20T17:46:02.077+0800][gc,phases   ] GC(14)   Pre Evacuate Collection Set: 0.11ms
[2025-02-20T17:46:02.077+0800][gc,phases   ] GC(14)   Merge Heap Roots: 0.06ms
[2025-02-20T17:46:02.077+0800][gc,phases   ] GC(14)   Evacuate Collection Set: 4.48ms
[2025-02-20T17:46:02.077+0800][gc,phases   ] GC(14)   Post Evacuate Collection Set: 6.85ms
[2025-02-20T17:46:02.077+0800][gc,phases   ] GC(14)   Other: 0.05ms
[2025-02-20T17:46:02.077+0800][gc,heap     ] GC(14) Eden regions: 224->0(235)
[2025-02-20T17:46:02.077+0800][gc,heap     ] GC(14) Survivor regions: 32->21(32)
[2025-02-20T17:46:02.077+0800][gc,heap     ] GC(14) Old regions: 26->42
[2025-02-20T17:46:02.077+0800][gc,heap     ] GC(14) Humongous regions: 0->0
[2025-02-20T17:46:02.077+0800][gc,metaspace] GC(14) Metaspace: 75638K(76288K)->75638K(76288K) NonClass: 66146K(66496K)->66146K(66496K) Class: 9491K(9792K)->9491K(9792K)
[2025-02-20T17:46:02.077+0800][gc          ] GC(14) Pause Young (Mixed) (G1 Evacuation Pause) 282M->61M(512M) 11.669ms
[2025-02-20T17:46:02.077+0800][gc,cpu      ] GC(14) User=0.04s Sys=0.01s Real=0.01s
[2025-02-20T17:46:45.527+0800][gc,start    ] GC(15) Pause Young (Concurrent Start) (G1 Humongous Allocation)
[2025-02-20T17:46:45.527+0800][gc,task     ] GC(15) Using 9 workers of 9 for evacuation
[2025-02-20T17:46:45.536+0800][gc,phases   ] GC(15)   Pre Evacuate Collection Set: 0.34ms
[2025-02-20T17:46:45.536+0800][gc,phases   ] GC(15)   Merge Heap Roots: 0.11ms
[2025-02-20T17:46:45.536+0800][gc,phases   ] GC(15)   Evacuate Collection Set: 7.89ms
[2025-02-20T17:46:45.536+0800][gc,phases   ] GC(15)   Post Evacuate Collection Set: 0.47ms
[2025-02-20T17:46:45.536+0800][gc,phases   ] GC(15)   Other: 0.11ms
[2025-02-20T17:46:45.537+0800][gc,heap     ] GC(15) Eden regions: 67->0(247)
[2025-02-20T17:46:45.537+0800][gc,heap     ] GC(15) Survivor regions: 21->9(32)
[2025-02-20T17:46:45.537+0800][gc,heap     ] GC(15) Old regions: 42->57
[2025-02-20T17:46:45.537+0800][gc,heap     ] GC(15) Humongous regions: 0->0
[2025-02-20T17:46:45.537+0800][gc,metaspace] GC(15) Metaspace: 77373K(78080K)->77373K(78080K) NonClass: 67649K(68032K)->67649K(68032K) Class: 9724K(10048K)->9724K(10048K)
[2025-02-20T17:46:45.537+0800][gc          ] GC(15) Pause Young (Concurrent Start) (G1 Humongous Allocation) 128M->65M(512M) 9.462ms
[2025-02-20T17:46:45.537+0800][gc          ] GC(16) Concurrent Mark Cycle
[2025-02-20T17:46:45.537+0800][gc,marking  ] GC(16) Concurrent Scan Root Regions
[2025-02-20T17:46:45.537+0800][gc,cpu      ] GC(15) User=0.04s Sys=0.01s Real=0.01s
[2025-02-20T17:46:45.542+0800][gc,marking  ] GC(16) Concurrent Scan Root Regions 5.708ms
[2025-02-20T17:46:45.542+0800][gc,marking  ] GC(16) Concurrent Mark
[2025-02-20T17:46:45.542+0800][gc,marking  ] GC(16) Concurrent Mark From Roots
[2025-02-20T17:46:45.542+0800][gc,task     ] GC(16) Using 2 workers of 2 for marking
[2025-02-20T17:46:45.558+0800][gc,marking  ] GC(16) Concurrent Mark From Roots 15.367ms
[2025-02-20T17:46:45.558+0800][gc,marking  ] GC(16) Concurrent Preclean
[2025-02-20T17:46:45.558+0800][gc,marking  ] GC(16) Concurrent Preclean 0.050ms
[2025-02-20T17:46:45.558+0800][gc,start    ] GC(16) Pause Remark
[2025-02-20T17:46:45.560+0800][gc          ] GC(16) Pause Remark 73M->72M(512M) 2.529ms
[2025-02-20T17:46:45.560+0800][gc,cpu      ] GC(16) User=0.01s Sys=0.00s Real=0.01s
[2025-02-20T17:46:45.560+0800][gc,marking  ] GC(16) Concurrent Mark 18.130ms
[2025-02-20T17:46:45.561+0800][gc,marking  ] GC(16) Concurrent Rebuild Remembered Sets and Scrub Regions
[2025-02-20T17:46:45.569+0800][gc,marking  ] GC(16) Concurrent Rebuild Remembered Sets and Scrub Regions 8.933ms
[2025-02-20T17:46:45.570+0800][gc,start    ] GC(16) Pause Cleanup
[2025-02-20T17:46:45.570+0800][gc          ] GC(16) Pause Cleanup 75M->75M(512M) 0.020ms
[2025-02-20T17:46:45.570+0800][gc,cpu      ] GC(16) User=0.00s Sys=0.00s Real=0.00s
[2025-02-20T17:46:45.570+0800][gc,marking  ] GC(16) Concurrent Clear Claimed Marks
[2025-02-20T17:46:45.570+0800][gc,marking  ] GC(16) Concurrent Clear Claimed Marks 0.038ms
[2025-02-20T17:46:45.570+0800][gc,marking  ] GC(16) Concurrent Cleanup for Next Mark
[2025-02-20T17:46:45.570+0800][gc,marking  ] GC(16) Concurrent Cleanup for Next Mark 0.199ms
[2025-02-20T17:46:45.570+0800][gc          ] GC(16) Concurrent Mark Cycle 33.271ms
[2025-02-20T17:58:45.378+0800][gc,heap,exit] Heap
[2025-02-20T17:58:45.378+0800][gc,heap,exit]  garbage-first heap   total reserved 524288K, committed 524288K, used 221960K [0x00000007e0000000, 0x0000000800000000)
[2025-02-20T17:58:45.378+0800][gc,heap,exit]   region size 1024K, 153 young (156672K), 9 survivors (9216K)
[2025-02-20T17:58:45.378+0800][gc,heap,exit]  Metaspace       used 81801K, committed 82624K, reserved 1179648K
[2025-02-20T17:58:45.378+0800][gc,heap,exit]   class space    used 10224K, committed 10624K, reserved 1048576K
