[2025-02-20T17:17:02.220+0800][gc,init] CardTable entry size: 512
[2025-02-20T17:17:02.220+0800][gc     ] Using G1
[2025-02-20T17:17:02.220+0800][gc,init] Version: 23.0.2+7-58 (release)
[2025-02-20T17:17:02.220+0800][gc,init] CPUs: 10 total, 10 available
[2025-02-20T17:17:02.220+0800][gc,init] Memory: 16384M
[2025-02-20T17:17:02.220+0800][gc,init] Large Page Support: Disabled
[2025-02-20T17:17:02.220+0800][gc,init] NUMA Support: Disabled
[2025-02-20T17:17:02.220+0800][gc,init] Compressed Oops: Enabled (Zero based)
[2025-02-20T17:17:02.220+0800][gc,init] Heap Region Size: 1M
[2025-02-20T17:17:02.220+0800][gc,init] Heap Min Capacity: 512M
[2025-02-20T17:17:02.220+0800][gc,init] Heap Initial Capacity: 512M
[2025-02-20T17:17:02.220+0800][gc,init] Heap Max Capacity: 512M
[2025-02-20T17:17:02.220+0800][gc,init] Pre-touch: Disabled
[2025-02-20T17:17:02.220+0800][gc,init] Parallel Workers: 9
[2025-02-20T17:17:02.220+0800][gc,init] Concurrent Workers: 2
[2025-02-20T17:17:02.220+0800][gc,init] Concurrent Refinement Workers: 9
[2025-02-20T17:17:02.220+0800][gc,init] Periodic GC: Disabled
[2025-02-20T17:17:02.223+0800][gc,metaspace] CDS archive(s) mapped at: [0x00001c0000000000-0x00001c0000d94000-0x00001c0000d94000), size 14237696, SharedBaseAddress: 0x00001c0000000000, ArchiveRelocationMode: 1.
[2025-02-20T17:17:02.223+0800][gc,metaspace] Compressed class space mapped at: 0x00001c0001000000-0x00001c0041000000, reserved size: 1073741824
[2025-02-20T17:17:02.223+0800][gc,metaspace] Narrow klass base: 0x00001c0000000000, Narrow klass shift: 0, Narrow klass range: 0x100000000
[2025-02-20T17:17:02.743+0800][gc,start    ] GC(0) Pause Young (Normal) (G1 Evacuation Pause)
[2025-02-20T17:17:02.744+0800][gc,task     ] GC(0) Using 9 workers of 9 for evacuation
[2025-02-20T17:17:02.746+0800][gc,phases   ] GC(0)   Pre Evacuate Collection Set: 0.08ms
[2025-02-20T17:17:02.746+0800][gc,phases   ] GC(0)   Merge Heap Roots: 0.08ms
[2025-02-20T17:17:02.746+0800][gc,phases   ] GC(0)   Evacuate Collection Set: 1.56ms
[2025-02-20T17:17:02.746+0800][gc,phases   ] GC(0)   Post Evacuate Collection Set: 0.21ms
[2025-02-20T17:17:02.746+0800][gc,phases   ] GC(0)   Other: 0.17ms
[2025-02-20T17:17:02.746+0800][gc,heap     ] GC(0) Eden regions: 256->0(249)
[2025-02-20T17:17:02.746+0800][gc,heap     ] GC(0) Survivor regions: 0->7(32)
[2025-02-20T17:17:02.746+0800][gc,heap     ] GC(0) Old regions: 2->2
[2025-02-20T17:17:02.746+0800][gc,heap     ] GC(0) Humongous regions: 3->0
[2025-02-20T17:17:02.746+0800][gc,metaspace] GC(0) Metaspace: 11563K(11840K)->11563K(11840K) NonClass: 10155K(10304K)->10155K(10304K) Class: 1408K(1536K)->1408K(1536K)
[2025-02-20T17:17:02.746+0800][gc          ] GC(0) Pause Young (Normal) (G1 Evacuation Pause) 260M->7M(512M) 2.225ms
[2025-02-20T17:17:02.746+0800][gc,cpu      ] GC(0) User=0.01s Sys=0.01s Real=0.00s
[2025-02-20T17:17:03.024+0800][gc,start    ] GC(1) Pause Young (Normal) (G1 Evacuation Pause)
[2025-02-20T17:17:03.024+0800][gc,task     ] GC(1) Using 9 workers of 9 for evacuation
[2025-02-20T17:17:03.027+0800][gc,phases   ] GC(1)   Pre Evacuate Collection Set: 0.10ms
[2025-02-20T17:17:03.027+0800][gc,phases   ] GC(1)   Merge Heap Roots: 0.06ms
[2025-02-20T17:17:03.027+0800][gc,phases   ] GC(1)   Evacuate Collection Set: 2.22ms
[2025-02-20T17:17:03.027+0800][gc,phases   ] GC(1)   Post Evacuate Collection Set: 0.30ms
[2025-02-20T17:17:03.027+0800][gc,phases   ] GC(1)   Other: 0.04ms
[2025-02-20T17:17:03.027+0800][gc,heap     ] GC(1) Eden regions: 249->0(243)
[2025-02-20T17:17:03.027+0800][gc,heap     ] GC(1) Survivor regions: 7->13(32)
[2025-02-20T17:17:03.027+0800][gc,heap     ] GC(1) Old regions: 2->2
[2025-02-20T17:17:03.027+0800][gc,heap     ] GC(1) Humongous regions: 0->0
[2025-02-20T17:17:03.027+0800][gc,metaspace] GC(1) Metaspace: 18930K(19200K)->18930K(19200K) NonClass: 16635K(16768K)->16635K(16768K) Class: 2295K(2432K)->2295K(2432K)
[2025-02-20T17:17:03.027+0800][gc          ] GC(1) Pause Young (Normal) (G1 Evacuation Pause) 256M->13M(512M) 2.814ms
[2025-02-20T17:17:03.027+0800][gc,cpu      ] GC(1) User=0.02s Sys=0.00s Real=0.00s
[2025-02-20T17:17:03.225+0800][gc,start    ] GC(2) Pause Young (Normal) (G1 Evacuation Pause)
[2025-02-20T17:17:03.225+0800][gc,task     ] GC(2) Using 9 workers of 9 for evacuation
[2025-02-20T17:17:03.228+0800][gc,phases   ] GC(2)   Pre Evacuate Collection Set: 0.09ms
[2025-02-20T17:17:03.228+0800][gc,phases   ] GC(2)   Merge Heap Roots: 0.06ms
[2025-02-20T17:17:03.228+0800][gc,phases   ] GC(2)   Evacuate Collection Set: 2.31ms
[2025-02-20T17:17:03.228+0800][gc,phases   ] GC(2)   Post Evacuate Collection Set: 0.30ms
[2025-02-20T17:17:03.228+0800][gc,phases   ] GC(2)   Other: 0.04ms
[2025-02-20T17:17:03.228+0800][gc,heap     ] GC(2) Eden regions: 243->0(239)
[2025-02-20T17:17:03.228+0800][gc,heap     ] GC(2) Survivor regions: 13->17(32)
[2025-02-20T17:17:03.228+0800][gc,heap     ] GC(2) Old regions: 2->2
[2025-02-20T17:17:03.228+0800][gc,heap     ] GC(2) Humongous regions: 0->0
[2025-02-20T17:17:03.228+0800][gc,metaspace] GC(2) Metaspace: 20077K(20352K)->20077K(20352K) NonClass: 17656K(17792K)->17656K(17792K) Class: 2420K(2560K)->2420K(2560K)
[2025-02-20T17:17:03.228+0800][gc          ] GC(2) Pause Young (Normal) (G1 Evacuation Pause) 256M->18M(512M) 2.886ms
[2025-02-20T17:17:03.228+0800][gc,cpu      ] GC(2) User=0.02s Sys=0.00s Real=0.00s
[2025-02-20T17:17:03.271+0800][gc,start    ] GC(3) Pause Young (Concurrent Start) (Metadata GC Threshold)
[2025-02-20T17:17:03.271+0800][gc,task     ] GC(3) Using 9 workers of 9 for evacuation
[2025-02-20T17:17:03.274+0800][gc,phases   ] GC(3)   Pre Evacuate Collection Set: 0.11ms
[2025-02-20T17:17:03.274+0800][gc,phases   ] GC(3)   Merge Heap Roots: 0.04ms
[2025-02-20T17:17:03.274+0800][gc,phases   ] GC(3)   Evacuate Collection Set: 1.88ms
[2025-02-20T17:17:03.274+0800][gc,phases   ] GC(3)   Post Evacuate Collection Set: 0.25ms
[2025-02-20T17:17:03.274+0800][gc,phases   ] GC(3)   Other: 0.04ms
[2025-02-20T17:17:03.274+0800][gc,heap     ] GC(3) Eden regions: 35->0(238)
[2025-02-20T17:17:03.274+0800][gc,heap     ] GC(3) Survivor regions: 17->18(32)
[2025-02-20T17:17:03.274+0800][gc,heap     ] GC(3) Old regions: 2->2
[2025-02-20T17:17:03.274+0800][gc,heap     ] GC(3) Humongous regions: 0->0
[2025-02-20T17:17:03.274+0800][gc,metaspace] GC(3) Metaspace: 21250K(21504K)->21250K(21504K) NonClass: 18700K(18816K)->18700K(18816K) Class: 2550K(2688K)->2550K(2688K)
[2025-02-20T17:17:03.274+0800][gc          ] GC(3) Pause Young (Concurrent Start) (Metadata GC Threshold) 53M->18M(512M) 2.409ms
[2025-02-20T17:17:03.274+0800][gc,cpu      ] GC(3) User=0.02s Sys=0.00s Real=0.00s
[2025-02-20T17:17:03.274+0800][gc          ] GC(4) Concurrent Mark Cycle
[2025-02-20T17:17:03.274+0800][gc,marking  ] GC(4) Concurrent Scan Root Regions
[2025-02-20T17:17:03.276+0800][gc,marking  ] GC(4) Concurrent Scan Root Regions 1.948ms
[2025-02-20T17:17:03.276+0800][gc,marking  ] GC(4) Concurrent Mark
[2025-02-20T17:17:03.276+0800][gc,marking  ] GC(4) Concurrent Mark From Roots
[2025-02-20T17:17:03.276+0800][gc,task     ] GC(4) Using 2 workers of 2 for marking
[2025-02-20T17:17:03.276+0800][gc,marking  ] GC(4) Concurrent Mark From Roots 0.465ms
[2025-02-20T17:17:03.276+0800][gc,marking  ] GC(4) Concurrent Preclean
[2025-02-20T17:17:03.276+0800][gc,marking  ] GC(4) Concurrent Preclean 0.004ms
[2025-02-20T17:17:03.276+0800][gc,start    ] GC(4) Pause Remark
[2025-02-20T17:17:03.277+0800][gc          ] GC(4) Pause Remark 20M->20M(512M) 0.791ms
[2025-02-20T17:17:03.277+0800][gc,cpu      ] GC(4) User=0.00s Sys=0.00s Real=0.00s
[2025-02-20T17:17:03.277+0800][gc,marking  ] GC(4) Concurrent Mark 1.324ms
[2025-02-20T17:17:03.277+0800][gc,marking  ] GC(4) Concurrent Rebuild Remembered Sets and Scrub Regions
[2025-02-20T17:17:03.277+0800][gc,marking  ] GC(4) Concurrent Rebuild Remembered Sets and Scrub Regions 0.224ms
[2025-02-20T17:17:03.277+0800][gc,start    ] GC(4) Pause Cleanup
[2025-02-20T17:17:03.277+0800][gc          ] GC(4) Pause Cleanup 20M->20M(512M) 0.007ms
[2025-02-20T17:17:03.277+0800][gc,cpu      ] GC(4) User=0.00s Sys=0.00s Real=0.00s
[2025-02-20T17:17:03.277+0800][gc,marking  ] GC(4) Concurrent Clear Claimed Marks
[2025-02-20T17:17:03.277+0800][gc,marking  ] GC(4) Concurrent Clear Claimed Marks 0.016ms
[2025-02-20T17:17:03.277+0800][gc,marking  ] GC(4) Concurrent Cleanup for Next Mark
[2025-02-20T17:17:03.278+0800][gc,marking  ] GC(4) Concurrent Cleanup for Next Mark 0.422ms
[2025-02-20T17:17:03.278+0800][gc          ] GC(4) Concurrent Mark Cycle 4.021ms
[2025-02-20T17:17:03.588+0800][gc,start    ] GC(5) Pause Young (Prepare Mixed) (G1 Evacuation Pause)
[2025-02-20T17:17:03.589+0800][gc,task     ] GC(5) Using 9 workers of 9 for evacuation
[2025-02-20T17:17:03.592+0800][gc,phases   ] GC(5)   Pre Evacuate Collection Set: 0.10ms
[2025-02-20T17:17:03.592+0800][gc,phases   ] GC(5)   Merge Heap Roots: 0.06ms
[2025-02-20T17:17:03.592+0800][gc,phases   ] GC(5)   Evacuate Collection Set: 2.55ms
[2025-02-20T17:17:03.592+0800][gc,phases   ] GC(5)   Post Evacuate Collection Set: 0.39ms
[2025-02-20T17:17:03.592+0800][gc,phases   ] GC(5)   Other: 0.04ms
[2025-02-20T17:17:03.592+0800][gc,heap     ] GC(5) Eden regions: 238->0(235)
[2025-02-20T17:17:03.592+0800][gc,heap     ] GC(5) Survivor regions: 18->21(32)
[2025-02-20T17:17:03.592+0800][gc,heap     ] GC(5) Old regions: 2->2
[2025-02-20T17:17:03.592+0800][gc,heap     ] GC(5) Humongous regions: 0->0
[2025-02-20T17:17:03.592+0800][gc,metaspace] GC(5) Metaspace: 26243K(26496K)->26243K(26496K) NonClass: 23022K(23168K)->23022K(23168K) Class: 3221K(3328K)->3221K(3328K)
[2025-02-20T17:17:03.592+0800][gc          ] GC(5) Pause Young (Prepare Mixed) (G1 Evacuation Pause) 256M->21M(512M) 3.244ms
[2025-02-20T17:17:03.592+0800][gc,cpu      ] GC(5) User=0.03s Sys=0.00s Real=0.01s
[2025-02-20T17:17:03.973+0800][gc,start    ] GC(6) Pause Young (Mixed) (Metadata GC Threshold)
[2025-02-20T17:17:03.973+0800][gc,task     ] GC(6) Using 9 workers of 9 for evacuation
[2025-02-20T17:17:03.977+0800][gc,phases   ] GC(6)   Pre Evacuate Collection Set: 0.09ms
[2025-02-20T17:17:03.977+0800][gc,phases   ] GC(6)   Merge Heap Roots: 0.06ms
[2025-02-20T17:17:03.977+0800][gc,phases   ] GC(6)   Evacuate Collection Set: 3.52ms
[2025-02-20T17:17:03.977+0800][gc,phases   ] GC(6)   Post Evacuate Collection Set: 0.43ms
[2025-02-20T17:17:03.977+0800][gc,phases   ] GC(6)   Other: 0.04ms
[2025-02-20T17:17:03.977+0800][gc,heap     ] GC(6) Eden regions: 216->0(236)
[2025-02-20T17:17:03.977+0800][gc,heap     ] GC(6) Survivor regions: 21->20(32)
[2025-02-20T17:17:03.977+0800][gc,heap     ] GC(6) Old regions: 2->8
[2025-02-20T17:17:03.977+0800][gc,heap     ] GC(6) Humongous regions: 0->0
[2025-02-20T17:17:03.977+0800][gc,metaspace] GC(6) Metaspace: 35587K(35968K)->35587K(35968K) NonClass: 31220K(31424K)->31220K(31424K) Class: 4366K(4544K)->4366K(4544K)
[2025-02-20T17:17:03.977+0800][gc          ] GC(6) Pause Young (Mixed) (Metadata GC Threshold) 237M->26M(512M) 4.239ms
[2025-02-20T17:17:03.977+0800][gc,cpu      ] GC(6) User=0.03s Sys=0.00s Real=0.00s
[2025-02-20T17:17:03.991+0800][gc,start    ] GC(7) Pause Young (Concurrent Start) (Metadata GC Threshold)
[2025-02-20T17:17:03.991+0800][gc,task     ] GC(7) Using 9 workers of 9 for evacuation
[2025-02-20T17:17:03.993+0800][gc,phases   ] GC(7)   Pre Evacuate Collection Set: 0.09ms
[2025-02-20T17:17:03.993+0800][gc,phases   ] GC(7)   Merge Heap Roots: 0.03ms
[2025-02-20T17:17:03.993+0800][gc,phases   ] GC(7)   Evacuate Collection Set: 2.07ms
[2025-02-20T17:17:03.993+0800][gc,phases   ] GC(7)   Post Evacuate Collection Set: 0.18ms
[2025-02-20T17:17:03.993+0800][gc,phases   ] GC(7)   Other: 0.03ms
[2025-02-20T17:17:03.993+0800][gc,heap     ] GC(7) Eden regions: 5->0(242)
[2025-02-20T17:17:03.993+0800][gc,heap     ] GC(7) Survivor regions: 20->14(32)
[2025-02-20T17:17:03.993+0800][gc,heap     ] GC(7) Old regions: 8->13
[2025-02-20T17:17:03.993+0800][gc,heap     ] GC(7) Humongous regions: 0->0
[2025-02-20T17:17:03.993+0800][gc,metaspace] GC(7) Metaspace: 35972K(36288K)->35972K(36288K) NonClass: 31551K(31744K)->31551K(31744K) Class: 4420K(4544K)->4420K(4544K)
[2025-02-20T17:17:03.993+0800][gc          ] GC(7) Pause Young (Concurrent Start) (Metadata GC Threshold) 31M->26M(512M) 2.481ms
[2025-02-20T17:17:03.993+0800][gc          ] GC(8) Concurrent Mark Cycle
[2025-02-20T17:17:03.993+0800][gc,cpu      ] GC(7) User=0.02s Sys=0.00s Real=0.00s
[2025-02-20T17:17:03.993+0800][gc,marking  ] GC(8) Concurrent Scan Root Regions
[2025-02-20T17:17:03.996+0800][gc,marking  ] GC(8) Concurrent Scan Root Regions 2.372ms
[2025-02-20T17:17:03.996+0800][gc,marking  ] GC(8) Concurrent Mark
[2025-02-20T17:17:03.996+0800][gc,marking  ] GC(8) Concurrent Mark From Roots
[2025-02-20T17:17:03.996+0800][gc,task     ] GC(8) Using 2 workers of 2 for marking
[2025-02-20T17:17:03.998+0800][gc,marking  ] GC(8) Concurrent Mark From Roots 2.115ms
[2025-02-20T17:17:03.998+0800][gc,marking  ] GC(8) Concurrent Preclean
[2025-02-20T17:17:03.998+0800][gc,marking  ] GC(8) Concurrent Preclean 0.014ms
[2025-02-20T17:17:03.998+0800][gc,start    ] GC(8) Pause Remark
[2025-02-20T17:17:04.000+0800][gc          ] GC(8) Pause Remark 27M->27M(512M) 1.728ms
[2025-02-20T17:17:04.000+0800][gc,cpu      ] GC(8) User=0.01s Sys=0.01s Real=0.01s
[2025-02-20T17:17:04.000+0800][gc,marking  ] GC(8) Concurrent Mark 3.919ms
[2025-02-20T17:17:04.000+0800][gc,marking  ] GC(8) Concurrent Rebuild Remembered Sets and Scrub Regions
[2025-02-20T17:17:04.001+0800][gc,marking  ] GC(8) Concurrent Rebuild Remembered Sets and Scrub Regions 1.518ms
[2025-02-20T17:17:04.001+0800][gc,start    ] GC(8) Pause Cleanup
[2025-02-20T17:17:04.001+0800][gc          ] GC(8) Pause Cleanup 28M->28M(512M) 0.010ms
[2025-02-20T17:17:04.001+0800][gc,cpu      ] GC(8) User=0.00s Sys=0.00s Real=0.00s
[2025-02-20T17:17:04.001+0800][gc,marking  ] GC(8) Concurrent Clear Claimed Marks
[2025-02-20T17:17:04.001+0800][gc,marking  ] GC(8) Concurrent Clear Claimed Marks 0.007ms
[2025-02-20T17:17:04.001+0800][gc,marking  ] GC(8) Concurrent Cleanup for Next Mark
[2025-02-20T17:17:04.002+0800][gc,marking  ] GC(8) Concurrent Cleanup for Next Mark 0.371ms
[2025-02-20T17:17:04.002+0800][gc          ] GC(8) Concurrent Mark Cycle 8.302ms
[2025-02-20T17:17:04.465+0800][gc,start    ] GC(9) Pause Young (Prepare Mixed) (G1 Evacuation Pause)
[2025-02-20T17:17:04.465+0800][gc,task     ] GC(9) Using 9 workers of 9 for evacuation
[2025-02-20T17:17:04.470+0800][gc,phases   ] GC(9)   Pre Evacuate Collection Set: 0.06ms
[2025-02-20T17:17:04.470+0800][gc,phases   ] GC(9)   Merge Heap Roots: 0.05ms
[2025-02-20T17:17:04.470+0800][gc,phases   ] GC(9)   Evacuate Collection Set: 4.90ms
[2025-02-20T17:17:04.470+0800][gc,phases   ] GC(9)   Post Evacuate Collection Set: 0.30ms
[2025-02-20T17:17:04.470+0800][gc,phases   ] GC(9)   Other: 0.04ms
[2025-02-20T17:17:04.470+0800][gc,heap     ] GC(9) Eden regions: 242->0(232)
[2025-02-20T17:17:04.470+0800][gc,heap     ] GC(9) Survivor regions: 14->24(32)
[2025-02-20T17:17:04.470+0800][gc,heap     ] GC(9) Old regions: 13->13
[2025-02-20T17:17:04.470+0800][gc,heap     ] GC(9) Humongous regions: 0->0
[2025-02-20T17:17:04.470+0800][gc,metaspace] GC(9) Metaspace: 49176K(49600K)->49176K(49600K) NonClass: 43089K(43328K)->43089K(43328K) Class: 6086K(6272K)->6086K(6272K)
[2025-02-20T17:17:04.470+0800][gc          ] GC(9) Pause Young (Prepare Mixed) (G1 Evacuation Pause) 268M->35M(512M) 5.463ms
[2025-02-20T17:17:04.471+0800][gc,cpu      ] GC(9) User=0.02s Sys=0.00s Real=0.01s
[2025-02-20T17:17:04.879+0800][gc,start    ] GC(10) Pause Young (Mixed) (Metadata GC Threshold)
[2025-02-20T17:17:04.879+0800][gc,task     ] GC(10) Using 9 workers of 9 for evacuation
[2025-02-20T17:17:04.884+0800][gc,phases   ] GC(10)   Pre Evacuate Collection Set: 0.10ms
[2025-02-20T17:17:04.884+0800][gc,phases   ] GC(10)   Merge Heap Roots: 0.05ms
[2025-02-20T17:17:04.884+0800][gc,phases   ] GC(10)   Evacuate Collection Set: 4.34ms
[2025-02-20T17:17:04.884+0800][gc,phases   ] GC(10)   Post Evacuate Collection Set: 0.46ms
[2025-02-20T17:17:04.884+0800][gc,phases   ] GC(10)   Other: 0.04ms
[2025-02-20T17:17:04.884+0800][gc,heap     ] GC(10) Eden regions: 220->0(232)
[2025-02-20T17:17:04.884+0800][gc,heap     ] GC(10) Survivor regions: 24->24(32)
[2025-02-20T17:17:04.884+0800][gc,heap     ] GC(10) Old regions: 13->20
[2025-02-20T17:17:04.884+0800][gc,heap     ] GC(10) Humongous regions: 0->0
[2025-02-20T17:17:04.884+0800][gc,metaspace] GC(10) Metaspace: 60269K(60736K)->60269K(60736K) NonClass: 52806K(53056K)->52806K(53056K) Class: 7462K(7680K)->7462K(7680K)
[2025-02-20T17:17:04.884+0800][gc          ] GC(10) Pause Young (Mixed) (Metadata GC Threshold) 255M->43M(512M) 5.107ms
[2025-02-20T17:17:04.884+0800][gc,cpu      ] GC(10) User=0.03s Sys=0.01s Real=0.01s
[2025-02-20T17:17:04.889+0800][gc,start    ] GC(11) Pause Young (Concurrent Start) (Metadata GC Threshold)
[2025-02-20T17:17:04.889+0800][gc,task     ] GC(11) Using 9 workers of 9 for evacuation
[2025-02-20T17:17:04.892+0800][gc,phases   ] GC(11)   Pre Evacuate Collection Set: 0.09ms
[2025-02-20T17:17:04.893+0800][gc,phases   ] GC(11)   Merge Heap Roots: 0.03ms
[2025-02-20T17:17:04.893+0800][gc,phases   ] GC(11)   Evacuate Collection Set: 3.38ms
[2025-02-20T17:17:04.893+0800][gc,phases   ] GC(11)   Post Evacuate Collection Set: 0.30ms
[2025-02-20T17:17:04.893+0800][gc,phases   ] GC(11)   Other: 0.04ms
[2025-02-20T17:17:04.893+0800][gc,heap     ] GC(11) Eden regions: 4->0(247)
[2025-02-20T17:17:04.893+0800][gc,heap     ] GC(11) Survivor regions: 24->9(32)
[2025-02-20T17:17:04.893+0800][gc,heap     ] GC(11) Old regions: 20->36
[2025-02-20T17:17:04.893+0800][gc,heap     ] GC(11) Humongous regions: 0->0
[2025-02-20T17:17:04.893+0800][gc,metaspace] GC(11) Metaspace: 60548K(61056K)->60548K(61056K) NonClass: 53065K(53312K)->53065K(53312K) Class: 7482K(7744K)->7482K(7744K)
[2025-02-20T17:17:04.893+0800][gc          ] GC(11) Pause Young (Concurrent Start) (Metadata GC Threshold) 47M->44M(512M) 3.920ms
[2025-02-20T17:17:04.893+0800][gc          ] GC(12) Concurrent Mark Cycle
[2025-02-20T17:17:04.893+0800][gc,marking  ] GC(12) Concurrent Scan Root Regions
[2025-02-20T17:17:04.893+0800][gc,cpu      ] GC(11) User=0.03s Sys=0.00s Real=0.01s
[2025-02-20T17:17:04.896+0800][gc,marking  ] GC(12) Concurrent Scan Root Regions 3.211ms
[2025-02-20T17:17:04.896+0800][gc,marking  ] GC(12) Concurrent Mark
[2025-02-20T17:17:04.896+0800][gc,marking  ] GC(12) Concurrent Mark From Roots
[2025-02-20T17:17:04.896+0800][gc,task     ] GC(12) Using 2 workers of 2 for marking
[2025-02-20T17:17:04.901+0800][gc,marking  ] GC(12) Concurrent Mark From Roots 5.173ms
[2025-02-20T17:17:04.901+0800][gc,marking  ] GC(12) Concurrent Preclean
[2025-02-20T17:17:04.901+0800][gc,marking  ] GC(12) Concurrent Preclean 0.024ms
[2025-02-20T17:17:04.901+0800][gc,start    ] GC(12) Pause Remark
[2025-02-20T17:17:04.903+0800][gc          ] GC(12) Pause Remark 50M->50M(512M) 2.096ms
[2025-02-20T17:17:04.903+0800][gc,cpu      ] GC(12) User=0.02s Sys=0.00s Real=0.00s
[2025-02-20T17:17:04.903+0800][gc,marking  ] GC(12) Concurrent Mark 7.409ms
[2025-02-20T17:17:04.903+0800][gc,marking  ] GC(12) Concurrent Rebuild Remembered Sets and Scrub Regions
[2025-02-20T17:17:04.908+0800][gc,marking  ] GC(12) Concurrent Rebuild Remembered Sets and Scrub Regions 4.707ms
[2025-02-20T17:17:04.908+0800][gc,start    ] GC(12) Pause Cleanup
[2025-02-20T17:17:04.908+0800][gc          ] GC(12) Pause Cleanup 53M->53M(512M) 0.016ms
[2025-02-20T17:17:04.908+0800][gc,cpu      ] GC(12) User=0.00s Sys=0.00s Real=0.00s
[2025-02-20T17:17:04.908+0800][gc,marking  ] GC(12) Concurrent Clear Claimed Marks
[2025-02-20T17:17:04.908+0800][gc,marking  ] GC(12) Concurrent Clear Claimed Marks 0.018ms
[2025-02-20T17:17:04.908+0800][gc,marking  ] GC(12) Concurrent Cleanup for Next Mark
[2025-02-20T17:17:04.908+0800][gc,marking  ] GC(12) Concurrent Cleanup for Next Mark 0.208ms
[2025-02-20T17:17:04.908+0800][gc          ] GC(12) Concurrent Mark Cycle 15.688ms
[2025-02-20T17:17:06.453+0800][gc,start    ] GC(13) Pause Young (Prepare Mixed) (G1 Evacuation Pause)
[2025-02-20T17:17:06.453+0800][gc,task     ] GC(13) Using 9 workers of 9 for evacuation
[2025-02-20T17:17:06.456+0800][gc,phases   ] GC(13)   Pre Evacuate Collection Set: 0.13ms
[2025-02-20T17:17:06.456+0800][gc,phases   ] GC(13)   Merge Heap Roots: 0.07ms
[2025-02-20T17:17:06.456+0800][gc,phases   ] GC(13)   Evacuate Collection Set: 2.70ms
[2025-02-20T17:17:06.456+0800][gc,phases   ] GC(13)   Post Evacuate Collection Set: 0.37ms
[2025-02-20T17:17:06.456+0800][gc,phases   ] GC(13)   Other: 0.04ms
[2025-02-20T17:17:06.456+0800][gc,heap     ] GC(13) Eden regions: 247->0(232)
[2025-02-20T17:17:06.456+0800][gc,heap     ] GC(13) Survivor regions: 9->24(32)
[2025-02-20T17:17:06.456+0800][gc,heap     ] GC(13) Old regions: 36->36
[2025-02-20T17:17:06.456+0800][gc,heap     ] GC(13) Humongous regions: 0->0
[2025-02-20T17:17:06.456+0800][gc,metaspace] GC(13) Metaspace: 70958K(71616K)->70958K(71616K) NonClass: 62167K(62528K)->62167K(62528K) Class: 8791K(9088K)->8791K(9088K)
[2025-02-20T17:17:06.456+0800][gc          ] GC(13) Pause Young (Prepare Mixed) (G1 Evacuation Pause) 291M->58M(512M) 3.415ms
[2025-02-20T17:17:06.456+0800][gc,cpu      ] GC(13) User=0.02s Sys=0.00s Real=0.00s
[2025-02-20T17:17:06.710+0800][gc,start    ] GC(14) Pause Young (Mixed) (G1 Evacuation Pause)
[2025-02-20T17:17:06.710+0800][gc,task     ] GC(14) Using 9 workers of 9 for evacuation
[2025-02-20T17:17:06.714+0800][gc,phases   ] GC(14)   Pre Evacuate Collection Set: 0.08ms
[2025-02-20T17:17:06.714+0800][gc,phases   ] GC(14)   Merge Heap Roots: 0.06ms
[2025-02-20T17:17:06.714+0800][gc,phases   ] GC(14)   Evacuate Collection Set: 3.63ms
[2025-02-20T17:17:06.714+0800][gc,phases   ] GC(14)   Post Evacuate Collection Set: 0.47ms
[2025-02-20T17:17:06.714+0800][gc,phases   ] GC(14)   Other: 0.04ms
[2025-02-20T17:17:06.714+0800][gc,heap     ] GC(14) Eden regions: 232->0(235)
[2025-02-20T17:17:06.714+0800][gc,heap     ] GC(14) Survivor regions: 24->21(32)
[2025-02-20T17:17:06.714+0800][gc,heap     ] GC(14) Old regions: 36->42
[2025-02-20T17:17:06.714+0800][gc,heap     ] GC(14) Humongous regions: 0->0
[2025-02-20T17:17:06.714+0800][gc,metaspace] GC(14) Metaspace: 74943K(75584K)->74943K(75584K) NonClass: 65547K(65920K)->65547K(65920K) Class: 9395K(9664K)->9395K(9664K)
[2025-02-20T17:17:06.715+0800][gc          ] GC(14) Pause Young (Mixed) (G1 Evacuation Pause) 290M->62M(512M) 4.391ms
[2025-02-20T17:17:06.715+0800][gc,cpu      ] GC(14) User=0.03s Sys=0.00s Real=0.00s
[2025-02-20T17:18:32.879+0800][gc,start    ] GC(15) Pause Young (Concurrent Start) (G1 Humongous Allocation)
[2025-02-20T17:18:32.879+0800][gc,task     ] GC(15) Using 9 workers of 9 for evacuation
[2025-02-20T17:18:32.889+0800][gc,phases   ] GC(15)   Pre Evacuate Collection Set: 0.27ms
[2025-02-20T17:18:32.889+0800][gc,phases   ] GC(15)   Merge Heap Roots: 0.10ms
[2025-02-20T17:18:32.889+0800][gc,phases   ] GC(15)   Evacuate Collection Set: 8.38ms
[2025-02-20T17:18:32.889+0800][gc,phases   ] GC(15)   Post Evacuate Collection Set: 0.39ms
[2025-02-20T17:18:32.889+0800][gc,phases   ] GC(15)   Other: 0.08ms
[2025-02-20T17:18:32.889+0800][gc,heap     ] GC(15) Eden regions: 69->0(247)
[2025-02-20T17:18:32.889+0800][gc,heap     ] GC(15) Survivor regions: 21->9(32)
[2025-02-20T17:18:32.889+0800][gc,heap     ] GC(15) Old regions: 42->58
[2025-02-20T17:18:32.889+0800][gc,heap     ] GC(15) Humongous regions: 0->0
[2025-02-20T17:18:32.889+0800][gc,metaspace] GC(15) Metaspace: 76795K(77440K)->76795K(77440K) NonClass: 67167K(67520K)->67167K(67520K) Class: 9627K(9920K)->9627K(9920K)
[2025-02-20T17:18:32.889+0800][gc          ] GC(15) Pause Young (Concurrent Start) (G1 Humongous Allocation) 131M->66M(512M) 9.405ms
[2025-02-20T17:18:32.889+0800][gc          ] GC(16) Concurrent Mark Cycle
[2025-02-20T17:18:32.889+0800][gc,marking  ] GC(16) Concurrent Scan Root Regions
[2025-02-20T17:18:32.889+0800][gc,cpu      ] GC(15) User=0.04s Sys=0.01s Real=0.01s
[2025-02-20T17:18:32.893+0800][gc,marking  ] GC(16) Concurrent Scan Root Regions 4.392ms
[2025-02-20T17:18:32.893+0800][gc,marking  ] GC(16) Concurrent Mark
[2025-02-20T17:18:32.893+0800][gc,marking  ] GC(16) Concurrent Mark From Roots
[2025-02-20T17:18:32.893+0800][gc,task     ] GC(16) Using 2 workers of 2 for marking
[2025-02-20T17:18:32.907+0800][gc,marking  ] GC(16) Concurrent Mark From Roots 13.813ms
[2025-02-20T17:18:32.907+0800][gc,marking  ] GC(16) Concurrent Preclean
[2025-02-20T17:18:32.907+0800][gc,marking  ] GC(16) Concurrent Preclean 0.067ms
[2025-02-20T17:18:32.907+0800][gc,start    ] GC(16) Pause Remark
[2025-02-20T17:18:32.910+0800][gc          ] GC(16) Pause Remark 72M->72M(512M) 2.773ms
[2025-02-20T17:18:32.910+0800][gc,cpu      ] GC(16) User=0.01s Sys=0.00s Real=0.01s
[2025-02-20T17:18:32.910+0800][gc,marking  ] GC(16) Concurrent Mark 16.949ms
[2025-02-20T17:18:32.910+0800][gc,marking  ] GC(16) Concurrent Rebuild Remembered Sets and Scrub Regions
[2025-02-20T17:18:32.918+0800][gc,marking  ] GC(16) Concurrent Rebuild Remembered Sets and Scrub Regions 7.536ms
[2025-02-20T17:18:32.918+0800][gc,start    ] GC(16) Pause Cleanup
[2025-02-20T17:18:32.918+0800][gc          ] GC(16) Pause Cleanup 75M->75M(512M) 0.018ms
[2025-02-20T17:18:32.918+0800][gc,cpu      ] GC(16) User=0.00s Sys=0.00s Real=0.00s
[2025-02-20T17:18:32.918+0800][gc,marking  ] GC(16) Concurrent Clear Claimed Marks
[2025-02-20T17:18:32.918+0800][gc,marking  ] GC(16) Concurrent Clear Claimed Marks 0.030ms
[2025-02-20T17:18:32.918+0800][gc,marking  ] GC(16) Concurrent Cleanup for Next Mark
[2025-02-20T17:18:32.918+0800][gc,marking  ] GC(16) Concurrent Cleanup for Next Mark 0.518ms
[2025-02-20T17:18:32.918+0800][gc          ] GC(16) Concurrent Mark Cycle 29.663ms
[2025-02-20T17:45:28.588+0800][gc,heap,exit] Heap
[2025-02-20T17:45:28.588+0800][gc,heap,exit]  garbage-first heap   total reserved 524288K, committed 524288K, used 307902K [0x00000007e0000000, 0x0000000800000000)
[2025-02-20T17:45:28.589+0800][gc,heap,exit]   region size 1024K, 231 young (236544K), 9 survivors (9216K)
[2025-02-20T17:45:28.589+0800][gc,heap,exit]  Metaspace       used 82175K, committed 83008K, reserved 1179648K
[2025-02-20T17:45:28.589+0800][gc,heap,exit]   class space    used 10160K, committed 10560K, reserved 1048576K
