[2025-02-20T19:34:55.936+0800][gc,init] CardTable entry size: 512
[2025-02-20T19:34:55.936+0800][gc     ] Using G1
[2025-02-20T19:34:55.936+0800][gc,init] Version: 23.0.2+7-58 (release)
[2025-02-20T19:34:55.936+0800][gc,init] CPUs: 10 total, 10 available
[2025-02-20T19:34:55.936+0800][gc,init] Memory: 16384M
[2025-02-20T19:34:55.936+0800][gc,init] Large Page Support: Disabled
[2025-02-20T19:34:55.936+0800][gc,init] NUMA Support: Disabled
[2025-02-20T19:34:55.936+0800][gc,init] Compressed Oops: Enabled (Zero based)
[2025-02-20T19:34:55.936+0800][gc,init] Heap Region Size: 1M
[2025-02-20T19:34:55.936+0800][gc,init] Heap Min Capacity: 512M
[2025-02-20T19:34:55.936+0800][gc,init] Heap Initial Capacity: 512M
[2025-02-20T19:34:55.936+0800][gc,init] Heap Max Capacity: 512M
[2025-02-20T19:34:55.936+0800][gc,init] Pre-touch: Disabled
[2025-02-20T19:34:55.936+0800][gc,init] Parallel Workers: 9
[2025-02-20T19:34:55.936+0800][gc,init] Concurrent Workers: 2
[2025-02-20T19:34:55.936+0800][gc,init] Concurrent Refinement Workers: 9
[2025-02-20T19:34:55.936+0800][gc,init] Periodic GC: Disabled
[2025-02-20T19:34:55.939+0800][gc,metaspace] CDS archive(s) mapped at: [0x000000f000000000-0x000000f000d94000-0x000000f000d94000), size 14237696, SharedBaseAddress: 0x000000f000000000, ArchiveRelocationMode: 1.
[2025-02-20T19:34:55.939+0800][gc,metaspace] Compressed class space mapped at: 0x000000f001000000-0x000000f041000000, reserved size: 1073741824
[2025-02-20T19:34:55.939+0800][gc,metaspace] Narrow klass base: 0x000000f000000000, Narrow klass shift: 0, Narrow klass range: 0x100000000
[2025-02-20T19:34:56.444+0800][gc,start    ] GC(0) Pause Young (Normal) (G1 Evacuation Pause)
[2025-02-20T19:34:56.444+0800][gc,task     ] GC(0) Using 9 workers of 9 for evacuation
[2025-02-20T19:34:56.446+0800][gc,phases   ] GC(0)   Pre Evacuate Collection Set: 0.10ms
[2025-02-20T19:34:56.446+0800][gc,phases   ] GC(0)   Merge Heap Roots: 0.08ms
[2025-02-20T19:34:56.446+0800][gc,phases   ] GC(0)   Evacuate Collection Set: 1.75ms
[2025-02-20T19:34:56.446+0800][gc,phases   ] GC(0)   Post Evacuate Collection Set: 0.24ms
[2025-02-20T19:34:56.446+0800][gc,phases   ] GC(0)   Other: 0.21ms
[2025-02-20T19:34:56.446+0800][gc,heap     ] GC(0) Eden regions: 256->0(249)
[2025-02-20T19:34:56.446+0800][gc,heap     ] GC(0) Survivor regions: 0->7(32)
[2025-02-20T19:34:56.446+0800][gc,heap     ] GC(0) Old regions: 2->2
[2025-02-20T19:34:56.446+0800][gc,heap     ] GC(0) Humongous regions: 3->0
[2025-02-20T19:34:56.446+0800][gc,metaspace] GC(0) Metaspace: 11666K(11968K)->11666K(11968K) NonClass: 10247K(10432K)->10247K(10432K) Class: 1418K(1536K)->1418K(1536K)
[2025-02-20T19:34:56.446+0800][gc          ] GC(0) Pause Young (Normal) (G1 Evacuation Pause) 260M->7M(512M) 2.497ms
[2025-02-20T19:34:56.446+0800][gc,cpu      ] GC(0) User=0.01s Sys=0.01s Real=0.00s
[2025-02-20T19:34:56.716+0800][gc,start    ] GC(1) Pause Young (Normal) (G1 Evacuation Pause)
[2025-02-20T19:34:56.716+0800][gc,task     ] GC(1) Using 9 workers of 9 for evacuation
[2025-02-20T19:34:56.718+0800][gc,phases   ] GC(1)   Pre Evacuate Collection Set: 0.10ms
[2025-02-20T19:34:56.718+0800][gc,phases   ] GC(1)   Merge Heap Roots: 0.06ms
[2025-02-20T19:34:56.718+0800][gc,phases   ] GC(1)   Evacuate Collection Set: 2.14ms
[2025-02-20T19:34:56.718+0800][gc,phases   ] GC(1)   Post Evacuate Collection Set: 0.24ms
[2025-02-20T19:34:56.718+0800][gc,phases   ] GC(1)   Other: 0.04ms
[2025-02-20T19:34:56.718+0800][gc,heap     ] GC(1) Eden regions: 249->0(244)
[2025-02-20T19:34:56.718+0800][gc,heap     ] GC(1) Survivor regions: 7->12(32)
[2025-02-20T19:34:56.718+0800][gc,heap     ] GC(1) Old regions: 2->2
[2025-02-20T19:34:56.718+0800][gc,heap     ] GC(1) Humongous regions: 0->0
[2025-02-20T19:34:56.718+0800][gc,metaspace] GC(1) Metaspace: 18922K(19200K)->18922K(19200K) NonClass: 16628K(16768K)->16628K(16768K) Class: 2294K(2432K)->2294K(2432K)
[2025-02-20T19:34:56.718+0800][gc          ] GC(1) Pause Young (Normal) (G1 Evacuation Pause) 256M->12M(512M) 2.673ms
[2025-02-20T19:34:56.718+0800][gc,cpu      ] GC(1) User=0.01s Sys=0.01s Real=0.00s
[2025-02-20T19:34:56.920+0800][gc,start    ] GC(2) Pause Young (Normal) (G1 Evacuation Pause)
[2025-02-20T19:34:56.920+0800][gc,task     ] GC(2) Using 9 workers of 9 for evacuation
[2025-02-20T19:34:56.923+0800][gc,phases   ] GC(2)   Pre Evacuate Collection Set: 0.10ms
[2025-02-20T19:34:56.923+0800][gc,phases   ] GC(2)   Merge Heap Roots: 0.05ms
[2025-02-20T19:34:56.923+0800][gc,phases   ] GC(2)   Evacuate Collection Set: 2.49ms
[2025-02-20T19:34:56.923+0800][gc,phases   ] GC(2)   Post Evacuate Collection Set: 0.30ms
[2025-02-20T19:34:56.923+0800][gc,phases   ] GC(2)   Other: 0.04ms
[2025-02-20T19:34:56.923+0800][gc,heap     ] GC(2) Eden regions: 244->0(239)
[2025-02-20T19:34:56.923+0800][gc,heap     ] GC(2) Survivor regions: 12->17(32)
[2025-02-20T19:34:56.923+0800][gc,heap     ] GC(2) Old regions: 2->2
[2025-02-20T19:34:56.923+0800][gc,heap     ] GC(2) Humongous regions: 0->0
[2025-02-20T19:34:56.923+0800][gc,metaspace] GC(2) Metaspace: 20078K(20352K)->20078K(20352K) NonClass: 17656K(17792K)->17656K(17792K) Class: 2421K(2560K)->2421K(2560K)
[2025-02-20T19:34:56.923+0800][gc          ] GC(2) Pause Young (Normal) (G1 Evacuation Pause) 256M->17M(512M) 3.084ms
[2025-02-20T19:34:56.923+0800][gc,cpu      ] GC(2) User=0.02s Sys=0.00s Real=0.00s
[2025-02-20T19:34:56.969+0800][gc,start    ] GC(3) Pause Young (Concurrent Start) (Metadata GC Threshold)
[2025-02-20T19:34:56.969+0800][gc,task     ] GC(3) Using 9 workers of 9 for evacuation
[2025-02-20T19:34:56.972+0800][gc,phases   ] GC(3)   Pre Evacuate Collection Set: 0.13ms
[2025-02-20T19:34:56.972+0800][gc,phases   ] GC(3)   Merge Heap Roots: 0.04ms
[2025-02-20T19:34:56.972+0800][gc,phases   ] GC(3)   Evacuate Collection Set: 2.41ms
[2025-02-20T19:34:56.972+0800][gc,phases   ] GC(3)   Post Evacuate Collection Set: 0.27ms
[2025-02-20T19:34:56.972+0800][gc,phases   ] GC(3)   Other: 0.03ms
[2025-02-20T19:34:56.972+0800][gc,heap     ] GC(3) Eden regions: 46->0(238)
[2025-02-20T19:34:56.972+0800][gc,heap     ] GC(3) Survivor regions: 17->18(32)
[2025-02-20T19:34:56.972+0800][gc,heap     ] GC(3) Old regions: 2->2
[2025-02-20T19:34:56.972+0800][gc,heap     ] GC(3) Humongous regions: 0->0
[2025-02-20T19:34:56.972+0800][gc,metaspace] GC(3) Metaspace: 21261K(21504K)->21261K(21504K) NonClass: 18709K(18816K)->18709K(18816K) Class: 2551K(2688K)->2551K(2688K)
[2025-02-20T19:34:56.972+0800][gc          ] GC(3) Pause Young (Concurrent Start) (Metadata GC Threshold) 63M->18M(512M) 2.964ms
[2025-02-20T19:34:56.972+0800][gc,cpu      ] GC(3) User=0.02s Sys=0.00s Real=0.01s
[2025-02-20T19:34:56.972+0800][gc          ] GC(4) Concurrent Mark Cycle
[2025-02-20T19:34:56.972+0800][gc,marking  ] GC(4) Concurrent Scan Root Regions
[2025-02-20T19:34:56.974+0800][gc,marking  ] GC(4) Concurrent Scan Root Regions 1.869ms
[2025-02-20T19:34:56.974+0800][gc,marking  ] GC(4) Concurrent Mark
[2025-02-20T19:34:56.974+0800][gc,marking  ] GC(4) Concurrent Mark From Roots
[2025-02-20T19:34:56.974+0800][gc,task     ] GC(4) Using 2 workers of 2 for marking
[2025-02-20T19:34:56.974+0800][gc,marking  ] GC(4) Concurrent Mark From Roots 0.464ms
[2025-02-20T19:34:56.974+0800][gc,marking  ] GC(4) Concurrent Preclean
[2025-02-20T19:34:56.974+0800][gc,marking  ] GC(4) Concurrent Preclean 0.006ms
[2025-02-20T19:34:56.974+0800][gc,start    ] GC(4) Pause Remark
[2025-02-20T19:34:56.975+0800][gc          ] GC(4) Pause Remark 20M->20M(512M) 0.837ms
[2025-02-20T19:34:56.975+0800][gc,cpu      ] GC(4) User=0.00s Sys=0.01s Real=0.00s
[2025-02-20T19:34:56.975+0800][gc,marking  ] GC(4) Concurrent Mark 1.361ms
[2025-02-20T19:34:56.975+0800][gc,marking  ] GC(4) Concurrent Rebuild Remembered Sets and Scrub Regions
[2025-02-20T19:34:56.975+0800][gc,marking  ] GC(4) Concurrent Rebuild Remembered Sets and Scrub Regions 0.245ms
[2025-02-20T19:34:56.975+0800][gc,start    ] GC(4) Pause Cleanup
[2025-02-20T19:34:56.975+0800][gc          ] GC(4) Pause Cleanup 20M->20M(512M) 0.007ms
[2025-02-20T19:34:56.975+0800][gc,cpu      ] GC(4) User=0.00s Sys=0.00s Real=0.00s
[2025-02-20T19:34:56.975+0800][gc,marking  ] GC(4) Concurrent Clear Claimed Marks
[2025-02-20T19:34:56.975+0800][gc,marking  ] GC(4) Concurrent Clear Claimed Marks 0.018ms
[2025-02-20T19:34:56.975+0800][gc,marking  ] GC(4) Concurrent Cleanup for Next Mark
[2025-02-20T19:34:56.976+0800][gc,marking  ] GC(4) Concurrent Cleanup for Next Mark 0.445ms
[2025-02-20T19:34:56.976+0800][gc          ] GC(4) Concurrent Mark Cycle 4.013ms
[2025-02-20T19:34:57.277+0800][gc,start    ] GC(5) Pause Young (Prepare Mixed) (G1 Evacuation Pause)
[2025-02-20T19:34:57.277+0800][gc,task     ] GC(5) Using 9 workers of 9 for evacuation
[2025-02-20T19:34:57.280+0800][gc,phases   ] GC(5)   Pre Evacuate Collection Set: 0.10ms
[2025-02-20T19:34:57.280+0800][gc,phases   ] GC(5)   Merge Heap Roots: 0.06ms
[2025-02-20T19:34:57.280+0800][gc,phases   ] GC(5)   Evacuate Collection Set: 2.61ms
[2025-02-20T19:34:57.280+0800][gc,phases   ] GC(5)   Post Evacuate Collection Set: 0.38ms
[2025-02-20T19:34:57.280+0800][gc,phases   ] GC(5)   Other: 0.04ms
[2025-02-20T19:34:57.280+0800][gc,heap     ] GC(5) Eden regions: 238->0(236)
[2025-02-20T19:34:57.280+0800][gc,heap     ] GC(5) Survivor regions: 18->20(32)
[2025-02-20T19:34:57.280+0800][gc,heap     ] GC(5) Old regions: 2->2
[2025-02-20T19:34:57.280+0800][gc,heap     ] GC(5) Humongous regions: 0->0
[2025-02-20T19:34:57.280+0800][gc,metaspace] GC(5) Metaspace: 26131K(26432K)->26131K(26432K) NonClass: 22920K(23104K)->22920K(23104K) Class: 3211K(3328K)->3211K(3328K)
[2025-02-20T19:34:57.280+0800][gc          ] GC(5) Pause Young (Prepare Mixed) (G1 Evacuation Pause) 256M->20M(512M) 3.292ms
[2025-02-20T19:34:57.280+0800][gc,cpu      ] GC(5) User=0.03s Sys=0.00s Real=0.01s
[2025-02-20T19:34:57.656+0800][gc,start    ] GC(6) Pause Young (Mixed) (Metadata GC Threshold)
[2025-02-20T19:34:57.656+0800][gc,task     ] GC(6) Using 9 workers of 9 for evacuation
[2025-02-20T19:34:57.661+0800][gc,phases   ] GC(6)   Pre Evacuate Collection Set: 0.10ms
[2025-02-20T19:34:57.661+0800][gc,phases   ] GC(6)   Merge Heap Roots: 0.05ms
[2025-02-20T19:34:57.661+0800][gc,phases   ] GC(6)   Evacuate Collection Set: 3.85ms
[2025-02-20T19:34:57.661+0800][gc,phases   ] GC(6)   Post Evacuate Collection Set: 0.40ms
[2025-02-20T19:34:57.661+0800][gc,phases   ] GC(6)   Other: 0.03ms
[2025-02-20T19:34:57.661+0800][gc,heap     ] GC(6) Eden regions: 226->0(237)
[2025-02-20T19:34:57.661+0800][gc,heap     ] GC(6) Survivor regions: 20->19(32)
[2025-02-20T19:34:57.661+0800][gc,heap     ] GC(6) Old regions: 2->8
[2025-02-20T19:34:57.661+0800][gc,heap     ] GC(6) Humongous regions: 0->0
[2025-02-20T19:34:57.661+0800][gc,metaspace] GC(6) Metaspace: 35593K(35968K)->35593K(35968K) NonClass: 31221K(31424K)->31221K(31424K) Class: 4371K(4544K)->4371K(4544K)
[2025-02-20T19:34:57.661+0800][gc          ] GC(6) Pause Young (Mixed) (Metadata GC Threshold) 246M->25M(512M) 4.529ms
[2025-02-20T19:34:57.661+0800][gc,cpu      ] GC(6) User=0.03s Sys=0.00s Real=0.01s
[2025-02-20T19:34:57.672+0800][gc,start    ] GC(7) Pause Young (Concurrent Start) (Metadata GC Threshold)
[2025-02-20T19:34:57.672+0800][gc,task     ] GC(7) Using 9 workers of 9 for evacuation
[2025-02-20T19:34:57.675+0800][gc,phases   ] GC(7)   Pre Evacuate Collection Set: 0.09ms
[2025-02-20T19:34:57.675+0800][gc,phases   ] GC(7)   Merge Heap Roots: 0.03ms
[2025-02-20T19:34:57.675+0800][gc,phases   ] GC(7)   Evacuate Collection Set: 2.31ms
[2025-02-20T19:34:57.675+0800][gc,phases   ] GC(7)   Post Evacuate Collection Set: 0.23ms
[2025-02-20T19:34:57.675+0800][gc,phases   ] GC(7)   Other: 0.03ms
[2025-02-20T19:34:57.675+0800][gc,heap     ] GC(7) Eden regions: 5->0(241)
[2025-02-20T19:34:57.675+0800][gc,heap     ] GC(7) Survivor regions: 19->15(32)
[2025-02-20T19:34:57.675+0800][gc,heap     ] GC(7) Old regions: 8->13
[2025-02-20T19:34:57.675+0800][gc,heap     ] GC(7) Humongous regions: 0->0
[2025-02-20T19:34:57.675+0800][gc,metaspace] GC(7) Metaspace: 35949K(36288K)->35949K(36288K) NonClass: 31529K(31744K)->31529K(31744K) Class: 4420K(4544K)->4420K(4544K)
[2025-02-20T19:34:57.675+0800][gc          ] GC(7) Pause Young (Concurrent Start) (Metadata GC Threshold) 30M->27M(512M) 2.784ms
[2025-02-20T19:34:57.675+0800][gc          ] GC(8) Concurrent Mark Cycle
[2025-02-20T19:34:57.675+0800][gc,cpu      ] GC(7) User=0.02s Sys=0.01s Real=0.00s
[2025-02-20T19:34:57.675+0800][gc,marking  ] GC(8) Concurrent Scan Root Regions
[2025-02-20T19:34:57.677+0800][gc,marking  ] GC(8) Concurrent Scan Root Regions 2.400ms
[2025-02-20T19:34:57.677+0800][gc,marking  ] GC(8) Concurrent Mark
[2025-02-20T19:34:57.677+0800][gc,marking  ] GC(8) Concurrent Mark From Roots
[2025-02-20T19:34:57.677+0800][gc,task     ] GC(8) Using 2 workers of 2 for marking
[2025-02-20T19:34:57.679+0800][gc,marking  ] GC(8) Concurrent Mark From Roots 2.063ms
[2025-02-20T19:34:57.679+0800][gc,marking  ] GC(8) Concurrent Preclean
[2025-02-20T19:34:57.679+0800][gc,marking  ] GC(8) Concurrent Preclean 0.016ms
[2025-02-20T19:34:57.679+0800][gc,start    ] GC(8) Pause Remark
[2025-02-20T19:34:57.681+0800][gc          ] GC(8) Pause Remark 29M->29M(512M) 1.436ms
[2025-02-20T19:34:57.681+0800][gc,cpu      ] GC(8) User=0.01s Sys=0.00s Real=0.01s
[2025-02-20T19:34:57.681+0800][gc,marking  ] GC(8) Concurrent Mark 3.585ms
[2025-02-20T19:34:57.681+0800][gc,marking  ] GC(8) Concurrent Rebuild Remembered Sets and Scrub Regions
[2025-02-20T19:34:57.682+0800][gc,marking  ] GC(8) Concurrent Rebuild Remembered Sets and Scrub Regions 1.452ms
[2025-02-20T19:34:57.682+0800][gc,start    ] GC(8) Pause Cleanup
[2025-02-20T19:34:57.682+0800][gc          ] GC(8) Pause Cleanup 29M->29M(512M) 0.010ms
[2025-02-20T19:34:57.682+0800][gc,cpu      ] GC(8) User=0.00s Sys=0.00s Real=0.00s
[2025-02-20T19:34:57.682+0800][gc,marking  ] GC(8) Concurrent Clear Claimed Marks
[2025-02-20T19:34:57.682+0800][gc,marking  ] GC(8) Concurrent Clear Claimed Marks 0.008ms
[2025-02-20T19:34:57.682+0800][gc,marking  ] GC(8) Concurrent Cleanup for Next Mark
[2025-02-20T19:34:57.683+0800][gc,marking  ] GC(8) Concurrent Cleanup for Next Mark 0.398ms
[2025-02-20T19:34:57.683+0800][gc          ] GC(8) Concurrent Mark Cycle 7.935ms
[2025-02-20T19:34:58.212+0800][gc,start    ] GC(9) Pause Young (Normal) (G1 Evacuation Pause)
[2025-02-20T19:34:58.212+0800][gc,task     ] GC(9) Using 9 workers of 9 for evacuation
[2025-02-20T19:34:58.216+0800][gc,phases   ] GC(9)   Pre Evacuate Collection Set: 0.12ms
[2025-02-20T19:34:58.216+0800][gc,phases   ] GC(9)   Merge Heap Roots: 0.06ms
[2025-02-20T19:34:58.216+0800][gc,phases   ] GC(9)   Evacuate Collection Set: 3.77ms
[2025-02-20T19:34:58.216+0800][gc,phases   ] GC(9)   Post Evacuate Collection Set: 0.48ms
[2025-02-20T19:34:58.216+0800][gc,phases   ] GC(9)   Other: 0.05ms
[2025-02-20T19:34:58.216+0800][gc,heap     ] GC(9) Eden regions: 241->0(233)
[2025-02-20T19:34:58.216+0800][gc,heap     ] GC(9) Survivor regions: 15->23(32)
[2025-02-20T19:34:58.216+0800][gc,heap     ] GC(9) Old regions: 13->13
[2025-02-20T19:34:58.216+0800][gc,heap     ] GC(9) Humongous regions: 0->0
[2025-02-20T19:34:58.216+0800][gc,metaspace] GC(9) Metaspace: 49246K(49664K)->49246K(49664K) NonClass: 43187K(43392K)->43187K(43392K) Class: 6059K(6272K)->6059K(6272K)
[2025-02-20T19:34:58.216+0800][gc          ] GC(9) Pause Young (Normal) (G1 Evacuation Pause) 268M->35M(512M) 4.578ms
[2025-02-20T19:34:58.216+0800][gc,cpu      ] GC(9) User=0.04s Sys=0.01s Real=0.00s
[2025-02-20T19:34:59.614+0800][gc,start    ] GC(10) Pause Young (Normal) (G1 Evacuation Pause)
[2025-02-20T19:34:59.614+0800][gc,task     ] GC(10) Using 9 workers of 9 for evacuation
[2025-02-20T19:34:59.618+0800][gc,phases   ] GC(10)   Pre Evacuate Collection Set: 0.08ms
[2025-02-20T19:34:59.618+0800][gc,phases   ] GC(10)   Merge Heap Roots: 0.07ms
[2025-02-20T19:34:59.618+0800][gc,phases   ] GC(10)   Evacuate Collection Set: 3.64ms
[2025-02-20T19:34:59.618+0800][gc,phases   ] GC(10)   Post Evacuate Collection Set: 0.47ms
[2025-02-20T19:34:59.618+0800][gc,phases   ] GC(10)   Other: 0.04ms
[2025-02-20T19:34:59.618+0800][gc,heap     ] GC(10) Eden regions: 233->0(233)
[2025-02-20T19:34:59.618+0800][gc,heap     ] GC(10) Survivor regions: 23->23(32)
[2025-02-20T19:34:59.618+0800][gc,heap     ] GC(10) Old regions: 13->20
[2025-02-20T19:34:59.618+0800][gc,heap     ] GC(10) Humongous regions: 0->0
[2025-02-20T19:34:59.618+0800][gc,metaspace] GC(10) Metaspace: 59779K(60224K)->59779K(60224K) NonClass: 52320K(52544K)->52320K(52544K) Class: 7459K(7680K)->7459K(7680K)
[2025-02-20T19:34:59.618+0800][gc          ] GC(10) Pause Young (Normal) (G1 Evacuation Pause) 268M->42M(512M) 4.419ms
[2025-02-20T19:34:59.618+0800][gc,cpu      ] GC(10) User=0.04s Sys=0.00s Real=0.00s
[2025-02-20T19:34:59.642+0800][gc,start    ] GC(11) Pause Young (Concurrent Start) (Metadata GC Threshold)
[2025-02-20T19:34:59.642+0800][gc,task     ] GC(11) Using 9 workers of 9 for evacuation
[2025-02-20T19:34:59.646+0800][gc,phases   ] GC(11)   Pre Evacuate Collection Set: 0.09ms
[2025-02-20T19:34:59.646+0800][gc,phases   ] GC(11)   Merge Heap Roots: 0.04ms
[2025-02-20T19:34:59.646+0800][gc,phases   ] GC(11)   Evacuate Collection Set: 3.06ms
[2025-02-20T19:34:59.646+0800][gc,phases   ] GC(11)   Post Evacuate Collection Set: 0.26ms
[2025-02-20T19:34:59.646+0800][gc,phases   ] GC(11)   Other: 0.04ms
[2025-02-20T19:34:59.646+0800][gc,heap     ] GC(11) Eden regions: 12->0(239)
[2025-02-20T19:34:59.646+0800][gc,heap     ] GC(11) Survivor regions: 23->17(32)
[2025-02-20T19:34:59.646+0800][gc,heap     ] GC(11) Old regions: 20->25
[2025-02-20T19:34:59.646+0800][gc,heap     ] GC(11) Humongous regions: 0->0
[2025-02-20T19:34:59.646+0800][gc,metaspace] GC(11) Metaspace: 60276K(60736K)->60276K(60736K) NonClass: 52746K(52992K)->52746K(52992K) Class: 7529K(7744K)->7529K(7744K)
[2025-02-20T19:34:59.646+0800][gc          ] GC(11) Pause Young (Concurrent Start) (Metadata GC Threshold) 54M->41M(512M) 3.579ms
[2025-02-20T19:34:59.646+0800][gc          ] GC(12) Concurrent Mark Cycle
[2025-02-20T19:34:59.646+0800][gc,marking  ] GC(12) Concurrent Scan Root Regions
[2025-02-20T19:34:59.646+0800][gc,cpu      ] GC(11) User=0.03s Sys=0.00s Real=0.00s
[2025-02-20T19:34:59.649+0800][gc,marking  ] GC(12) Concurrent Scan Root Regions 3.168ms
[2025-02-20T19:34:59.649+0800][gc,marking  ] GC(12) Concurrent Mark
[2025-02-20T19:34:59.649+0800][gc,marking  ] GC(12) Concurrent Mark From Roots
[2025-02-20T19:34:59.649+0800][gc,task     ] GC(12) Using 2 workers of 2 for marking
[2025-02-20T19:34:59.654+0800][gc,marking  ] GC(12) Concurrent Mark From Roots 4.916ms
[2025-02-20T19:34:59.654+0800][gc,marking  ] GC(12) Concurrent Preclean
[2025-02-20T19:34:59.654+0800][gc,marking  ] GC(12) Concurrent Preclean 0.041ms
[2025-02-20T19:34:59.654+0800][gc,start    ] GC(12) Pause Remark
[2025-02-20T19:34:59.656+0800][gc          ] GC(12) Pause Remark 45M->45M(512M) 1.997ms
[2025-02-20T19:34:59.656+0800][gc,cpu      ] GC(12) User=0.02s Sys=0.00s Real=0.00s
[2025-02-20T19:34:59.656+0800][gc,marking  ] GC(12) Concurrent Mark 7.075ms
[2025-02-20T19:34:59.656+0800][gc,marking  ] GC(12) Concurrent Rebuild Remembered Sets and Scrub Regions
[2025-02-20T19:34:59.660+0800][gc,marking  ] GC(12) Concurrent Rebuild Remembered Sets and Scrub Regions 3.464ms
[2025-02-20T19:34:59.660+0800][gc,start    ] GC(12) Pause Cleanup
[2025-02-20T19:34:59.660+0800][gc          ] GC(12) Pause Cleanup 46M->46M(512M) 0.014ms
[2025-02-20T19:34:59.660+0800][gc,cpu      ] GC(12) User=0.00s Sys=0.00s Real=0.00s
[2025-02-20T19:34:59.660+0800][gc,marking  ] GC(12) Concurrent Clear Claimed Marks
[2025-02-20T19:34:59.660+0800][gc,marking  ] GC(12) Concurrent Clear Claimed Marks 0.051ms
[2025-02-20T19:34:59.660+0800][gc,marking  ] GC(12) Concurrent Cleanup for Next Mark
[2025-02-20T19:34:59.660+0800][gc,marking  ] GC(12) Concurrent Cleanup for Next Mark 0.201ms
[2025-02-20T19:34:59.660+0800][gc          ] GC(12) Concurrent Mark Cycle 14.154ms
[2025-02-20T19:35:01.250+0800][gc,start    ] GC(13) Pause Young (Prepare Mixed) (G1 Evacuation Pause)
[2025-02-20T19:35:01.250+0800][gc,task     ] GC(13) Using 9 workers of 9 for evacuation
[2025-02-20T19:35:01.263+0800][gc,phases   ] GC(13)   Pre Evacuate Collection Set: 0.13ms
[2025-02-20T19:35:01.263+0800][gc,phases   ] GC(13)   Merge Heap Roots: 0.07ms
[2025-02-20T19:35:01.263+0800][gc,phases   ] GC(13)   Evacuate Collection Set: 3.92ms
[2025-02-20T19:35:01.263+0800][gc,phases   ] GC(13)   Post Evacuate Collection Set: 8.52ms
[2025-02-20T19:35:01.263+0800][gc,phases   ] GC(13)   Other: 0.04ms
[2025-02-20T19:35:01.263+0800][gc,heap     ] GC(13) Eden regions: 239->0(225)
[2025-02-20T19:35:01.263+0800][gc,heap     ] GC(13) Survivor regions: 17->31(32)
[2025-02-20T19:35:01.263+0800][gc,heap     ] GC(13) Old regions: 25->25
[2025-02-20T19:35:01.263+0800][gc,heap     ] GC(13) Humongous regions: 0->0
[2025-02-20T19:35:01.263+0800][gc,metaspace] GC(13) Metaspace: 72449K(73024K)->72449K(73024K) NonClass: 63434K(63744K)->63434K(63744K) Class: 9014K(9280K)->9014K(9280K)
[2025-02-20T19:35:01.263+0800][gc          ] GC(13) Pause Young (Prepare Mixed) (G1 Evacuation Pause) 280M->55M(512M) 12.790ms
[2025-02-20T19:35:01.263+0800][gc,cpu      ] GC(13) User=0.03s Sys=0.00s Real=0.01s
[2025-02-20T19:35:01.546+0800][gc,start    ] GC(14) Pause Young (Mixed) (G1 Evacuation Pause)
[2025-02-20T19:35:01.546+0800][gc,task     ] GC(14) Using 9 workers of 9 for evacuation
[2025-02-20T19:35:01.551+0800][gc,phases   ] GC(14)   Pre Evacuate Collection Set: 0.12ms
[2025-02-20T19:35:01.551+0800][gc,phases   ] GC(14)   Merge Heap Roots: 0.05ms
[2025-02-20T19:35:01.551+0800][gc,phases   ] GC(14)   Evacuate Collection Set: 4.65ms
[2025-02-20T19:35:01.551+0800][gc,phases   ] GC(14)   Post Evacuate Collection Set: 0.52ms
[2025-02-20T19:35:01.551+0800][gc,phases   ] GC(14)   Other: 0.04ms
[2025-02-20T19:35:01.551+0800][gc,heap     ] GC(14) Eden regions: 225->0(235)
[2025-02-20T19:35:01.551+0800][gc,heap     ] GC(14) Survivor regions: 31->21(32)
[2025-02-20T19:35:01.551+0800][gc,heap     ] GC(14) Old regions: 25->40
[2025-02-20T19:35:01.551+0800][gc,heap     ] GC(14) Humongous regions: 0->0
[2025-02-20T19:35:01.552+0800][gc,metaspace] GC(14) Metaspace: 76179K(76800K)->76179K(76800K) NonClass: 66600K(66944K)->66600K(66944K) Class: 9579K(9856K)->9579K(9856K)
[2025-02-20T19:35:01.552+0800][gc          ] GC(14) Pause Young (Mixed) (G1 Evacuation Pause) 280M->60M(512M) 5.561ms
[2025-02-20T19:35:01.552+0800][gc,cpu      ] GC(14) User=0.04s Sys=0.01s Real=0.01s
[2025-02-20T19:51:51.255+0800][gc,heap,exit] Heap
[2025-02-20T19:51:51.256+0800][gc,heap,exit]  garbage-first heap   total reserved 524288K, committed 524288K, used 286169K [0x00000007e0000000, 0x0000000800000000)
[2025-02-20T19:51:51.256+0800][gc,heap,exit]   region size 1024K, 232 young (237568K), 21 survivors (21504K)
[2025-02-20T19:51:51.256+0800][gc,heap,exit]  Metaspace       used 82938K, committed 83712K, reserved 1179648K
[2025-02-20T19:51:51.256+0800][gc,heap,exit]   class space    used 10292K, committed 10688K, reserved 1048576K
