[2025-02-20T17:58:55.596+0800][gc,init] CardTable entry size: 512
[2025-02-20T17:58:55.596+0800][gc     ] Using G1
[2025-02-20T17:58:55.597+0800][gc,init] Version: 23.0.2+7-58 (release)
[2025-02-20T17:58:55.597+0800][gc,init] CPUs: 10 total, 10 available
[2025-02-20T17:58:55.597+0800][gc,init] Memory: 16384M
[2025-02-20T17:58:55.597+0800][gc,init] Large Page Support: Disabled
[2025-02-20T17:58:55.597+0800][gc,init] NUMA Support: Disabled
[2025-02-20T17:58:55.597+0800][gc,init] Compressed Oops: Enabled (Zero based)
[2025-02-20T17:58:55.597+0800][gc,init] Heap Region Size: 1M
[2025-02-20T17:58:55.597+0800][gc,init] Heap Min Capacity: 512M
[2025-02-20T17:58:55.597+0800][gc,init] Heap Initial Capacity: 512M
[2025-02-20T17:58:55.597+0800][gc,init] Heap Max Capacity: 512M
[2025-02-20T17:58:55.597+0800][gc,init] Pre-touch: Disabled
[2025-02-20T17:58:55.597+0800][gc,init] Parallel Workers: 9
[2025-02-20T17:58:55.597+0800][gc,init] Concurrent Workers: 2
[2025-02-20T17:58:55.597+0800][gc,init] Concurrent Refinement Workers: 9
[2025-02-20T17:58:55.597+0800][gc,init] Periodic GC: Disabled
[2025-02-20T17:58:55.599+0800][gc,metaspace] CDS archive(s) mapped at: [0x0000007800000000-0x0000007800d94000-0x0000007800d94000), size 14237696, SharedBaseAddress: 0x0000007800000000, ArchiveRelocationMode: 1.
[2025-02-20T17:58:55.599+0800][gc,metaspace] Compressed class space mapped at: 0x0000007801000000-0x0000007841000000, reserved size: 1073741824
[2025-02-20T17:58:55.599+0800][gc,metaspace] Narrow klass base: 0x0000007800000000, Narrow klass shift: 0, Narrow klass range: 0x100000000
[2025-02-20T17:58:56.106+0800][gc,start    ] GC(0) Pause Young (Normal) (G1 Evacuation Pause)
[2025-02-20T17:58:56.107+0800][gc,task     ] GC(0) Using 9 workers of 9 for evacuation
[2025-02-20T17:58:56.109+0800][gc,phases   ] GC(0)   Pre Evacuate Collection Set: 0.07ms
[2025-02-20T17:58:56.109+0800][gc,phases   ] GC(0)   Merge Heap Roots: 0.06ms
[2025-02-20T17:58:56.109+0800][gc,phases   ] GC(0)   Evacuate Collection Set: 1.56ms
[2025-02-20T17:58:56.109+0800][gc,phases   ] GC(0)   Post Evacuate Collection Set: 0.25ms
[2025-02-20T17:58:56.109+0800][gc,phases   ] GC(0)   Other: 0.17ms
[2025-02-20T17:58:56.109+0800][gc,heap     ] GC(0) Eden regions: 256->0(249)
[2025-02-20T17:58:56.109+0800][gc,heap     ] GC(0) Survivor regions: 0->7(32)
[2025-02-20T17:58:56.109+0800][gc,heap     ] GC(0) Old regions: 2->2
[2025-02-20T17:58:56.109+0800][gc,heap     ] GC(0) Humongous regions: 3->0
[2025-02-20T17:58:56.109+0800][gc,metaspace] GC(0) Metaspace: 11590K(11840K)->11590K(11840K) NonClass: 10180K(10304K)->10180K(10304K) Class: 1409K(1536K)->1409K(1536K)
[2025-02-20T17:58:56.109+0800][gc          ] GC(0) Pause Young (Normal) (G1 Evacuation Pause) 260M->7M(512M) 2.224ms
[2025-02-20T17:58:56.109+0800][gc,cpu      ] GC(0) User=0.01s Sys=0.00s Real=0.00s
[2025-02-20T17:58:56.387+0800][gc,start    ] GC(1) Pause Young (Normal) (G1 Evacuation Pause)
[2025-02-20T17:58:56.388+0800][gc,task     ] GC(1) Using 9 workers of 9 for evacuation
[2025-02-20T17:58:56.390+0800][gc,phases   ] GC(1)   Pre Evacuate Collection Set: 0.10ms
[2025-02-20T17:58:56.390+0800][gc,phases   ] GC(1)   Merge Heap Roots: 0.06ms
[2025-02-20T17:58:56.390+0800][gc,phases   ] GC(1)   Evacuate Collection Set: 2.33ms
[2025-02-20T17:58:56.390+0800][gc,phases   ] GC(1)   Post Evacuate Collection Set: 0.25ms
[2025-02-20T17:58:56.390+0800][gc,phases   ] GC(1)   Other: 0.03ms
[2025-02-20T17:58:56.390+0800][gc,heap     ] GC(1) Eden regions: 249->0(243)
[2025-02-20T17:58:56.390+0800][gc,heap     ] GC(1) Survivor regions: 7->13(32)
[2025-02-20T17:58:56.390+0800][gc,heap     ] GC(1) Old regions: 2->2
[2025-02-20T17:58:56.390+0800][gc,heap     ] GC(1) Humongous regions: 0->0
[2025-02-20T17:58:56.390+0800][gc,metaspace] GC(1) Metaspace: 18947K(19200K)->18947K(19200K) NonClass: 16651K(16768K)->16651K(16768K) Class: 2296K(2432K)->2296K(2432K)
[2025-02-20T17:58:56.390+0800][gc          ] GC(1) Pause Young (Normal) (G1 Evacuation Pause) 256M->13M(512M) 2.873ms
[2025-02-20T17:58:56.390+0800][gc,cpu      ] GC(1) User=0.02s Sys=0.01s Real=0.01s
[2025-02-20T17:58:56.597+0800][gc,start    ] GC(2) Pause Young (Normal) (G1 Evacuation Pause)
[2025-02-20T17:58:56.597+0800][gc,task     ] GC(2) Using 9 workers of 9 for evacuation
[2025-02-20T17:58:56.600+0800][gc,phases   ] GC(2)   Pre Evacuate Collection Set: 0.08ms
[2025-02-20T17:58:56.600+0800][gc,phases   ] GC(2)   Merge Heap Roots: 0.06ms
[2025-02-20T17:58:56.600+0800][gc,phases   ] GC(2)   Evacuate Collection Set: 2.47ms
[2025-02-20T17:58:56.600+0800][gc,phases   ] GC(2)   Post Evacuate Collection Set: 0.28ms
[2025-02-20T17:58:56.600+0800][gc,phases   ] GC(2)   Other: 0.04ms
[2025-02-20T17:58:56.600+0800][gc,heap     ] GC(2) Eden regions: 243->0(239)
[2025-02-20T17:58:56.600+0800][gc,heap     ] GC(2) Survivor regions: 13->17(32)
[2025-02-20T17:58:56.600+0800][gc,heap     ] GC(2) Old regions: 2->2
[2025-02-20T17:58:56.600+0800][gc,heap     ] GC(2) Humongous regions: 0->0
[2025-02-20T17:58:56.600+0800][gc,metaspace] GC(2) Metaspace: 20278K(20544K)->20278K(20544K) NonClass: 17837K(17984K)->17837K(17984K) Class: 2440K(2560K)->2440K(2560K)
[2025-02-20T17:58:56.600+0800][gc          ] GC(2) Pause Young (Normal) (G1 Evacuation Pause) 256M->18M(512M) 3.028ms
[2025-02-20T17:58:56.600+0800][gc,cpu      ] GC(2) User=0.02s Sys=0.00s Real=0.01s
[2025-02-20T17:58:56.622+0800][gc,start    ] GC(3) Pause Young (Concurrent Start) (Metadata GC Threshold)
[2025-02-20T17:58:56.622+0800][gc,task     ] GC(3) Using 9 workers of 9 for evacuation
[2025-02-20T17:58:56.624+0800][gc,phases   ] GC(3)   Pre Evacuate Collection Set: 0.10ms
[2025-02-20T17:58:56.624+0800][gc,phases   ] GC(3)   Merge Heap Roots: 0.04ms
[2025-02-20T17:58:56.624+0800][gc,phases   ] GC(3)   Evacuate Collection Set: 1.77ms
[2025-02-20T17:58:56.624+0800][gc,phases   ] GC(3)   Post Evacuate Collection Set: 0.27ms
[2025-02-20T17:58:56.624+0800][gc,phases   ] GC(3)   Other: 0.04ms
[2025-02-20T17:58:56.624+0800][gc,heap     ] GC(3) Eden regions: 17->0(238)
[2025-02-20T17:58:56.624+0800][gc,heap     ] GC(3) Survivor regions: 17->18(32)
[2025-02-20T17:58:56.624+0800][gc,heap     ] GC(3) Old regions: 2->2
[2025-02-20T17:58:56.624+0800][gc,heap     ] GC(3) Humongous regions: 0->0
[2025-02-20T17:58:56.624+0800][gc,metaspace] GC(3) Metaspace: 21264K(21504K)->21264K(21504K) NonClass: 18712K(18816K)->18712K(18816K) Class: 2551K(2688K)->2551K(2688K)
[2025-02-20T17:58:56.624+0800][gc          ] GC(3) Pause Young (Concurrent Start) (Metadata GC Threshold) 34M->18M(512M) 2.310ms
[2025-02-20T17:58:56.624+0800][gc,cpu      ] GC(3) User=0.02s Sys=0.00s Real=0.00s
[2025-02-20T17:58:56.624+0800][gc          ] GC(4) Concurrent Mark Cycle
[2025-02-20T17:58:56.624+0800][gc,marking  ] GC(4) Concurrent Scan Root Regions
[2025-02-20T17:58:56.626+0800][gc,marking  ] GC(4) Concurrent Scan Root Regions 1.914ms
[2025-02-20T17:58:56.626+0800][gc,marking  ] GC(4) Concurrent Mark
[2025-02-20T17:58:56.626+0800][gc,marking  ] GC(4) Concurrent Mark From Roots
[2025-02-20T17:58:56.626+0800][gc,task     ] GC(4) Using 2 workers of 2 for marking
[2025-02-20T17:58:56.626+0800][gc,marking  ] GC(4) Concurrent Mark From Roots 0.451ms
[2025-02-20T17:58:56.626+0800][gc,marking  ] GC(4) Concurrent Preclean
[2025-02-20T17:58:56.626+0800][gc,marking  ] GC(4) Concurrent Preclean 0.005ms
[2025-02-20T17:58:56.626+0800][gc,start    ] GC(4) Pause Remark
[2025-02-20T17:58:56.627+0800][gc          ] GC(4) Pause Remark 21M->21M(512M) 0.822ms
[2025-02-20T17:58:56.627+0800][gc,cpu      ] GC(4) User=0.00s Sys=0.00s Real=0.00s
[2025-02-20T17:58:56.627+0800][gc,marking  ] GC(4) Concurrent Mark 1.355ms
[2025-02-20T17:58:56.627+0800][gc,marking  ] GC(4) Concurrent Rebuild Remembered Sets and Scrub Regions
[2025-02-20T17:58:56.628+0800][gc,marking  ] GC(4) Concurrent Rebuild Remembered Sets and Scrub Regions 0.236ms
[2025-02-20T17:58:56.628+0800][gc,start    ] GC(4) Pause Cleanup
[2025-02-20T17:58:56.628+0800][gc          ] GC(4) Pause Cleanup 21M->21M(512M) 0.008ms
[2025-02-20T17:58:56.628+0800][gc,cpu      ] GC(4) User=0.00s Sys=0.00s Real=0.00s
[2025-02-20T17:58:56.628+0800][gc,marking  ] GC(4) Concurrent Clear Claimed Marks
[2025-02-20T17:58:56.628+0800][gc,marking  ] GC(4) Concurrent Clear Claimed Marks 0.017ms
[2025-02-20T17:58:56.628+0800][gc,marking  ] GC(4) Concurrent Cleanup for Next Mark
[2025-02-20T17:58:56.628+0800][gc,marking  ] GC(4) Concurrent Cleanup for Next Mark 0.489ms
[2025-02-20T17:58:56.628+0800][gc          ] GC(4) Concurrent Mark Cycle 4.110ms
[2025-02-20T17:58:56.957+0800][gc,start    ] GC(5) Pause Young (Prepare Mixed) (G1 Evacuation Pause)
[2025-02-20T17:58:56.957+0800][gc,task     ] GC(5) Using 9 workers of 9 for evacuation
[2025-02-20T17:58:56.961+0800][gc,phases   ] GC(5)   Pre Evacuate Collection Set: 0.10ms
[2025-02-20T17:58:56.961+0800][gc,phases   ] GC(5)   Merge Heap Roots: 0.07ms
[2025-02-20T17:58:56.961+0800][gc,phases   ] GC(5)   Evacuate Collection Set: 2.90ms
[2025-02-20T17:58:56.961+0800][gc,phases   ] GC(5)   Post Evacuate Collection Set: 0.49ms
[2025-02-20T17:58:56.961+0800][gc,phases   ] GC(5)   Other: 0.04ms
[2025-02-20T17:58:56.961+0800][gc,heap     ] GC(5) Eden regions: 238->0(241)
[2025-02-20T17:58:56.961+0800][gc,heap     ] GC(5) Survivor regions: 18->15(32)
[2025-02-20T17:58:56.961+0800][gc,heap     ] GC(5) Old regions: 2->9
[2025-02-20T17:58:56.961+0800][gc,heap     ] GC(5) Humongous regions: 0->0
[2025-02-20T17:58:56.961+0800][gc,metaspace] GC(5) Metaspace: 26709K(27008K)->26709K(27008K) NonClass: 23424K(23552K)->23424K(23552K) Class: 3285K(3456K)->3285K(3456K)
[2025-02-20T17:58:56.961+0800][gc          ] GC(5) Pause Young (Prepare Mixed) (G1 Evacuation Pause) 256M->21M(512M) 3.701ms
[2025-02-20T17:58:56.961+0800][gc,cpu      ] GC(5) User=0.03s Sys=0.00s Real=0.01s
[2025-02-20T17:58:57.347+0800][gc,start    ] GC(6) Pause Young (Mixed) (Metadata GC Threshold)
[2025-02-20T17:58:57.347+0800][gc,task     ] GC(6) Using 9 workers of 9 for evacuation
[2025-02-20T17:58:57.350+0800][gc,phases   ] GC(6)   Pre Evacuate Collection Set: 0.09ms
[2025-02-20T17:58:57.350+0800][gc,phases   ] GC(6)   Merge Heap Roots: 0.07ms
[2025-02-20T17:58:57.350+0800][gc,phases   ] GC(6)   Evacuate Collection Set: 2.30ms
[2025-02-20T17:58:57.350+0800][gc,phases   ] GC(6)   Post Evacuate Collection Set: 0.26ms
[2025-02-20T17:58:57.350+0800][gc,phases   ] GC(6)   Other: 0.04ms
[2025-02-20T17:58:57.350+0800][gc,heap     ] GC(6) Eden regions: 209->0(237)
[2025-02-20T17:58:57.350+0800][gc,heap     ] GC(6) Survivor regions: 15->19(32)
[2025-02-20T17:58:57.350+0800][gc,heap     ] GC(6) Old regions: 9->8
[2025-02-20T17:58:57.350+0800][gc,heap     ] GC(6) Humongous regions: 0->0
[2025-02-20T17:58:57.350+0800][gc,metaspace] GC(6) Metaspace: 35627K(35968K)->35627K(35968K) NonClass: 31255K(31424K)->31255K(31424K) Class: 4372K(4544K)->4372K(4544K)
[2025-02-20T17:58:57.350+0800][gc          ] GC(6) Pause Young (Mixed) (Metadata GC Threshold) 230M->26M(512M) 2.860ms
[2025-02-20T17:58:57.350+0800][gc,cpu      ] GC(6) User=0.02s Sys=0.00s Real=0.01s
[2025-02-20T17:58:57.363+0800][gc,start    ] GC(7) Pause Young (Concurrent Start) (Metadata GC Threshold)
[2025-02-20T17:58:57.363+0800][gc,task     ] GC(7) Using 9 workers of 9 for evacuation
[2025-02-20T17:58:57.366+0800][gc,phases   ] GC(7)   Pre Evacuate Collection Set: 0.08ms
[2025-02-20T17:58:57.366+0800][gc,phases   ] GC(7)   Merge Heap Roots: 0.02ms
[2025-02-20T17:58:57.366+0800][gc,phases   ] GC(7)   Evacuate Collection Set: 2.31ms
[2025-02-20T17:58:57.366+0800][gc,phases   ] GC(7)   Post Evacuate Collection Set: 0.23ms
[2025-02-20T17:58:57.366+0800][gc,phases   ] GC(7)   Other: 0.04ms
[2025-02-20T17:58:57.366+0800][gc,heap     ] GC(7) Eden regions: 5->0(242)
[2025-02-20T17:58:57.366+0800][gc,heap     ] GC(7) Survivor regions: 19->14(32)
[2025-02-20T17:58:57.366+0800][gc,heap     ] GC(7) Old regions: 8->13
[2025-02-20T17:58:57.366+0800][gc,heap     ] GC(7) Humongous regions: 0->0
[2025-02-20T17:58:57.366+0800][gc,metaspace] GC(7) Metaspace: 35986K(36288K)->35986K(36288K) NonClass: 31566K(31744K)->31566K(31744K) Class: 4420K(4544K)->4420K(4544K)
[2025-02-20T17:58:57.366+0800][gc          ] GC(7) Pause Young (Concurrent Start) (Metadata GC Threshold) 31M->26M(512M) 2.780ms
[2025-02-20T17:58:57.366+0800][gc          ] GC(8) Concurrent Mark Cycle
[2025-02-20T17:58:57.366+0800][gc,cpu      ] GC(7) User=0.03s Sys=0.00s Real=0.00s
[2025-02-20T17:58:57.366+0800][gc,marking  ] GC(8) Concurrent Scan Root Regions
[2025-02-20T17:58:57.368+0800][gc,marking  ] GC(8) Concurrent Scan Root Regions 2.426ms
[2025-02-20T17:58:57.368+0800][gc,marking  ] GC(8) Concurrent Mark
[2025-02-20T17:58:57.368+0800][gc,marking  ] GC(8) Concurrent Mark From Roots
[2025-02-20T17:58:57.368+0800][gc,task     ] GC(8) Using 2 workers of 2 for marking
[2025-02-20T17:58:57.371+0800][gc,marking  ] GC(8) Concurrent Mark From Roots 2.972ms
[2025-02-20T17:58:57.371+0800][gc,marking  ] GC(8) Concurrent Preclean
[2025-02-20T17:58:57.371+0800][gc,marking  ] GC(8) Concurrent Preclean 0.022ms
[2025-02-20T17:58:57.371+0800][gc,start    ] GC(8) Pause Remark
[2025-02-20T17:58:57.373+0800][gc          ] GC(8) Pause Remark 28M->28M(512M) 1.769ms
[2025-02-20T17:58:57.373+0800][gc,cpu      ] GC(8) User=0.01s Sys=0.00s Real=0.00s
[2025-02-20T17:58:57.373+0800][gc,marking  ] GC(8) Concurrent Mark 4.886ms
[2025-02-20T17:58:57.373+0800][gc,marking  ] GC(8) Concurrent Rebuild Remembered Sets and Scrub Regions
[2025-02-20T17:58:57.375+0800][gc,marking  ] GC(8) Concurrent Rebuild Remembered Sets and Scrub Regions 2.306ms
[2025-02-20T17:58:57.375+0800][gc,start    ] GC(8) Pause Cleanup
[2025-02-20T17:58:57.375+0800][gc          ] GC(8) Pause Cleanup 29M->29M(512M) 0.012ms
[2025-02-20T17:58:57.375+0800][gc,cpu      ] GC(8) User=0.00s Sys=0.00s Real=0.00s
[2025-02-20T17:58:57.376+0800][gc,marking  ] GC(8) Concurrent Clear Claimed Marks
[2025-02-20T17:58:57.376+0800][gc,marking  ] GC(8) Concurrent Clear Claimed Marks 0.011ms
[2025-02-20T17:58:57.376+0800][gc,marking  ] GC(8) Concurrent Cleanup for Next Mark
[2025-02-20T17:58:57.376+0800][gc,marking  ] GC(8) Concurrent Cleanup for Next Mark 0.516ms
[2025-02-20T17:58:57.376+0800][gc          ] GC(8) Concurrent Mark Cycle 10.280ms
[2025-02-20T17:58:57.905+0800][gc,start    ] GC(9) Pause Young (Prepare Mixed) (G1 Evacuation Pause)
[2025-02-20T17:58:57.905+0800][gc,task     ] GC(9) Using 9 workers of 9 for evacuation
[2025-02-20T17:58:57.909+0800][gc,phases   ] GC(9)   Pre Evacuate Collection Set: 0.10ms
[2025-02-20T17:58:57.909+0800][gc,phases   ] GC(9)   Merge Heap Roots: 0.06ms
[2025-02-20T17:58:57.909+0800][gc,phases   ] GC(9)   Evacuate Collection Set: 3.83ms
[2025-02-20T17:58:57.909+0800][gc,phases   ] GC(9)   Post Evacuate Collection Set: 0.55ms
[2025-02-20T17:58:57.909+0800][gc,phases   ] GC(9)   Other: 0.04ms
[2025-02-20T17:58:57.909+0800][gc,heap     ] GC(9) Eden regions: 242->0(232)
[2025-02-20T17:58:57.909+0800][gc,heap     ] GC(9) Survivor regions: 14->24(32)
[2025-02-20T17:58:57.909+0800][gc,heap     ] GC(9) Old regions: 13->13
[2025-02-20T17:58:57.909+0800][gc,heap     ] GC(9) Humongous regions: 0->0
[2025-02-20T17:58:57.909+0800][gc,metaspace] GC(9) Metaspace: 48457K(48960K)->48457K(48960K) NonClass: 42404K(42688K)->42404K(42688K) Class: 6052K(6272K)->6052K(6272K)
[2025-02-20T17:58:57.909+0800][gc          ] GC(9) Pause Young (Prepare Mixed) (G1 Evacuation Pause) 268M->36M(512M) 4.697ms
[2025-02-20T17:58:57.909+0800][gc,cpu      ] GC(9) User=0.04s Sys=0.00s Real=0.00s
[2025-02-20T17:58:58.274+0800][gc,start    ] GC(10) Pause Young (Mixed) (Metadata GC Threshold)
[2025-02-20T17:58:58.274+0800][gc,task     ] GC(10) Using 9 workers of 9 for evacuation
[2025-02-20T17:58:58.279+0800][gc,phases   ] GC(10)   Pre Evacuate Collection Set: 0.13ms
[2025-02-20T17:58:58.279+0800][gc,phases   ] GC(10)   Merge Heap Roots: 0.05ms
[2025-02-20T17:58:58.279+0800][gc,phases   ] GC(10)   Evacuate Collection Set: 4.56ms
[2025-02-20T17:58:58.279+0800][gc,phases   ] GC(10)   Post Evacuate Collection Set: 0.40ms
[2025-02-20T17:58:58.279+0800][gc,phases   ] GC(10)   Other: 0.04ms
[2025-02-20T17:58:58.279+0800][gc,heap     ] GC(10) Eden regions: 207->0(235)
[2025-02-20T17:58:58.279+0800][gc,heap     ] GC(10) Survivor regions: 24->21(32)
[2025-02-20T17:58:58.279+0800][gc,heap     ] GC(10) Old regions: 13->20
[2025-02-20T17:58:58.279+0800][gc,heap     ] GC(10) Humongous regions: 0->0
[2025-02-20T17:58:58.279+0800][gc,metaspace] GC(10) Metaspace: 60250K(60800K)->60250K(60800K) NonClass: 52801K(53120K)->52801K(53120K) Class: 7449K(7680K)->7449K(7680K)
[2025-02-20T17:58:58.279+0800][gc          ] GC(10) Pause Young (Mixed) (Metadata GC Threshold) 243M->40M(512M) 5.307ms
[2025-02-20T17:58:58.279+0800][gc,cpu      ] GC(10) User=0.03s Sys=0.00s Real=0.00s
[2025-02-20T17:58:58.288+0800][gc,start    ] GC(11) Pause Young (Concurrent Start) (Metadata GC Threshold)
[2025-02-20T17:58:58.288+0800][gc,task     ] GC(11) Using 9 workers of 9 for evacuation
[2025-02-20T17:58:58.291+0800][gc,phases   ] GC(11)   Pre Evacuate Collection Set: 0.09ms
[2025-02-20T17:58:58.291+0800][gc,phases   ] GC(11)   Merge Heap Roots: 0.03ms
[2025-02-20T17:58:58.291+0800][gc,phases   ] GC(11)   Evacuate Collection Set: 2.52ms
[2025-02-20T17:58:58.291+0800][gc,phases   ] GC(11)   Post Evacuate Collection Set: 0.21ms
[2025-02-20T17:58:58.291+0800][gc,phases   ] GC(11)   Other: 0.04ms
[2025-02-20T17:58:58.291+0800][gc,heap     ] GC(11) Eden regions: 6->0(239)
[2025-02-20T17:58:58.291+0800][gc,heap     ] GC(11) Survivor regions: 21->17(32)
[2025-02-20T17:58:58.291+0800][gc,heap     ] GC(11) Old regions: 20->25
[2025-02-20T17:58:58.291+0800][gc,heap     ] GC(11) Humongous regions: 0->0
[2025-02-20T17:58:58.291+0800][gc,metaspace] GC(11) Metaspace: 60612K(61120K)->60612K(61120K) NonClass: 53123K(53376K)->53123K(53376K) Class: 7489K(7744K)->7489K(7744K)
[2025-02-20T17:58:58.291+0800][gc          ] GC(11) Pause Young (Concurrent Start) (Metadata GC Threshold) 46M->40M(512M) 2.987ms
[2025-02-20T17:58:58.291+0800][gc          ] GC(12) Concurrent Mark Cycle
[2025-02-20T17:58:58.291+0800][gc,cpu      ] GC(11) User=0.02s Sys=0.00s Real=0.01s
[2025-02-20T17:58:58.291+0800][gc,marking  ] GC(12) Concurrent Scan Root Regions
[2025-02-20T17:58:58.295+0800][gc,marking  ] GC(12) Concurrent Scan Root Regions 3.254ms
[2025-02-20T17:58:58.295+0800][gc,marking  ] GC(12) Concurrent Mark
[2025-02-20T17:58:58.295+0800][gc,marking  ] GC(12) Concurrent Mark From Roots
[2025-02-20T17:58:58.295+0800][gc,task     ] GC(12) Using 2 workers of 2 for marking
[2025-02-20T17:58:58.301+0800][gc,marking  ] GC(12) Concurrent Mark From Roots 6.717ms
[2025-02-20T17:58:58.301+0800][gc,marking  ] GC(12) Concurrent Preclean
[2025-02-20T17:58:58.302+0800][gc,marking  ] GC(12) Concurrent Preclean 0.036ms
[2025-02-20T17:58:58.302+0800][gc,start    ] GC(12) Pause Remark
[2025-02-20T17:58:58.303+0800][gc          ] GC(12) Pause Remark 44M->44M(512M) 1.670ms
[2025-02-20T17:58:58.303+0800][gc,cpu      ] GC(12) User=0.01s Sys=0.00s Real=0.00s
[2025-02-20T17:58:58.303+0800][gc,marking  ] GC(12) Concurrent Mark 8.537ms
[2025-02-20T17:58:58.303+0800][gc,marking  ] GC(12) Concurrent Rebuild Remembered Sets and Scrub Regions
[2025-02-20T17:58:58.307+0800][gc,marking  ] GC(12) Concurrent Rebuild Remembered Sets and Scrub Regions 3.946ms
[2025-02-20T17:58:58.307+0800][gc,start    ] GC(12) Pause Cleanup
[2025-02-20T17:58:58.307+0800][gc          ] GC(12) Pause Cleanup 45M->45M(512M) 0.013ms
[2025-02-20T17:58:58.307+0800][gc,cpu      ] GC(12) User=0.00s Sys=0.00s Real=0.00s
[2025-02-20T17:58:58.307+0800][gc,marking  ] GC(12) Concurrent Clear Claimed Marks
[2025-02-20T17:58:58.307+0800][gc,marking  ] GC(12) Concurrent Clear Claimed Marks 0.019ms
[2025-02-20T17:58:58.307+0800][gc,marking  ] GC(12) Concurrent Cleanup for Next Mark
[2025-02-20T17:58:58.308+0800][gc,marking  ] GC(12) Concurrent Cleanup for Next Mark 0.177ms
[2025-02-20T17:58:58.308+0800][gc          ] GC(12) Concurrent Mark Cycle 16.059ms
[2025-02-20T17:58:59.797+0800][gc,start    ] GC(13) Pause Young (Prepare Mixed) (G1 Evacuation Pause)
[2025-02-20T17:58:59.797+0800][gc,task     ] GC(13) Using 9 workers of 9 for evacuation
[2025-02-20T17:58:59.801+0800][gc,phases   ] GC(13)   Pre Evacuate Collection Set: 0.13ms
[2025-02-20T17:58:59.801+0800][gc,phases   ] GC(13)   Merge Heap Roots: 0.07ms
[2025-02-20T17:58:59.801+0800][gc,phases   ] GC(13)   Evacuate Collection Set: 3.51ms
[2025-02-20T17:58:59.801+0800][gc,phases   ] GC(13)   Post Evacuate Collection Set: 0.37ms
[2025-02-20T17:58:59.801+0800][gc,phases   ] GC(13)   Other: 0.04ms
[2025-02-20T17:58:59.801+0800][gc,heap     ] GC(13) Eden regions: 239->0(224)
[2025-02-20T17:58:59.801+0800][gc,heap     ] GC(13) Survivor regions: 17->32(32)
[2025-02-20T17:58:59.801+0800][gc,heap     ] GC(13) Old regions: 25->25
[2025-02-20T17:58:59.801+0800][gc,heap     ] GC(13) Humongous regions: 0->0
[2025-02-20T17:58:59.801+0800][gc,metaspace] GC(13) Metaspace: 69094K(69696K)->69094K(69696K) NonClass: 60472K(60800K)->60472K(60800K) Class: 8621K(8896K)->8621K(8896K)
[2025-02-20T17:58:59.801+0800][gc          ] GC(13) Pause Young (Prepare Mixed) (G1 Evacuation Pause) 279M->56M(512M) 4.225ms
[2025-02-20T17:58:59.801+0800][gc,cpu      ] GC(13) User=0.03s Sys=0.00s Real=0.01s
[2025-02-20T17:59:04.529+0800][gc,start    ] GC(14) Pause Young (Mixed) (G1 Evacuation Pause)
[2025-02-20T17:59:04.529+0800][gc,task     ] GC(14) Using 9 workers of 9 for evacuation
[2025-02-20T17:59:04.552+0800][gc,phases   ] GC(14)   Pre Evacuate Collection Set: 0.31ms
[2025-02-20T17:59:04.552+0800][gc,phases   ] GC(14)   Merge Heap Roots: 0.18ms
[2025-02-20T17:59:04.552+0800][gc,phases   ] GC(14)   Evacuate Collection Set: 22.04ms
[2025-02-20T17:59:04.552+0800][gc,phases   ] GC(14)   Post Evacuate Collection Set: 0.80ms
[2025-02-20T17:59:04.552+0800][gc,phases   ] GC(14)   Other: 0.09ms
[2025-02-20T17:59:04.552+0800][gc,heap     ] GC(14) Eden regions: 224->0(234)
[2025-02-20T17:59:04.552+0800][gc,heap     ] GC(14) Survivor regions: 32->22(32)
[2025-02-20T17:59:04.552+0800][gc,heap     ] GC(14) Old regions: 25->40
[2025-02-20T17:59:04.552+0800][gc,heap     ] GC(14) Humongous regions: 0->0
[2025-02-20T17:59:04.552+0800][gc,metaspace] GC(14) Metaspace: 73599K(74240K)->73599K(74240K) NonClass: 64297K(64640K)->64297K(64640K) Class: 9302K(9600K)->9302K(9600K)
[2025-02-20T17:59:04.552+0800][gc          ] GC(14) Pause Young (Mixed) (G1 Evacuation Pause) 280M->60M(512M) 23.790ms
[2025-02-20T17:59:04.552+0800][gc,cpu      ] GC(14) User=0.06s Sys=0.04s Real=0.03s
[2025-02-20T17:59:04.556+0800][gc,start    ] GC(15) Pause Young (Concurrent Start) (G1 Humongous Allocation)
[2025-02-20T17:59:04.556+0800][gc,task     ] GC(15) Using 9 workers of 9 for evacuation
[2025-02-20T17:59:04.560+0800][gc,phases   ] GC(15)   Pre Evacuate Collection Set: 0.14ms
[2025-02-20T17:59:04.560+0800][gc,phases   ] GC(15)   Merge Heap Roots: 0.05ms
[2025-02-20T17:59:04.560+0800][gc,phases   ] GC(15)   Evacuate Collection Set: 3.96ms
[2025-02-20T17:59:04.560+0800][gc,phases   ] GC(15)   Post Evacuate Collection Set: 0.24ms
[2025-02-20T17:59:04.560+0800][gc,phases   ] GC(15)   Other: 0.06ms
[2025-02-20T17:59:04.560+0800][gc,heap     ] GC(15) Eden regions: 2->0(249)
[2025-02-20T17:59:04.560+0800][gc,heap     ] GC(15) Survivor regions: 22->7(32)
[2025-02-20T17:59:04.560+0800][gc,heap     ] GC(15) Old regions: 40->56
[2025-02-20T17:59:04.560+0800][gc,heap     ] GC(15) Humongous regions: 0->0
[2025-02-20T17:59:04.560+0800][gc,metaspace] GC(15) Metaspace: 73682K(74304K)->73682K(74304K) NonClass: 64372K(64704K)->64372K(64704K) Class: 9310K(9600K)->9310K(9600K)
[2025-02-20T17:59:04.560+0800][gc          ] GC(15) Pause Young (Concurrent Start) (G1 Humongous Allocation) 62M->62M(512M) 4.621ms
[2025-02-20T17:59:04.561+0800][gc          ] GC(16) Concurrent Mark Cycle
[2025-02-20T17:59:04.561+0800][gc,cpu      ] GC(15) User=0.02s Sys=0.01s Real=0.01s
[2025-02-20T17:59:04.561+0800][gc,marking  ] GC(16) Concurrent Scan Root Regions
[2025-02-20T17:59:04.565+0800][gc,marking  ] GC(16) Concurrent Scan Root Regions 4.063ms
[2025-02-20T17:59:04.565+0800][gc,marking  ] GC(16) Concurrent Mark
[2025-02-20T17:59:04.565+0800][gc,marking  ] GC(16) Concurrent Mark From Roots
[2025-02-20T17:59:04.565+0800][gc,task     ] GC(16) Using 2 workers of 2 for marking
[2025-02-20T17:59:04.577+0800][gc,marking  ] GC(16) Concurrent Mark From Roots 12.138ms
[2025-02-20T17:59:04.577+0800][gc,marking  ] GC(16) Concurrent Preclean
[2025-02-20T17:59:04.577+0800][gc,marking  ] GC(16) Concurrent Preclean 0.037ms
[2025-02-20T17:59:04.577+0800][gc,start    ] GC(16) Pause Remark
[2025-02-20T17:59:04.579+0800][gc          ] GC(16) Pause Remark 68M->68M(512M) 1.997ms
[2025-02-20T17:59:04.579+0800][gc,cpu      ] GC(16) User=0.01s Sys=0.01s Real=0.00s
[2025-02-20T17:59:04.579+0800][gc,marking  ] GC(16) Concurrent Mark 14.516ms
[2025-02-20T17:59:04.579+0800][gc,marking  ] GC(16) Concurrent Rebuild Remembered Sets and Scrub Regions
[2025-02-20T17:59:04.586+0800][gc,marking  ] GC(16) Concurrent Rebuild Remembered Sets and Scrub Regions 7.148ms
[2025-02-20T17:59:04.587+0800][gc,start    ] GC(16) Pause Cleanup
[2025-02-20T17:59:04.587+0800][gc          ] GC(16) Pause Cleanup 71M->71M(512M) 0.020ms
[2025-02-20T17:59:04.587+0800][gc,cpu      ] GC(16) User=0.00s Sys=0.00s Real=0.00s
[2025-02-20T17:59:04.587+0800][gc,marking  ] GC(16) Concurrent Clear Claimed Marks
[2025-02-20T17:59:04.587+0800][gc,marking  ] GC(16) Concurrent Clear Claimed Marks 0.037ms
[2025-02-20T17:59:04.587+0800][gc,marking  ] GC(16) Concurrent Cleanup for Next Mark
[2025-02-20T17:59:04.587+0800][gc,marking  ] GC(16) Concurrent Cleanup for Next Mark 0.225ms
[2025-02-20T17:59:04.587+0800][gc          ] GC(16) Concurrent Mark Cycle 26.470ms
[2025-02-20T18:42:30.067+0800][gc,start    ] GC(17) Pause Young (Prepare Mixed) (G1 Evacuation Pause)
[2025-02-20T18:42:30.068+0800][gc,task     ] GC(17) Using 9 workers of 9 for evacuation
[2025-02-20T18:42:30.099+0800][gc,phases   ] GC(17)   Pre Evacuate Collection Set: 1.46ms
[2025-02-20T18:42:30.099+0800][gc,phases   ] GC(17)   Merge Heap Roots: 0.51ms
[2025-02-20T18:42:30.099+0800][gc,phases   ] GC(17)   Evacuate Collection Set: 26.53ms
[2025-02-20T18:42:30.099+0800][gc,phases   ] GC(17)   Post Evacuate Collection Set: 1.45ms
[2025-02-20T18:42:30.099+0800][gc,phases   ] GC(17)   Other: 0.22ms
[2025-02-20T18:42:30.099+0800][gc,heap     ] GC(17) Eden regions: 249->0(244)
[2025-02-20T18:42:30.099+0800][gc,heap     ] GC(17) Survivor regions: 7->12(32)
[2025-02-20T18:42:30.099+0800][gc,heap     ] GC(17) Old regions: 56->56
[2025-02-20T18:42:30.099+0800][gc,heap     ] GC(17) Humongous regions: 8->8
[2025-02-20T18:42:30.099+0800][gc,metaspace] GC(17) Metaspace: 78864K(79616K)->78864K(79616K) NonClass: 69082K(69504K)->69082K(69504K) Class: 9782K(10112K)->9782K(10112K)
[2025-02-20T18:42:30.099+0800][gc          ] GC(17) Pause Young (Prepare Mixed) (G1 Evacuation Pause) 319M->74M(512M) 31.580ms
[2025-02-20T18:42:30.099+0800][gc,cpu      ] GC(17) User=0.05s Sys=0.10s Real=0.03s
[2025-02-20T19:34:48.643+0800][gc,heap,exit] Heap
[2025-02-20T19:34:48.643+0800][gc,heap,exit]  garbage-first heap   total reserved 524288K, committed 524288K, used 311690K [0x00000007e0000000, 0x0000000800000000)
[2025-02-20T19:34:48.643+0800][gc,heap,exit]   region size 1024K, 242 young (247808K), 12 survivors (12288K)
[2025-02-20T19:34:48.643+0800][gc,heap,exit]  Metaspace       used 80462K, committed 81152K, reserved 1179648K
[2025-02-20T19:34:48.643+0800][gc,heap,exit]   class space    used 9897K, committed 10176K, reserved 1048576K
