[2025-02-25T11:53:49.004+0800][gc,init] CardTable entry size: 512
[2025-02-25T11:53:49.004+0800][gc     ] Using G1
[2025-02-25T11:53:49.005+0800][gc,init] Version: 23.0.2+7-58 (release)
[2025-02-25T11:53:49.005+0800][gc,init] CPUs: 10 total, 10 available
[2025-02-25T11:53:49.005+0800][gc,init] Memory: 16384M
[2025-02-25T11:53:49.005+0800][gc,init] Large Page Support: Disabled
[2025-02-25T11:53:49.005+0800][gc,init] NUMA Support: Disabled
[2025-02-25T11:53:49.005+0800][gc,init] Compressed Oops: Enabled (Zero based)
[2025-02-25T11:53:49.005+0800][gc,init] Heap Region Size: 1M
[2025-02-25T11:53:49.005+0800][gc,init] Heap Min Capacity: 512M
[2025-02-25T11:53:49.005+0800][gc,init] Heap Initial Capacity: 512M
[2025-02-25T11:53:49.005+0800][gc,init] Heap Max Capacity: 512M
[2025-02-25T11:53:49.005+0800][gc,init] Pre-touch: Disabled
[2025-02-25T11:53:49.005+0800][gc,init] Parallel Workers: 9
[2025-02-25T11:53:49.005+0800][gc,init] Concurrent Workers: 2
[2025-02-25T11:53:49.005+0800][gc,init] Concurrent Refinement Workers: 9
[2025-02-25T11:53:49.005+0800][gc,init] Periodic GC: Disabled
[2025-02-25T11:53:49.007+0800][gc,metaspace] CDS archive(s) mapped at: [0x0000078000000000-0x0000078000d94000-0x0000078000d94000), size 14237696, SharedBaseAddress: 0x0000078000000000, ArchiveRelocationMode: 1.
[2025-02-25T11:53:49.007+0800][gc,metaspace] Compressed class space mapped at: 0x0000078001000000-0x0000078041000000, reserved size: 1073741824
[2025-02-25T11:53:49.007+0800][gc,metaspace] Narrow klass base: 0x0000078000000000, Narrow klass shift: 0, Narrow klass range: 0x100000000
[2025-02-25T11:53:49.510+0800][gc,start    ] GC(0) Pause Young (Normal) (G1 Evacuation Pause)
[2025-02-25T11:53:49.511+0800][gc,task     ] GC(0) Using 9 workers of 9 for evacuation
[2025-02-25T11:53:49.513+0800][gc,phases   ] GC(0)   Pre Evacuate Collection Set: 0.11ms
[2025-02-25T11:53:49.513+0800][gc,phases   ] GC(0)   Merge Heap Roots: 0.07ms
[2025-02-25T11:53:49.513+0800][gc,phases   ] GC(0)   Evacuate Collection Set: 1.69ms
[2025-02-25T11:53:49.513+0800][gc,phases   ] GC(0)   Post Evacuate Collection Set: 0.24ms
[2025-02-25T11:53:49.513+0800][gc,phases   ] GC(0)   Other: 0.42ms
[2025-02-25T11:53:49.513+0800][gc,heap     ] GC(0) Eden regions: 256->0(249)
[2025-02-25T11:53:49.513+0800][gc,heap     ] GC(0) Survivor regions: 0->7(32)
[2025-02-25T11:53:49.513+0800][gc,heap     ] GC(0) Old regions: 2->2
[2025-02-25T11:53:49.513+0800][gc,heap     ] GC(0) Humongous regions: 3->0
[2025-02-25T11:53:49.513+0800][gc,metaspace] GC(0) Metaspace: 11553K(11840K)->11553K(11840K) NonClass: 10145K(10304K)->10145K(10304K) Class: 1408K(1536K)->1408K(1536K)
[2025-02-25T11:53:49.513+0800][gc          ] GC(0) Pause Young (Normal) (G1 Evacuation Pause) 260M->7M(512M) 2.650ms
[2025-02-25T11:53:49.513+0800][gc,cpu      ] GC(0) User=0.01s Sys=0.01s Real=0.00s
[2025-02-25T11:53:49.682+0800][gc,start    ] GC(1) Pause Young (Normal) (G1 Evacuation Pause)
[2025-02-25T11:53:49.682+0800][gc,task     ] GC(1) Using 9 workers of 9 for evacuation
[2025-02-25T11:53:49.684+0800][gc,phases   ] GC(1)   Pre Evacuate Collection Set: 0.11ms
[2025-02-25T11:53:49.684+0800][gc,phases   ] GC(1)   Merge Heap Roots: 0.06ms
[2025-02-25T11:53:49.684+0800][gc,phases   ] GC(1)   Evacuate Collection Set: 1.67ms
[2025-02-25T11:53:49.684+0800][gc,phases   ] GC(1)   Post Evacuate Collection Set: 0.25ms
[2025-02-25T11:53:49.684+0800][gc,phases   ] GC(1)   Other: 0.04ms
[2025-02-25T11:53:49.684+0800][gc,heap     ] GC(1) Eden regions: 249->0(247)
[2025-02-25T11:53:49.684+0800][gc,heap     ] GC(1) Survivor regions: 7->9(32)
[2025-02-25T11:53:49.684+0800][gc,heap     ] GC(1) Old regions: 2->2
[2025-02-25T11:53:49.684+0800][gc,heap     ] GC(1) Humongous regions: 0->0
[2025-02-25T11:53:49.684+0800][gc,metaspace] GC(1) Metaspace: 18220K(18496K)->18220K(18496K) NonClass: 15999K(16128K)->15999K(16128K) Class: 2220K(2368K)->2220K(2368K)
[2025-02-25T11:53:49.684+0800][gc          ] GC(1) Pause Young (Normal) (G1 Evacuation Pause) 256M->9M(512M) 2.212ms
[2025-02-25T11:53:49.684+0800][gc,cpu      ] GC(1) User=0.02s Sys=0.00s Real=0.00s
[2025-02-25T11:53:49.970+0800][gc,start    ] GC(2) Pause Young (Normal) (G1 Evacuation Pause)
[2025-02-25T11:53:49.970+0800][gc,task     ] GC(2) Using 9 workers of 9 for evacuation
[2025-02-25T11:53:49.973+0800][gc,phases   ] GC(2)   Pre Evacuate Collection Set: 0.10ms
[2025-02-25T11:53:49.973+0800][gc,phases   ] GC(2)   Merge Heap Roots: 0.06ms
[2025-02-25T11:53:49.973+0800][gc,phases   ] GC(2)   Evacuate Collection Set: 2.47ms
[2025-02-25T11:53:49.973+0800][gc,phases   ] GC(2)   Post Evacuate Collection Set: 0.29ms
[2025-02-25T11:53:49.973+0800][gc,phases   ] GC(2)   Other: 0.04ms
[2025-02-25T11:53:49.973+0800][gc,heap     ] GC(2) Eden regions: 247->0(240)
[2025-02-25T11:53:49.973+0800][gc,heap     ] GC(2) Survivor regions: 9->16(32)
[2025-02-25T11:53:49.973+0800][gc,heap     ] GC(2) Old regions: 2->2
[2025-02-25T11:53:49.973+0800][gc,heap     ] GC(2) Humongous regions: 0->0
[2025-02-25T11:53:49.973+0800][gc,metaspace] GC(2) Metaspace: 19246K(19584K)->19246K(19584K) NonClass: 16914K(17088K)->16914K(17088K) Class: 2332K(2496K)->2332K(2496K)
[2025-02-25T11:53:49.973+0800][gc          ] GC(2) Pause Young (Normal) (G1 Evacuation Pause) 256M->16M(512M) 3.050ms
[2025-02-25T11:53:49.973+0800][gc,cpu      ] GC(2) User=0.02s Sys=0.00s Real=0.00s
[2025-02-25T11:53:50.069+0800][gc,start    ] GC(3) Pause Young (Concurrent Start) (Metadata GC Threshold)
[2025-02-25T11:53:50.069+0800][gc,task     ] GC(3) Using 9 workers of 9 for evacuation
[2025-02-25T11:53:50.071+0800][gc,phases   ] GC(3)   Pre Evacuate Collection Set: 0.11ms
[2025-02-25T11:53:50.071+0800][gc,phases   ] GC(3)   Merge Heap Roots: 0.06ms
[2025-02-25T11:53:50.071+0800][gc,phases   ] GC(3)   Evacuate Collection Set: 1.82ms
[2025-02-25T11:53:50.071+0800][gc,phases   ] GC(3)   Post Evacuate Collection Set: 0.30ms
[2025-02-25T11:53:50.071+0800][gc,phases   ] GC(3)   Other: 0.04ms
[2025-02-25T11:53:50.071+0800][gc,heap     ] GC(3) Eden regions: 129->0(238)
[2025-02-25T11:53:50.071+0800][gc,heap     ] GC(3) Survivor regions: 16->18(32)
[2025-02-25T11:53:50.071+0800][gc,heap     ] GC(3) Old regions: 2->2
[2025-02-25T11:53:50.071+0800][gc,heap     ] GC(3) Humongous regions: 0->0
[2025-02-25T11:53:50.071+0800][gc,metaspace] GC(3) Metaspace: 21260K(21504K)->21260K(21504K) NonClass: 18708K(18816K)->18708K(18816K) Class: 2552K(2688K)->2552K(2688K)
[2025-02-25T11:53:50.071+0800][gc          ] GC(3) Pause Young (Concurrent Start) (Metadata GC Threshold) 144M->19M(512M) 2.428ms
[2025-02-25T11:53:50.071+0800][gc,cpu      ] GC(3) User=0.02s Sys=0.00s Real=0.01s
[2025-02-25T11:53:50.071+0800][gc          ] GC(4) Concurrent Mark Cycle
[2025-02-25T11:53:50.071+0800][gc,marking  ] GC(4) Concurrent Scan Root Regions
[2025-02-25T11:53:50.073+0800][gc,marking  ] GC(4) Concurrent Scan Root Regions 1.792ms
[2025-02-25T11:53:50.073+0800][gc,marking  ] GC(4) Concurrent Mark
[2025-02-25T11:53:50.073+0800][gc,marking  ] GC(4) Concurrent Mark From Roots
[2025-02-25T11:53:50.073+0800][gc,task     ] GC(4) Using 2 workers of 2 for marking
[2025-02-25T11:53:50.073+0800][gc,marking  ] GC(4) Concurrent Mark From Roots 0.447ms
[2025-02-25T11:53:50.073+0800][gc,marking  ] GC(4) Concurrent Preclean
[2025-02-25T11:53:50.073+0800][gc,marking  ] GC(4) Concurrent Preclean 0.004ms
[2025-02-25T11:53:50.073+0800][gc,start    ] GC(4) Pause Remark
[2025-02-25T11:53:50.074+0800][gc          ] GC(4) Pause Remark 21M->21M(512M) 0.816ms
[2025-02-25T11:53:50.074+0800][gc,cpu      ] GC(4) User=0.01s Sys=0.00s Real=0.00s
[2025-02-25T11:53:50.074+0800][gc,marking  ] GC(4) Concurrent Mark 1.315ms
[2025-02-25T11:53:50.074+0800][gc,marking  ] GC(4) Concurrent Rebuild Remembered Sets and Scrub Regions
[2025-02-25T11:53:50.074+0800][gc,marking  ] GC(4) Concurrent Rebuild Remembered Sets and Scrub Regions 0.229ms
[2025-02-25T11:53:50.075+0800][gc,start    ] GC(4) Pause Cleanup
[2025-02-25T11:53:50.075+0800][gc          ] GC(4) Pause Cleanup 21M->21M(512M) 0.007ms
[2025-02-25T11:53:50.075+0800][gc,cpu      ] GC(4) User=0.00s Sys=0.00s Real=0.00s
[2025-02-25T11:53:50.075+0800][gc,marking  ] GC(4) Concurrent Clear Claimed Marks
[2025-02-25T11:53:50.075+0800][gc,marking  ] GC(4) Concurrent Clear Claimed Marks 0.023ms
[2025-02-25T11:53:50.075+0800][gc,marking  ] GC(4) Concurrent Cleanup for Next Mark
[2025-02-25T11:53:50.075+0800][gc,marking  ] GC(4) Concurrent Cleanup for Next Mark 0.453ms
[2025-02-25T11:53:50.075+0800][gc          ] GC(4) Concurrent Mark Cycle 3.896ms
[2025-02-25T11:53:50.384+0800][gc,start    ] GC(5) Pause Young (Prepare Mixed) (G1 Evacuation Pause)
[2025-02-25T11:53:50.384+0800][gc,task     ] GC(5) Using 9 workers of 9 for evacuation
[2025-02-25T11:53:50.388+0800][gc,phases   ] GC(5)   Pre Evacuate Collection Set: 0.10ms
[2025-02-25T11:53:50.388+0800][gc,phases   ] GC(5)   Merge Heap Roots: 0.06ms
[2025-02-25T11:53:50.388+0800][gc,phases   ] GC(5)   Evacuate Collection Set: 3.09ms
[2025-02-25T11:53:50.388+0800][gc,phases   ] GC(5)   Post Evacuate Collection Set: 0.38ms
[2025-02-25T11:53:50.388+0800][gc,phases   ] GC(5)   Other: 0.04ms
[2025-02-25T11:53:50.388+0800][gc,heap     ] GC(5) Eden regions: 238->0(242)
[2025-02-25T11:53:50.388+0800][gc,heap     ] GC(5) Survivor regions: 18->14(32)
[2025-02-25T11:53:50.388+0800][gc,heap     ] GC(5) Old regions: 2->8
[2025-02-25T11:53:50.388+0800][gc,heap     ] GC(5) Humongous regions: 0->0
[2025-02-25T11:53:50.388+0800][gc,metaspace] GC(5) Metaspace: 26293K(26560K)->26293K(26560K) NonClass: 23067K(23232K)->23067K(23232K) Class: 3225K(3328K)->3225K(3328K)
[2025-02-25T11:53:50.388+0800][gc          ] GC(5) Pause Young (Prepare Mixed) (G1 Evacuation Pause) 257M->20M(512M) 3.785ms
[2025-02-25T11:53:50.388+0800][gc,cpu      ] GC(5) User=0.03s Sys=0.00s Real=0.00s
[2025-02-25T11:53:50.777+0800][gc,start    ] GC(6) Pause Young (Mixed) (Metadata GC Threshold)
[2025-02-25T11:53:50.778+0800][gc,task     ] GC(6) Using 9 workers of 9 for evacuation
[2025-02-25T11:53:50.780+0800][gc,phases   ] GC(6)   Pre Evacuate Collection Set: 0.09ms
[2025-02-25T11:53:50.780+0800][gc,phases   ] GC(6)   Merge Heap Roots: 0.06ms
[2025-02-25T11:53:50.780+0800][gc,phases   ] GC(6)   Evacuate Collection Set: 2.24ms
[2025-02-25T11:53:50.780+0800][gc,phases   ] GC(6)   Post Evacuate Collection Set: 0.27ms
[2025-02-25T11:53:50.780+0800][gc,phases   ] GC(6)   Other: 0.03ms
[2025-02-25T11:53:50.780+0800][gc,heap     ] GC(6) Eden regions: 221->0(237)
[2025-02-25T11:53:50.780+0800][gc,heap     ] GC(6) Survivor regions: 14->19(32)
[2025-02-25T11:53:50.780+0800][gc,heap     ] GC(6) Old regions: 8->7
[2025-02-25T11:53:50.780+0800][gc,heap     ] GC(6) Humongous regions: 0->0
[2025-02-25T11:53:50.780+0800][gc,metaspace] GC(6) Metaspace: 35652K(35968K)->35652K(35968K) NonClass: 31272K(31424K)->31272K(31424K) Class: 4379K(4544K)->4379K(4544K)
[2025-02-25T11:53:50.780+0800][gc          ] GC(6) Pause Young (Mixed) (Metadata GC Threshold) 241M->26M(512M) 2.795ms
[2025-02-25T11:53:50.780+0800][gc,cpu      ] GC(6) User=0.02s Sys=0.00s Real=0.01s
[2025-02-25T11:53:50.791+0800][gc,start    ] GC(7) Pause Young (Concurrent Start) (Metadata GC Threshold)
[2025-02-25T11:53:50.791+0800][gc,task     ] GC(7) Using 9 workers of 9 for evacuation
[2025-02-25T11:53:50.794+0800][gc,phases   ] GC(7)   Pre Evacuate Collection Set: 0.11ms
[2025-02-25T11:53:50.794+0800][gc,phases   ] GC(7)   Merge Heap Roots: 0.04ms
[2025-02-25T11:53:50.794+0800][gc,phases   ] GC(7)   Evacuate Collection Set: 2.48ms
[2025-02-25T11:53:50.794+0800][gc,phases   ] GC(7)   Post Evacuate Collection Set: 0.21ms
[2025-02-25T11:53:50.794+0800][gc,phases   ] GC(7)   Other: 0.03ms
[2025-02-25T11:53:50.794+0800][gc,heap     ] GC(7) Eden regions: 4->0(245)
[2025-02-25T11:53:50.794+0800][gc,heap     ] GC(7) Survivor regions: 19->11(32)
[2025-02-25T11:53:50.794+0800][gc,heap     ] GC(7) Old regions: 7->16
[2025-02-25T11:53:50.794+0800][gc,heap     ] GC(7) Humongous regions: 0->0
[2025-02-25T11:53:50.794+0800][gc,metaspace] GC(7) Metaspace: 35924K(36288K)->35924K(36288K) NonClass: 31503K(31744K)->31503K(31744K) Class: 4420K(4544K)->4420K(4544K)
[2025-02-25T11:53:50.794+0800][gc          ] GC(7) Pause Young (Concurrent Start) (Metadata GC Threshold) 29M->26M(512M) 2.962ms
[2025-02-25T11:53:50.794+0800][gc          ] GC(8) Concurrent Mark Cycle
[2025-02-25T11:53:50.794+0800][gc,cpu      ] GC(7) User=0.02s Sys=0.00s Real=0.00s
[2025-02-25T11:53:50.794+0800][gc,marking  ] GC(8) Concurrent Scan Root Regions
[2025-02-25T11:53:50.796+0800][gc,marking  ] GC(8) Concurrent Scan Root Regions 2.386ms
[2025-02-25T11:53:50.796+0800][gc,marking  ] GC(8) Concurrent Mark
[2025-02-25T11:53:50.796+0800][gc,marking  ] GC(8) Concurrent Mark From Roots
[2025-02-25T11:53:50.796+0800][gc,task     ] GC(8) Using 2 workers of 2 for marking
[2025-02-25T11:53:50.798+0800][gc,marking  ] GC(8) Concurrent Mark From Roots 2.057ms
[2025-02-25T11:53:50.798+0800][gc,marking  ] GC(8) Concurrent Preclean
[2025-02-25T11:53:50.798+0800][gc,marking  ] GC(8) Concurrent Preclean 0.015ms
[2025-02-25T11:53:50.799+0800][gc,start    ] GC(8) Pause Remark
[2025-02-25T11:53:50.800+0800][gc          ] GC(8) Pause Remark 28M->28M(512M) 1.487ms
[2025-02-25T11:53:50.800+0800][gc,cpu      ] GC(8) User=0.01s Sys=0.00s Real=0.01s
[2025-02-25T11:53:50.800+0800][gc,marking  ] GC(8) Concurrent Mark 3.651ms
[2025-02-25T11:53:50.800+0800][gc,marking  ] GC(8) Concurrent Rebuild Remembered Sets and Scrub Regions
[2025-02-25T11:53:50.802+0800][gc,marking  ] GC(8) Concurrent Rebuild Remembered Sets and Scrub Regions 1.897ms
[2025-02-25T11:53:50.802+0800][gc,start    ] GC(8) Pause Cleanup
[2025-02-25T11:53:50.802+0800][gc          ] GC(8) Pause Cleanup 29M->29M(512M) 0.015ms
[2025-02-25T11:53:50.802+0800][gc,cpu      ] GC(8) User=0.00s Sys=0.00s Real=0.00s
[2025-02-25T11:53:50.802+0800][gc,marking  ] GC(8) Concurrent Clear Claimed Marks
[2025-02-25T11:53:50.802+0800][gc,marking  ] GC(8) Concurrent Clear Claimed Marks 0.012ms
[2025-02-25T11:53:50.802+0800][gc,marking  ] GC(8) Concurrent Cleanup for Next Mark
[2025-02-25T11:53:50.802+0800][gc,marking  ] GC(8) Concurrent Cleanup for Next Mark 0.383ms
[2025-02-25T11:53:50.802+0800][gc          ] GC(8) Concurrent Mark Cycle 8.460ms
[2025-02-25T11:53:51.300+0800][gc,start    ] GC(9) Pause Young (Prepare Mixed) (G1 Evacuation Pause)
[2025-02-25T11:53:51.300+0800][gc,task     ] GC(9) Using 9 workers of 9 for evacuation
[2025-02-25T11:53:51.304+0800][gc,phases   ] GC(9)   Pre Evacuate Collection Set: 0.11ms
[2025-02-25T11:53:51.304+0800][gc,phases   ] GC(9)   Merge Heap Roots: 0.06ms
[2025-02-25T11:53:51.304+0800][gc,phases   ] GC(9)   Evacuate Collection Set: 2.92ms
[2025-02-25T11:53:51.304+0800][gc,phases   ] GC(9)   Post Evacuate Collection Set: 0.40ms
[2025-02-25T11:53:51.304+0800][gc,phases   ] GC(9)   Other: 0.04ms
[2025-02-25T11:53:51.304+0800][gc,heap     ] GC(9) Eden regions: 245->0(235)
[2025-02-25T11:53:51.304+0800][gc,heap     ] GC(9) Survivor regions: 11->21(32)
[2025-02-25T11:53:51.304+0800][gc,heap     ] GC(9) Old regions: 16->16
[2025-02-25T11:53:51.304+0800][gc,heap     ] GC(9) Humongous regions: 0->0
[2025-02-25T11:53:51.304+0800][gc,metaspace] GC(9) Metaspace: 48272K(48704K)->48272K(48704K) NonClass: 42242K(42496K)->42242K(42496K) Class: 6030K(6208K)->6030K(6208K)
[2025-02-25T11:53:51.304+0800][gc          ] GC(9) Pause Young (Prepare Mixed) (G1 Evacuation Pause) 271M->36M(512M) 3.633ms
[2025-02-25T11:53:51.304+0800][gc,cpu      ] GC(9) User=0.03s Sys=0.00s Real=0.00s
[2025-02-25T11:53:52.687+0800][gc,start    ] GC(10) Pause Young (Mixed) (Metadata GC Threshold)
[2025-02-25T11:53:52.687+0800][gc,task     ] GC(10) Using 9 workers of 9 for evacuation
[2025-02-25T11:53:52.692+0800][gc,phases   ] GC(10)   Pre Evacuate Collection Set: 0.11ms
[2025-02-25T11:53:52.692+0800][gc,phases   ] GC(10)   Merge Heap Roots: 0.05ms
[2025-02-25T11:53:52.692+0800][gc,phases   ] GC(10)   Evacuate Collection Set: 3.93ms
[2025-02-25T11:53:52.692+0800][gc,phases   ] GC(10)   Post Evacuate Collection Set: 0.39ms
[2025-02-25T11:53:52.692+0800][gc,phases   ] GC(10)   Other: 0.04ms
[2025-02-25T11:53:52.692+0800][gc,heap     ] GC(10) Eden regions: 234->0(234)
[2025-02-25T11:53:52.692+0800][gc,heap     ] GC(10) Survivor regions: 21->22(32)
[2025-02-25T11:53:52.692+0800][gc,heap     ] GC(10) Old regions: 16->20
[2025-02-25T11:53:52.692+0800][gc,heap     ] GC(10) Humongous regions: 0->0
[2025-02-25T11:53:52.692+0800][gc,metaspace] GC(10) Metaspace: 60255K(60736K)->60255K(60736K) NonClass: 52777K(52992K)->52777K(52992K) Class: 7477K(7744K)->7477K(7744K)
[2025-02-25T11:53:52.692+0800][gc          ] GC(10) Pause Young (Mixed) (Metadata GC Threshold) 269M->40M(512M) 4.632ms
[2025-02-25T11:53:52.692+0800][gc,cpu      ] GC(10) User=0.03s Sys=0.00s Real=0.01s
[2025-02-25T11:53:52.697+0800][gc,start    ] GC(11) Pause Young (Concurrent Start) (Metadata GC Threshold)
[2025-02-25T11:53:52.697+0800][gc,task     ] GC(11) Using 9 workers of 9 for evacuation
[2025-02-25T11:53:52.700+0800][gc,phases   ] GC(11)   Pre Evacuate Collection Set: 0.10ms
[2025-02-25T11:53:52.700+0800][gc,phases   ] GC(11)   Merge Heap Roots: 0.02ms
[2025-02-25T11:53:52.700+0800][gc,phases   ] GC(11)   Evacuate Collection Set: 2.81ms
[2025-02-25T11:53:52.700+0800][gc,phases   ] GC(11)   Post Evacuate Collection Set: 0.29ms
[2025-02-25T11:53:52.700+0800][gc,phases   ] GC(11)   Other: 0.03ms
[2025-02-25T11:53:52.700+0800][gc,heap     ] GC(11) Eden regions: 3->0(239)
[2025-02-25T11:53:52.700+0800][gc,heap     ] GC(11) Survivor regions: 22->17(32)
[2025-02-25T11:53:52.700+0800][gc,heap     ] GC(11) Old regions: 20->25
[2025-02-25T11:53:52.700+0800][gc,heap     ] GC(11) Humongous regions: 0->0
[2025-02-25T11:53:52.700+0800][gc,metaspace] GC(11) Metaspace: 60597K(61056K)->60597K(61056K) NonClass: 53084K(53312K)->53084K(53312K) Class: 7512K(7744K)->7512K(7744K)
[2025-02-25T11:53:52.700+0800][gc          ] GC(11) Pause Young (Concurrent Start) (Metadata GC Threshold) 43M->41M(512M) 3.340ms
[2025-02-25T11:53:52.700+0800][gc          ] GC(12) Concurrent Mark Cycle
[2025-02-25T11:53:52.700+0800][gc,cpu      ] GC(11) User=0.03s Sys=0.01s Real=0.01s
[2025-02-25T11:53:52.700+0800][gc,marking  ] GC(12) Concurrent Scan Root Regions
[2025-02-25T11:53:52.703+0800][gc,marking  ] GC(12) Concurrent Scan Root Regions 2.993ms
[2025-02-25T11:53:52.703+0800][gc,marking  ] GC(12) Concurrent Mark
[2025-02-25T11:53:52.703+0800][gc,marking  ] GC(12) Concurrent Mark From Roots
[2025-02-25T11:53:52.703+0800][gc,task     ] GC(12) Using 2 workers of 2 for marking
[2025-02-25T11:53:52.708+0800][gc,marking  ] GC(12) Concurrent Mark From Roots 5.231ms
[2025-02-25T11:53:52.708+0800][gc,marking  ] GC(12) Concurrent Preclean
[2025-02-25T11:53:52.708+0800][gc,marking  ] GC(12) Concurrent Preclean 0.036ms
[2025-02-25T11:53:52.709+0800][gc,start    ] GC(12) Pause Remark
[2025-02-25T11:53:52.710+0800][gc          ] GC(12) Pause Remark 45M->45M(512M) 1.932ms
[2025-02-25T11:53:52.710+0800][gc,cpu      ] GC(12) User=0.01s Sys=0.00s Real=0.01s
[2025-02-25T11:53:52.710+0800][gc,marking  ] GC(12) Concurrent Mark 7.296ms
[2025-02-25T11:53:52.710+0800][gc,marking  ] GC(12) Concurrent Rebuild Remembered Sets and Scrub Regions
[2025-02-25T11:53:52.714+0800][gc,marking  ] GC(12) Concurrent Rebuild Remembered Sets and Scrub Regions 3.795ms
[2025-02-25T11:53:52.714+0800][gc,start    ] GC(12) Pause Cleanup
[2025-02-25T11:53:52.714+0800][gc          ] GC(12) Pause Cleanup 48M->48M(512M) 0.015ms
[2025-02-25T11:53:52.714+0800][gc,cpu      ] GC(12) User=0.00s Sys=0.00s Real=0.00s
[2025-02-25T11:53:52.714+0800][gc,marking  ] GC(12) Concurrent Clear Claimed Marks
[2025-02-25T11:53:52.714+0800][gc,marking  ] GC(12) Concurrent Clear Claimed Marks 0.015ms
[2025-02-25T11:53:52.714+0800][gc,marking  ] GC(12) Concurrent Cleanup for Next Mark
[2025-02-25T11:53:52.715+0800][gc,marking  ] GC(12) Concurrent Cleanup for Next Mark 0.204ms
[2025-02-25T11:53:52.715+0800][gc          ] GC(12) Concurrent Mark Cycle 14.438ms
[2025-02-25T11:53:54.147+0800][gc,start    ] GC(13) Pause Young (Prepare Mixed) (G1 Evacuation Pause)
[2025-02-25T11:53:54.147+0800][gc,task     ] GC(13) Using 9 workers of 9 for evacuation
[2025-02-25T11:53:54.152+0800][gc,phases   ] GC(13)   Pre Evacuate Collection Set: 0.13ms
[2025-02-25T11:53:54.152+0800][gc,phases   ] GC(13)   Merge Heap Roots: 0.06ms
[2025-02-25T11:53:54.152+0800][gc,phases   ] GC(13)   Evacuate Collection Set: 4.34ms
[2025-02-25T11:53:54.152+0800][gc,phases   ] GC(13)   Post Evacuate Collection Set: 0.62ms
[2025-02-25T11:53:54.152+0800][gc,phases   ] GC(13)   Other: 0.04ms
[2025-02-25T11:53:54.152+0800][gc,heap     ] GC(13) Eden regions: 239->0(224)
[2025-02-25T11:53:54.152+0800][gc,heap     ] GC(13) Survivor regions: 17->32(32)
[2025-02-25T11:53:54.152+0800][gc,heap     ] GC(13) Old regions: 25->25
[2025-02-25T11:53:54.152+0800][gc,heap     ] GC(13) Humongous regions: 0->0
[2025-02-25T11:53:54.152+0800][gc,metaspace] GC(13) Metaspace: 69589K(70144K)->69589K(70144K) NonClass: 60901K(61184K)->60901K(61184K) Class: 8688K(8960K)->8688K(8960K)
[2025-02-25T11:53:54.152+0800][gc          ] GC(13) Pause Young (Prepare Mixed) (G1 Evacuation Pause) 280M->56M(512M) 5.333ms
[2025-02-25T11:53:54.152+0800][gc,cpu      ] GC(13) User=0.03s Sys=0.01s Real=0.01s
[2025-02-25T11:53:55.091+0800][gc,start    ] GC(14) Pause Young (Mixed) (G1 Evacuation Pause)
[2025-02-25T11:53:55.091+0800][gc,task     ] GC(14) Using 9 workers of 9 for evacuation
[2025-02-25T11:53:55.106+0800][gc,phases   ] GC(14)   Pre Evacuate Collection Set: 0.12ms
[2025-02-25T11:53:55.106+0800][gc,phases   ] GC(14)   Merge Heap Roots: 0.10ms
[2025-02-25T11:53:55.106+0800][gc,phases   ] GC(14)   Evacuate Collection Set: 13.79ms
[2025-02-25T11:53:55.106+0800][gc,phases   ] GC(14)   Post Evacuate Collection Set: 0.77ms
[2025-02-25T11:53:55.106+0800][gc,phases   ] GC(14)   Other: 0.07ms
[2025-02-25T11:53:55.106+0800][gc,heap     ] GC(14) Eden regions: 224->0(234)
[2025-02-25T11:53:55.106+0800][gc,heap     ] GC(14) Survivor regions: 32->22(32)
[2025-02-25T11:53:55.106+0800][gc,heap     ] GC(14) Old regions: 25->40
[2025-02-25T11:53:55.106+0800][gc,heap     ] GC(14) Humongous regions: 0->0
[2025-02-25T11:53:55.106+0800][gc,metaspace] GC(14) Metaspace: 73890K(74560K)->73890K(74560K) NonClass: 64528K(64896K)->64528K(64896K) Class: 9361K(9664K)->9361K(9664K)
[2025-02-25T11:53:55.106+0800][gc          ] GC(14) Pause Young (Mixed) (G1 Evacuation Pause) 280M->60M(512M) 15.058ms
[2025-02-25T11:53:55.107+0800][gc,cpu      ] GC(14) User=0.08s Sys=0.01s Real=0.01s
[2025-02-25T11:53:55.751+0800][gc,start    ] GC(15) Pause Young (Concurrent Start) (G1 Humongous Allocation)
[2025-02-25T11:53:55.751+0800][gc,task     ] GC(15) Using 9 workers of 9 for evacuation
[2025-02-25T11:53:55.758+0800][gc,phases   ] GC(15)   Pre Evacuate Collection Set: 0.18ms
[2025-02-25T11:53:55.758+0800][gc,phases   ] GC(15)   Merge Heap Roots: 0.06ms
[2025-02-25T11:53:55.758+0800][gc,phases   ] GC(15)   Evacuate Collection Set: 5.95ms
[2025-02-25T11:53:55.758+0800][gc,phases   ] GC(15)   Post Evacuate Collection Set: 0.36ms
[2025-02-25T11:53:55.758+0800][gc,phases   ] GC(15)   Other: 0.08ms
[2025-02-25T11:53:55.758+0800][gc,heap     ] GC(15) Eden regions: 4->0(249)
[2025-02-25T11:53:55.758+0800][gc,heap     ] GC(15) Survivor regions: 22->7(32)
[2025-02-25T11:53:55.758+0800][gc,heap     ] GC(15) Old regions: 40->56
[2025-02-25T11:53:55.758+0800][gc,heap     ] GC(15) Humongous regions: 0->0
[2025-02-25T11:53:55.758+0800][gc,metaspace] GC(15) Metaspace: 74194K(74944K)->74194K(74944K) NonClass: 64799K(65216K)->64799K(65216K) Class: 9394K(9728K)->9394K(9728K)
[2025-02-25T11:53:55.758+0800][gc          ] GC(15) Pause Young (Concurrent Start) (G1 Humongous Allocation) 64M->62M(512M) 7.063ms
[2025-02-25T11:53:55.758+0800][gc          ] GC(16) Concurrent Mark Cycle
[2025-02-25T11:53:55.758+0800][gc,marking  ] GC(16) Concurrent Scan Root Regions
[2025-02-25T11:53:55.758+0800][gc,cpu      ] GC(15) User=0.03s Sys=0.01s Real=0.00s
[2025-02-25T11:53:55.763+0800][gc,marking  ] GC(16) Concurrent Scan Root Regions 5.320ms
[2025-02-25T11:53:55.763+0800][gc,marking  ] GC(16) Concurrent Mark
[2025-02-25T11:53:55.763+0800][gc,marking  ] GC(16) Concurrent Mark From Roots
[2025-02-25T11:53:55.763+0800][gc,task     ] GC(16) Using 2 workers of 2 for marking
[2025-02-25T11:53:55.778+0800][gc,marking  ] GC(16) Concurrent Mark From Roots 15.046ms
[2025-02-25T11:53:55.778+0800][gc,marking  ] GC(16) Concurrent Preclean
[2025-02-25T11:53:55.779+0800][gc,marking  ] GC(16) Concurrent Preclean 0.037ms
[2025-02-25T11:53:55.779+0800][gc,start    ] GC(16) Pause Remark
[2025-02-25T11:53:55.781+0800][gc          ] GC(16) Pause Remark 69M->66M(512M) 1.991ms
[2025-02-25T11:53:55.781+0800][gc,cpu      ] GC(16) User=0.02s Sys=0.00s Real=0.01s
[2025-02-25T11:53:55.781+0800][gc,marking  ] GC(16) Concurrent Mark 17.246ms
[2025-02-25T11:53:55.781+0800][gc,marking  ] GC(16) Concurrent Rebuild Remembered Sets and Scrub Regions
[2025-02-25T11:53:55.789+0800][gc,marking  ] GC(16) Concurrent Rebuild Remembered Sets and Scrub Regions 8.536ms
[2025-02-25T11:53:55.789+0800][gc,start    ] GC(16) Pause Cleanup
[2025-02-25T11:53:55.789+0800][gc          ] GC(16) Pause Cleanup 69M->69M(512M) 0.018ms
[2025-02-25T11:53:55.789+0800][gc,cpu      ] GC(16) User=0.00s Sys=0.00s Real=0.00s
[2025-02-25T11:53:55.789+0800][gc,marking  ] GC(16) Concurrent Clear Claimed Marks
[2025-02-25T11:53:55.789+0800][gc,marking  ] GC(16) Concurrent Clear Claimed Marks 0.058ms
[2025-02-25T11:53:55.789+0800][gc,marking  ] GC(16) Concurrent Cleanup for Next Mark
[2025-02-25T11:53:55.790+0800][gc,marking  ] GC(16) Concurrent Cleanup for Next Mark 0.238ms
[2025-02-25T11:53:55.790+0800][gc          ] GC(16) Concurrent Mark Cycle 31.644ms
[2025-02-25T12:27:10.837+0800][gc,start    ] GC(17) Pause Young (Prepare Mixed) (G1 Evacuation Pause)
[2025-02-25T12:27:10.838+0800][gc,task     ] GC(17) Using 9 workers of 9 for evacuation
[2025-02-25T12:27:10.867+0800][gc,phases   ] GC(17)   Pre Evacuate Collection Set: 1.74ms
[2025-02-25T12:27:10.867+0800][gc,phases   ] GC(17)   Merge Heap Roots: 0.58ms
[2025-02-25T12:27:10.867+0800][gc,phases   ] GC(17)   Evacuate Collection Set: 25.11ms
[2025-02-25T12:27:10.867+0800][gc,phases   ] GC(17)   Post Evacuate Collection Set: 1.32ms
[2025-02-25T12:27:10.867+0800][gc,phases   ] GC(17)   Other: 0.22ms
[2025-02-25T12:27:10.867+0800][gc,heap     ] GC(17) Eden regions: 249->0(244)
[2025-02-25T12:27:10.867+0800][gc,heap     ] GC(17) Survivor regions: 7->12(32)
[2025-02-25T12:27:10.867+0800][gc,heap     ] GC(17) Old regions: 53->53
[2025-02-25T12:27:10.867+0800][gc,heap     ] GC(17) Humongous regions: 16->16
[2025-02-25T12:27:10.867+0800][gc,metaspace] GC(17) Metaspace: 79812K(80512K)->79812K(80512K) NonClass: 70004K(70400K)->70004K(70400K) Class: 9807K(10112K)->9807K(10112K)
[2025-02-25T12:27:10.867+0800][gc          ] GC(17) Pause Young (Prepare Mixed) (G1 Evacuation Pause) 324M->80M(512M) 30.646ms
[2025-02-25T12:27:10.867+0800][gc,cpu      ] GC(17) User=0.05s Sys=0.08s Real=0.03s
[2025-02-25T12:45:38.590+0800][gc,start    ] GC(18) Pause Young (Mixed) (G1 Evacuation Pause)
[2025-02-25T12:45:38.591+0800][gc,task     ] GC(18) Using 9 workers of 9 for evacuation
[2025-02-25T12:45:38.605+0800][gc,phases   ] GC(18)   Pre Evacuate Collection Set: 1.29ms
[2025-02-25T12:45:38.605+0800][gc,phases   ] GC(18)   Merge Heap Roots: 0.86ms
[2025-02-25T12:45:38.605+0800][gc,phases   ] GC(18)   Evacuate Collection Set: 12.06ms
[2025-02-25T12:45:38.606+0800][gc,phases   ] GC(18)   Post Evacuate Collection Set: 0.60ms
[2025-02-25T12:45:38.606+0800][gc,phases   ] GC(18)   Other: 0.06ms
[2025-02-25T12:45:38.606+0800][gc,heap     ] GC(18) Eden regions: 244->0(240)
[2025-02-25T12:45:38.606+0800][gc,heap     ] GC(18) Survivor regions: 12->16(32)
[2025-02-25T12:45:38.606+0800][gc,heap     ] GC(18) Old regions: 53->53
[2025-02-25T12:45:38.606+0800][gc,heap     ] GC(18) Humongous regions: 16->16
[2025-02-25T12:45:38.606+0800][gc,metaspace] GC(18) Metaspace: 82977K(83712K)->82977K(83712K) NonClass: 72923K(73344K)->72923K(73344K) Class: 10053K(10368K)->10053K(10368K)
[2025-02-25T12:45:38.606+0800][gc          ] GC(18) Pause Young (Mixed) (G1 Evacuation Pause) 324M->84M(512M) 15.546ms
[2025-02-25T12:45:38.606+0800][gc,cpu      ] GC(18) User=0.02s Sys=0.04s Real=0.01s
[2025-02-25T12:49:41.433+0800][gc,start    ] GC(19) Pause Young (Mixed) (G1 Evacuation Pause)
[2025-02-25T12:49:41.435+0800][gc,task     ] GC(19) Using 9 workers of 9 for evacuation
[2025-02-25T12:49:41.469+0800][gc,phases   ] GC(19)   Pre Evacuate Collection Set: 1.83ms
[2025-02-25T12:49:41.469+0800][gc,phases   ] GC(19)   Merge Heap Roots: 0.40ms
[2025-02-25T12:49:41.469+0800][gc,phases   ] GC(19)   Evacuate Collection Set: 30.68ms
[2025-02-25T12:49:41.469+0800][gc,phases   ] GC(19)   Post Evacuate Collection Set: 1.06ms
[2025-02-25T12:49:41.469+0800][gc,phases   ] GC(19)   Other: 0.18ms
[2025-02-25T12:49:41.469+0800][gc,heap     ] GC(19) Eden regions: 240->0(241)
[2025-02-25T12:49:41.469+0800][gc,heap     ] GC(19) Survivor regions: 16->15(32)
[2025-02-25T12:49:41.469+0800][gc,heap     ] GC(19) Old regions: 53->52
[2025-02-25T12:49:41.469+0800][gc,heap     ] GC(19) Humongous regions: 16->16
[2025-02-25T12:49:41.469+0800][gc,metaspace] GC(19) Metaspace: 83269K(84032K)->83269K(84032K) NonClass: 73208K(73664K)->73208K(73664K) Class: 10060K(10368K)->10060K(10368K)
[2025-02-25T12:49:41.469+0800][gc          ] GC(19) Pause Young (Mixed) (G1 Evacuation Pause) 324M->82M(512M) 35.610ms
[2025-02-25T12:49:41.469+0800][gc,cpu      ] GC(19) User=0.05s Sys=0.09s Real=0.03s
[2025-02-25T12:53:38.741+0800][gc,start    ] GC(20) Pause Young (Concurrent Start) (G1 Evacuation Pause)
[2025-02-25T12:53:38.742+0800][gc,task     ] GC(20) Using 9 workers of 9 for evacuation
[2025-02-25T12:53:38.766+0800][gc,phases   ] GC(20)   Pre Evacuate Collection Set: 1.44ms
[2025-02-25T12:53:38.766+0800][gc,phases   ] GC(20)   Merge Heap Roots: 0.36ms
[2025-02-25T12:53:38.766+0800][gc,phases   ] GC(20)   Evacuate Collection Set: 20.37ms
[2025-02-25T12:53:38.766+0800][gc,phases   ] GC(20)   Post Evacuate Collection Set: 1.11ms
[2025-02-25T12:53:38.766+0800][gc,phases   ] GC(20)   Other: 0.22ms
[2025-02-25T12:53:38.766+0800][gc,heap     ] GC(20) Eden regions: 241->0(238)
[2025-02-25T12:53:38.766+0800][gc,heap     ] GC(20) Survivor regions: 15->18(32)
[2025-02-25T12:53:38.766+0800][gc,heap     ] GC(20) Old regions: 52->52
[2025-02-25T12:53:38.766+0800][gc,heap     ] GC(20) Humongous regions: 16->16
[2025-02-25T12:53:38.766+0800][gc,metaspace] GC(20) Metaspace: 83467K(84224K)->83467K(84224K) NonClass: 73405K(73856K)->73405K(73856K) Class: 10061K(10368K)->10061K(10368K)
[2025-02-25T12:53:38.766+0800][gc          ] GC(20) Pause Young (Concurrent Start) (G1 Evacuation Pause) 323M->84M(512M) 24.759ms
[2025-02-25T12:53:38.766+0800][gc          ] GC(21) Concurrent Mark Cycle
[2025-02-25T12:53:38.766+0800][gc,marking  ] GC(21) Concurrent Scan Root Regions
[2025-02-25T12:53:38.766+0800][gc,cpu      ] GC(20) User=0.05s Sys=0.04s Real=0.02s
[2025-02-25T12:53:38.772+0800][gc,marking  ] GC(21) Concurrent Scan Root Regions 6.197ms
[2025-02-25T12:53:38.772+0800][gc,marking  ] GC(21) Concurrent Mark
[2025-02-25T12:53:38.772+0800][gc,marking  ] GC(21) Concurrent Mark From Roots
[2025-02-25T12:53:38.772+0800][gc,task     ] GC(21) Using 2 workers of 2 for marking
[2025-02-25T12:53:38.795+0800][gc,marking  ] GC(21) Concurrent Mark From Roots 22.233ms
[2025-02-25T12:53:38.795+0800][gc,marking  ] GC(21) Concurrent Preclean
[2025-02-25T12:53:38.795+0800][gc,marking  ] GC(21) Concurrent Preclean 0.295ms
[2025-02-25T12:53:38.795+0800][gc,start    ] GC(21) Pause Remark
[2025-02-25T12:53:38.811+0800][gc          ] GC(21) Pause Remark 85M->85M(512M) 16.223ms
[2025-02-25T12:53:38.811+0800][gc,cpu      ] GC(21) User=0.04s Sys=0.06s Real=0.02s
[2025-02-25T12:53:38.811+0800][gc,marking  ] GC(21) Concurrent Mark 39.095ms
[2025-02-25T12:53:38.811+0800][gc,marking  ] GC(21) Concurrent Rebuild Remembered Sets and Scrub Regions
[2025-02-25T12:53:38.821+0800][gc,marking  ] GC(21) Concurrent Rebuild Remembered Sets and Scrub Regions 9.676ms
[2025-02-25T12:53:38.821+0800][gc,start    ] GC(21) Pause Cleanup
[2025-02-25T12:53:38.821+0800][gc          ] GC(21) Pause Cleanup 85M->85M(512M) 0.026ms
[2025-02-25T12:53:38.821+0800][gc,cpu      ] GC(21) User=0.00s Sys=0.00s Real=0.00s
[2025-02-25T12:53:38.821+0800][gc,marking  ] GC(21) Concurrent Clear Claimed Marks
[2025-02-25T12:53:38.821+0800][gc,marking  ] GC(21) Concurrent Clear Claimed Marks 0.038ms
[2025-02-25T12:53:38.821+0800][gc,marking  ] GC(21) Concurrent Cleanup for Next Mark
[2025-02-25T12:53:38.822+0800][gc,marking  ] GC(21) Concurrent Cleanup for Next Mark 0.613ms
[2025-02-25T12:53:38.822+0800][gc          ] GC(21) Concurrent Mark Cycle 55.931ms
[2025-02-25T12:57:43.378+0800][gc,start    ] GC(22) Pause Young (Prepare Mixed) (G1 Evacuation Pause)
[2025-02-25T12:57:43.379+0800][gc,task     ] GC(22) Using 9 workers of 9 for evacuation
[2025-02-25T12:57:43.422+0800][gc,phases   ] GC(22)   Pre Evacuate Collection Set: 1.37ms
[2025-02-25T12:57:43.422+0800][gc,phases   ] GC(22)   Merge Heap Roots: 0.52ms
[2025-02-25T12:57:43.422+0800][gc,phases   ] GC(22)   Evacuate Collection Set: 38.93ms
[2025-02-25T12:57:43.422+0800][gc,phases   ] GC(22)   Post Evacuate Collection Set: 1.48ms
[2025-02-25T12:57:43.422+0800][gc,phases   ] GC(22)   Other: 0.22ms
[2025-02-25T12:57:43.422+0800][gc,heap     ] GC(22) Eden regions: 238->0(242)
[2025-02-25T12:57:43.422+0800][gc,heap     ] GC(22) Survivor regions: 18->14(32)
[2025-02-25T12:57:43.422+0800][gc,heap     ] GC(22) Old regions: 52->56
[2025-02-25T12:57:43.422+0800][gc,heap     ] GC(22) Humongous regions: 16->16
[2025-02-25T12:57:43.422+0800][gc,metaspace] GC(22) Metaspace: 83493K(84288K)->83493K(84288K) NonClass: 73497K(73920K)->73497K(73920K) Class: 9996K(10368K)->9996K(10368K)
[2025-02-25T12:57:43.422+0800][gc          ] GC(22) Pause Young (Prepare Mixed) (G1 Evacuation Pause) 322M->84M(512M) 43.993ms
[2025-02-25T12:57:43.422+0800][gc,cpu      ] GC(22) User=0.06s Sys=0.09s Real=0.05s
[2025-02-25T13:01:52.848+0800][gc,start    ] GC(23) Pause Young (Mixed) (G1 Evacuation Pause)
[2025-02-25T13:01:52.849+0800][gc,task     ] GC(23) Using 9 workers of 9 for evacuation
[2025-02-25T13:01:52.870+0800][gc,phases   ] GC(23)   Pre Evacuate Collection Set: 1.37ms
[2025-02-25T13:01:52.871+0800][gc,phases   ] GC(23)   Merge Heap Roots: 0.43ms
[2025-02-25T13:01:52.871+0800][gc,phases   ] GC(23)   Evacuate Collection Set: 18.29ms
[2025-02-25T13:01:52.871+0800][gc,phases   ] GC(23)   Post Evacuate Collection Set: 1.57ms
[2025-02-25T13:01:52.871+0800][gc,phases   ] GC(23)   Other: 0.19ms
[2025-02-25T13:01:52.871+0800][gc,heap     ] GC(23) Eden regions: 242->0(242)
[2025-02-25T13:01:52.871+0800][gc,heap     ] GC(23) Survivor regions: 14->14(32)
[2025-02-25T13:01:52.871+0800][gc,heap     ] GC(23) Old regions: 56->55
[2025-02-25T13:01:52.871+0800][gc,heap     ] GC(23) Humongous regions: 16->16
[2025-02-25T13:01:52.871+0800][gc,metaspace] GC(23) Metaspace: 83529K(84288K)->83529K(84288K) NonClass: 73532K(73920K)->73532K(73920K) Class: 9997K(10368K)->9997K(10368K)
[2025-02-25T13:01:52.871+0800][gc          ] GC(23) Pause Young (Mixed) (G1 Evacuation Pause) 326M->84M(512M) 23.055ms
[2025-02-25T13:01:52.871+0800][gc,cpu      ] GC(23) User=0.04s Sys=0.07s Real=0.03s
[2025-02-25T13:06:02.013+0800][gc,start    ] GC(24) Pause Young (Mixed) (G1 Evacuation Pause)
[2025-02-25T13:06:02.014+0800][gc,task     ] GC(24) Using 9 workers of 9 for evacuation
[2025-02-25T13:06:02.027+0800][gc,phases   ] GC(24)   Pre Evacuate Collection Set: 0.95ms
[2025-02-25T13:06:02.027+0800][gc,phases   ] GC(24)   Merge Heap Roots: 0.23ms
[2025-02-25T13:06:02.027+0800][gc,phases   ] GC(24)   Evacuate Collection Set: 11.44ms
[2025-02-25T13:06:02.027+0800][gc,phases   ] GC(24)   Post Evacuate Collection Set: 0.65ms
[2025-02-25T13:06:02.027+0800][gc,phases   ] GC(24)   Other: 0.10ms
[2025-02-25T13:06:02.027+0800][gc,heap     ] GC(24) Eden regions: 242->0(243)
[2025-02-25T13:06:02.027+0800][gc,heap     ] GC(24) Survivor regions: 14->13(32)
[2025-02-25T13:06:02.027+0800][gc,heap     ] GC(24) Old regions: 55->55
[2025-02-25T13:06:02.027+0800][gc,heap     ] GC(24) Humongous regions: 16->16
[2025-02-25T13:06:02.027+0800][gc,metaspace] GC(24) Metaspace: 83802K(84480K)->83802K(84480K) NonClass: 73803K(74112K)->73803K(74112K) Class: 9999K(10368K)->9999K(10368K)
[2025-02-25T13:06:02.027+0800][gc          ] GC(24) Pause Young (Mixed) (G1 Evacuation Pause) 326M->82M(512M) 14.278ms
[2025-02-25T13:06:02.027+0800][gc,cpu      ] GC(24) User=0.02s Sys=0.05s Real=0.01s
[2025-02-25T13:10:04.426+0800][gc,start    ] GC(25) Pause Young (Mixed) (G1 Evacuation Pause)
[2025-02-25T13:10:04.427+0800][gc,task     ] GC(25) Using 9 workers of 9 for evacuation
[2025-02-25T13:10:04.457+0800][gc,phases   ] GC(25)   Pre Evacuate Collection Set: 1.88ms
[2025-02-25T13:10:04.457+0800][gc,phases   ] GC(25)   Merge Heap Roots: 0.35ms
[2025-02-25T13:10:04.457+0800][gc,phases   ] GC(25)   Evacuate Collection Set: 25.64ms
[2025-02-25T13:10:04.457+0800][gc,phases   ] GC(25)   Post Evacuate Collection Set: 1.30ms
[2025-02-25T13:10:04.457+0800][gc,phases   ] GC(25)   Other: 0.26ms
[2025-02-25T13:10:04.457+0800][gc,heap     ] GC(25) Eden regions: 243->0(242)
[2025-02-25T13:10:04.457+0800][gc,heap     ] GC(25) Survivor regions: 13->14(32)
[2025-02-25T13:10:04.457+0800][gc,heap     ] GC(25) Old regions: 55->54
[2025-02-25T13:10:04.457+0800][gc,heap     ] GC(25) Humongous regions: 16->16
[2025-02-25T13:10:04.457+0800][gc,metaspace] GC(25) Metaspace: 83852K(84544K)->83852K(84544K) NonClass: 73852K(74176K)->73852K(74176K) Class: 10000K(10368K)->10000K(10368K)
[2025-02-25T13:10:04.457+0800][gc          ] GC(25) Pause Young (Mixed) (G1 Evacuation Pause) 325M->83M(512M) 30.710ms
[2025-02-25T13:10:04.457+0800][gc,cpu      ] GC(25) User=0.04s Sys=0.10s Real=0.03s
[2025-02-25T13:14:09.055+0800][gc,start    ] GC(26) Pause Young (Mixed) (G1 Evacuation Pause)
[2025-02-25T13:14:09.056+0800][gc,task     ] GC(26) Using 9 workers of 9 for evacuation
[2025-02-25T13:14:09.079+0800][gc,phases   ] GC(26)   Pre Evacuate Collection Set: 1.04ms
[2025-02-25T13:14:09.079+0800][gc,phases   ] GC(26)   Merge Heap Roots: 0.41ms
[2025-02-25T13:14:09.079+0800][gc,phases   ] GC(26)   Evacuate Collection Set: 19.98ms
[2025-02-25T13:14:09.079+0800][gc,phases   ] GC(26)   Post Evacuate Collection Set: 1.18ms
[2025-02-25T13:14:09.079+0800][gc,phases   ] GC(26)   Other: 0.21ms
[2025-02-25T13:14:09.079+0800][gc,heap     ] GC(26) Eden regions: 242->0(243)
[2025-02-25T13:14:09.079+0800][gc,heap     ] GC(26) Survivor regions: 14->13(32)
[2025-02-25T13:14:09.079+0800][gc,heap     ] GC(26) Old regions: 54->53
[2025-02-25T13:14:09.079+0800][gc,heap     ] GC(26) Humongous regions: 16->16
[2025-02-25T13:14:09.079+0800][gc,metaspace] GC(26) Metaspace: 83875K(84608K)->83875K(84608K) NonClass: 73873K(74240K)->73873K(74240K) Class: 10002K(10368K)->10002K(10368K)
[2025-02-25T13:14:09.079+0800][gc          ] GC(26) Pause Young (Mixed) (G1 Evacuation Pause) 325M->81M(512M) 23.990ms
[2025-02-25T13:14:09.079+0800][gc,cpu      ] GC(26) User=0.03s Sys=0.06s Real=0.02s
[2025-02-25T13:18:46.230+0800][gc,start    ] GC(27) Pause Young (Concurrent Start) (G1 Evacuation Pause)
[2025-02-25T13:18:46.231+0800][gc,task     ] GC(27) Using 9 workers of 9 for evacuation
[2025-02-25T13:18:46.252+0800][gc,phases   ] GC(27)   Pre Evacuate Collection Set: 1.24ms
[2025-02-25T13:18:46.252+0800][gc,phases   ] GC(27)   Merge Heap Roots: 0.24ms
[2025-02-25T13:18:46.252+0800][gc,phases   ] GC(27)   Evacuate Collection Set: 18.23ms
[2025-02-25T13:18:46.252+0800][gc,phases   ] GC(27)   Post Evacuate Collection Set: 1.28ms
[2025-02-25T13:18:46.252+0800][gc,phases   ] GC(27)   Other: 0.28ms
[2025-02-25T13:18:46.252+0800][gc,heap     ] GC(27) Eden regions: 243->0(242)
[2025-02-25T13:18:46.252+0800][gc,heap     ] GC(27) Survivor regions: 13->14(32)
[2025-02-25T13:18:46.252+0800][gc,heap     ] GC(27) Old regions: 53->53
[2025-02-25T13:18:46.252+0800][gc,heap     ] GC(27) Humongous regions: 16->16
[2025-02-25T13:18:46.252+0800][gc,metaspace] GC(27) Metaspace: 83902K(84608K)->83902K(84608K) NonClass: 73900K(74240K)->73900K(74240K) Class: 10002K(10368K)->10002K(10368K)
[2025-02-25T13:18:46.252+0800][gc          ] GC(27) Pause Young (Concurrent Start) (G1 Evacuation Pause) 324M->82M(512M) 22.629ms
[2025-02-25T13:18:46.252+0800][gc          ] GC(28) Concurrent Mark Cycle
[2025-02-25T13:18:46.252+0800][gc,marking  ] GC(28) Concurrent Scan Root Regions
[2025-02-25T13:18:46.253+0800][gc,cpu      ] GC(27) User=0.04s Sys=0.06s Real=0.02s
[2025-02-25T13:18:46.257+0800][gc,marking  ] GC(28) Concurrent Scan Root Regions 4.493ms
[2025-02-25T13:18:46.257+0800][gc,marking  ] GC(28) Concurrent Mark
[2025-02-25T13:18:46.257+0800][gc,marking  ] GC(28) Concurrent Mark From Roots
[2025-02-25T13:18:46.257+0800][gc,task     ] GC(28) Using 2 workers of 2 for marking
[2025-02-25T13:18:46.281+0800][gc,marking  ] GC(28) Concurrent Mark From Roots 24.038ms
[2025-02-25T13:18:46.281+0800][gc,marking  ] GC(28) Concurrent Preclean
[2025-02-25T13:18:46.281+0800][gc,marking  ] GC(28) Concurrent Preclean 0.038ms
[2025-02-25T13:18:46.281+0800][gc,start    ] GC(28) Pause Remark
[2025-02-25T13:18:46.303+0800][gc          ] GC(28) Pause Remark 84M->84M(512M) 21.834ms
[2025-02-25T13:18:46.303+0800][gc,cpu      ] GC(28) User=0.04s Sys=0.07s Real=0.02s
[2025-02-25T13:18:46.303+0800][gc,marking  ] GC(28) Concurrent Mark 46.223ms
[2025-02-25T13:18:46.303+0800][gc,marking  ] GC(28) Concurrent Rebuild Remembered Sets and Scrub Regions
[2025-02-25T13:18:46.311+0800][gc,marking  ] GC(28) Concurrent Rebuild Remembered Sets and Scrub Regions 7.676ms
[2025-02-25T13:18:46.311+0800][gc,start    ] GC(28) Pause Cleanup
[2025-02-25T13:18:46.311+0800][gc          ] GC(28) Pause Cleanup 84M->84M(512M) 0.022ms
[2025-02-25T13:18:46.311+0800][gc,cpu      ] GC(28) User=0.00s Sys=0.00s Real=0.00s
[2025-02-25T13:18:46.311+0800][gc,marking  ] GC(28) Concurrent Clear Claimed Marks
[2025-02-25T13:18:46.311+0800][gc,marking  ] GC(28) Concurrent Clear Claimed Marks 0.035ms
[2025-02-25T13:18:46.311+0800][gc,marking  ] GC(28) Concurrent Cleanup for Next Mark
[2025-02-25T13:18:46.312+0800][gc,marking  ] GC(28) Concurrent Cleanup for Next Mark 0.548ms
[2025-02-25T13:18:46.312+0800][gc          ] GC(28) Concurrent Mark Cycle 59.284ms
[2025-02-25T13:22:52.058+0800][gc,start    ] GC(29) Pause Young (Prepare Mixed) (G1 Evacuation Pause)
[2025-02-25T13:22:52.059+0800][gc,task     ] GC(29) Using 9 workers of 9 for evacuation
[2025-02-25T13:22:52.071+0800][gc,phases   ] GC(29)   Pre Evacuate Collection Set: 0.86ms
[2025-02-25T13:22:52.071+0800][gc,phases   ] GC(29)   Merge Heap Roots: 0.22ms
[2025-02-25T13:22:52.071+0800][gc,phases   ] GC(29)   Evacuate Collection Set: 9.75ms
[2025-02-25T13:22:52.071+0800][gc,phases   ] GC(29)   Post Evacuate Collection Set: 1.65ms
[2025-02-25T13:22:52.071+0800][gc,phases   ] GC(29)   Other: 0.17ms
[2025-02-25T13:22:52.071+0800][gc,heap     ] GC(29) Eden regions: 242->0(241)
[2025-02-25T13:22:52.071+0800][gc,heap     ] GC(29) Survivor regions: 14->15(32)
[2025-02-25T13:22:52.072+0800][gc,heap     ] GC(29) Old regions: 53->53
[2025-02-25T13:22:52.072+0800][gc,heap     ] GC(29) Humongous regions: 16->16
[2025-02-25T13:22:52.072+0800][gc,metaspace] GC(29) Metaspace: 83859K(84608K)->83859K(84608K) NonClass: 73870K(74240K)->73870K(74240K) Class: 9989K(10368K)->9989K(10368K)
[2025-02-25T13:22:52.072+0800][gc          ] GC(29) Pause Young (Prepare Mixed) (G1 Evacuation Pause) 324M->83M(512M) 13.305ms
[2025-02-25T13:22:52.072+0800][gc,cpu      ] GC(29) User=0.04s Sys=0.01s Real=0.02s
[2025-02-25T13:26:47.052+0800][gc,start    ] GC(30) Pause Young (Mixed) (G1 Evacuation Pause)
[2025-02-25T13:26:47.053+0800][gc,task     ] GC(30) Using 9 workers of 9 for evacuation
[2025-02-25T13:26:47.094+0800][gc,phases   ] GC(30)   Pre Evacuate Collection Set: 0.99ms
[2025-02-25T13:26:47.094+0800][gc,phases   ] GC(30)   Merge Heap Roots: 0.28ms
[2025-02-25T13:26:47.094+0800][gc,phases   ] GC(30)   Evacuate Collection Set: 37.83ms
[2025-02-25T13:26:47.094+0800][gc,phases   ] GC(30)   Post Evacuate Collection Set: 1.28ms
[2025-02-25T13:26:47.094+0800][gc,phases   ] GC(30)   Other: 0.17ms
[2025-02-25T13:26:47.094+0800][gc,heap     ] GC(30) Eden regions: 241->0(242)
[2025-02-25T13:26:47.094+0800][gc,heap     ] GC(30) Survivor regions: 15->14(32)
[2025-02-25T13:26:47.094+0800][gc,heap     ] GC(30) Old regions: 53->53
[2025-02-25T13:26:47.094+0800][gc,heap     ] GC(30) Humongous regions: 16->16
[2025-02-25T13:26:47.094+0800][gc,metaspace] GC(30) Metaspace: 83904K(84608K)->83904K(84608K) NonClass: 73913K(74240K)->73913K(74240K) Class: 9990K(10368K)->9990K(10368K)
[2025-02-25T13:26:47.094+0800][gc          ] GC(30) Pause Young (Mixed) (G1 Evacuation Pause) 324M->81M(512M) 42.075ms
[2025-02-25T13:26:47.094+0800][gc,cpu      ] GC(30) User=0.03s Sys=0.10s Real=0.04s
[2025-02-25T13:30:40.076+0800][gc,start    ] GC(31) Pause Young (Mixed) (G1 Evacuation Pause)
[2025-02-25T13:30:40.077+0800][gc,task     ] GC(31) Using 9 workers of 9 for evacuation
[2025-02-25T13:30:40.087+0800][gc,phases   ] GC(31)   Pre Evacuate Collection Set: 0.44ms
[2025-02-25T13:30:40.087+0800][gc,phases   ] GC(31)   Merge Heap Roots: 0.22ms
[2025-02-25T13:30:40.087+0800][gc,phases   ] GC(31)   Evacuate Collection Set: 8.00ms
[2025-02-25T13:30:40.087+0800][gc,phases   ] GC(31)   Post Evacuate Collection Set: 1.17ms
[2025-02-25T13:30:40.087+0800][gc,phases   ] GC(31)   Other: 0.19ms
[2025-02-25T13:30:40.087+0800][gc,heap     ] GC(31) Eden regions: 242->0(242)
[2025-02-25T13:30:40.087+0800][gc,heap     ] GC(31) Survivor regions: 14->14(32)
[2025-02-25T13:30:40.087+0800][gc,heap     ] GC(31) Old regions: 53->53
[2025-02-25T13:30:40.087+0800][gc,heap     ] GC(31) Humongous regions: 16->16
[2025-02-25T13:30:40.087+0800][gc,metaspace] GC(31) Metaspace: 83918K(84608K)->83918K(84608K) NonClass: 73928K(74240K)->73928K(74240K) Class: 9990K(10368K)->9990K(10368K)
[2025-02-25T13:30:40.087+0800][gc          ] GC(31) Pause Young (Mixed) (G1 Evacuation Pause) 323M->81M(512M) 11.522ms
[2025-02-25T13:30:40.087+0800][gc,cpu      ] GC(31) User=0.05s Sys=0.00s Real=0.01s
[2025-02-25T13:34:32.102+0800][gc,start    ] GC(32) Pause Young (Mixed) (G1 Evacuation Pause)
[2025-02-25T13:34:32.104+0800][gc,task     ] GC(32) Using 9 workers of 9 for evacuation
[2025-02-25T13:34:32.121+0800][gc,phases   ] GC(32)   Pre Evacuate Collection Set: 0.68ms
[2025-02-25T13:34:32.121+0800][gc,phases   ] GC(32)   Merge Heap Roots: 0.39ms
[2025-02-25T13:34:32.121+0800][gc,phases   ] GC(32)   Evacuate Collection Set: 14.79ms
[2025-02-25T13:34:32.121+0800][gc,phases   ] GC(32)   Post Evacuate Collection Set: 1.40ms
[2025-02-25T13:34:32.121+0800][gc,phases   ] GC(32)   Other: 0.20ms
[2025-02-25T13:34:32.121+0800][gc,heap     ] GC(32) Eden regions: 242->0(242)
[2025-02-25T13:34:32.121+0800][gc,heap     ] GC(32) Survivor regions: 14->14(32)
[2025-02-25T13:34:32.121+0800][gc,heap     ] GC(32) Old regions: 53->52
[2025-02-25T13:34:32.121+0800][gc,heap     ] GC(32) Humongous regions: 16->16
[2025-02-25T13:34:32.121+0800][gc,metaspace] GC(32) Metaspace: 83919K(84608K)->83919K(84608K) NonClass: 73929K(74240K)->73929K(74240K) Class: 9990K(10368K)->9990K(10368K)
[2025-02-25T13:34:32.121+0800][gc          ] GC(32) Pause Young (Mixed) (G1 Evacuation Pause) 323M->81M(512M) 18.811ms
[2025-02-25T13:34:32.122+0800][gc,cpu      ] GC(32) User=0.07s Sys=0.03s Real=0.02s
[2025-02-25T13:38:23.548+0800][gc,start    ] GC(33) Pause Young (Concurrent Start) (G1 Evacuation Pause)
[2025-02-25T13:38:23.548+0800][gc,task     ] GC(33) Using 9 workers of 9 for evacuation
[2025-02-25T13:38:23.557+0800][gc,phases   ] GC(33)   Pre Evacuate Collection Set: 0.49ms
[2025-02-25T13:38:23.557+0800][gc,phases   ] GC(33)   Merge Heap Roots: 0.19ms
[2025-02-25T13:38:23.557+0800][gc,phases   ] GC(33)   Evacuate Collection Set: 6.79ms
[2025-02-25T13:38:23.557+0800][gc,phases   ] GC(33)   Post Evacuate Collection Set: 1.09ms
[2025-02-25T13:38:23.557+0800][gc,phases   ] GC(33)   Other: 0.21ms
[2025-02-25T13:38:23.557+0800][gc,heap     ] GC(33) Eden regions: 242->0(242)
[2025-02-25T13:38:23.557+0800][gc,heap     ] GC(33) Survivor regions: 14->14(32)
[2025-02-25T13:38:23.557+0800][gc,heap     ] GC(33) Old regions: 52->52
[2025-02-25T13:38:23.557+0800][gc,heap     ] GC(33) Humongous regions: 16->16
[2025-02-25T13:38:23.557+0800][gc,metaspace] GC(33) Metaspace: 83921K(84608K)->83921K(84608K) NonClass: 73930K(74240K)->73930K(74240K) Class: 9990K(10368K)->9990K(10368K)
[2025-02-25T13:38:23.557+0800][gc          ] GC(33) Pause Young (Concurrent Start) (G1 Evacuation Pause) 323M->81M(512M) 9.184ms
[2025-02-25T13:38:23.557+0800][gc          ] GC(34) Concurrent Mark Cycle
[2025-02-25T13:38:23.557+0800][gc,marking  ] GC(34) Concurrent Scan Root Regions
[2025-02-25T13:38:23.557+0800][gc,cpu      ] GC(33) User=0.05s Sys=0.01s Real=0.01s
[2025-02-25T13:38:23.561+0800][gc,marking  ] GC(34) Concurrent Scan Root Regions 3.340ms
[2025-02-25T13:38:23.561+0800][gc,marking  ] GC(34) Concurrent Mark
[2025-02-25T13:38:23.561+0800][gc,marking  ] GC(34) Concurrent Mark From Roots
[2025-02-25T13:38:23.561+0800][gc,task     ] GC(34) Using 2 workers of 2 for marking
[2025-02-25T13:38:23.591+0800][gc,marking  ] GC(34) Concurrent Mark From Roots 30.340ms
[2025-02-25T13:38:23.591+0800][gc,marking  ] GC(34) Concurrent Preclean
[2025-02-25T13:38:23.591+0800][gc,marking  ] GC(34) Concurrent Preclean 0.039ms
[2025-02-25T13:38:23.591+0800][gc,start    ] GC(34) Pause Remark
[2025-02-25T13:38:23.596+0800][gc          ] GC(34) Pause Remark 82M->82M(512M) 4.845ms
[2025-02-25T13:38:23.596+0800][gc,cpu      ] GC(34) User=0.02s Sys=0.02s Real=0.00s
[2025-02-25T13:38:23.596+0800][gc,marking  ] GC(34) Concurrent Mark 35.550ms
[2025-02-25T13:38:23.596+0800][gc,marking  ] GC(34) Concurrent Rebuild Remembered Sets and Scrub Regions
[2025-02-25T13:38:23.606+0800][gc,marking  ] GC(34) Concurrent Rebuild Remembered Sets and Scrub Regions 10.161ms
[2025-02-25T13:38:23.606+0800][gc,start    ] GC(34) Pause Cleanup
[2025-02-25T13:38:23.606+0800][gc          ] GC(34) Pause Cleanup 82M->82M(512M) 0.018ms
[2025-02-25T13:38:23.606+0800][gc,cpu      ] GC(34) User=0.00s Sys=0.00s Real=0.00s
[2025-02-25T13:38:23.606+0800][gc,marking  ] GC(34) Concurrent Clear Claimed Marks
[2025-02-25T13:38:23.607+0800][gc,marking  ] GC(34) Concurrent Clear Claimed Marks 0.034ms
[2025-02-25T13:38:23.607+0800][gc,marking  ] GC(34) Concurrent Cleanup for Next Mark
[2025-02-25T13:38:23.607+0800][gc,marking  ] GC(34) Concurrent Cleanup for Next Mark 0.589ms
[2025-02-25T13:38:23.607+0800][gc          ] GC(34) Concurrent Mark Cycle 49.952ms
[2025-02-25T13:57:15.580+0800][gc,start    ] GC(35) Pause Young (Prepare Mixed) (G1 Evacuation Pause)
[2025-02-25T13:57:15.581+0800][gc,task     ] GC(35) Using 9 workers of 9 for evacuation
[2025-02-25T13:57:15.592+0800][gc,phases   ] GC(35)   Pre Evacuate Collection Set: 0.43ms
[2025-02-25T13:57:15.592+0800][gc,phases   ] GC(35)   Merge Heap Roots: 0.26ms
[2025-02-25T13:57:15.592+0800][gc,phases   ] GC(35)   Evacuate Collection Set: 8.77ms
[2025-02-25T13:57:15.592+0800][gc,phases   ] GC(35)   Post Evacuate Collection Set: 1.15ms
[2025-02-25T13:57:15.592+0800][gc,phases   ] GC(35)   Other: 0.23ms
[2025-02-25T13:57:15.592+0800][gc,heap     ] GC(35) Eden regions: 242->0(248)
[2025-02-25T13:57:15.592+0800][gc,heap     ] GC(35) Survivor regions: 14->8(32)
[2025-02-25T13:57:15.592+0800][gc,heap     ] GC(35) Old regions: 52->58
[2025-02-25T13:57:15.592+0800][gc,heap     ] GC(35) Humongous regions: 16->16
[2025-02-25T13:57:15.592+0800][gc,metaspace] GC(35) Metaspace: 83973K(84672K)->83973K(84672K) NonClass: 73971K(74304K)->73971K(74304K) Class: 10001K(10368K)->10001K(10368K)
[2025-02-25T13:57:15.592+0800][gc          ] GC(35) Pause Young (Prepare Mixed) (G1 Evacuation Pause) 323M->81M(512M) 12.152ms
[2025-02-25T13:57:15.592+0800][gc,cpu      ] GC(35) User=0.05s Sys=0.01s Real=0.01s
[2025-02-25T14:01:14.643+0800][gc,start    ] GC(36) Pause Young (Mixed) (G1 Evacuation Pause)
[2025-02-25T14:01:14.644+0800][gc,task     ] GC(36) Using 9 workers of 9 for evacuation
[2025-02-25T14:01:14.653+0800][gc,phases   ] GC(36)   Pre Evacuate Collection Set: 0.43ms
[2025-02-25T14:01:14.653+0800][gc,phases   ] GC(36)   Merge Heap Roots: 0.18ms
[2025-02-25T14:01:14.653+0800][gc,phases   ] GC(36)   Evacuate Collection Set: 6.21ms
[2025-02-25T14:01:14.653+0800][gc,phases   ] GC(36)   Post Evacuate Collection Set: 1.18ms
[2025-02-25T14:01:14.653+0800][gc,phases   ] GC(36)   Other: 0.22ms
[2025-02-25T14:01:14.653+0800][gc,heap     ] GC(36) Eden regions: 248->0(249)
[2025-02-25T14:01:14.653+0800][gc,heap     ] GC(36) Survivor regions: 8->7(32)
[2025-02-25T14:01:14.653+0800][gc,heap     ] GC(36) Old regions: 58->59
[2025-02-25T14:01:14.653+0800][gc,heap     ] GC(36) Humongous regions: 16->16
[2025-02-25T14:01:14.653+0800][gc,metaspace] GC(36) Metaspace: 83975K(84672K)->83975K(84672K) NonClass: 73973K(74304K)->73973K(74304K) Class: 10001K(10368K)->10001K(10368K)
[2025-02-25T14:01:14.653+0800][gc          ] GC(36) Pause Young (Mixed) (G1 Evacuation Pause) 329M->81M(512M) 9.618ms
[2025-02-25T14:01:14.653+0800][gc,cpu      ] GC(36) User=0.03s Sys=0.01s Real=0.01s
[2025-02-25T14:05:13.717+0800][gc,start    ] GC(37) Pause Young (Mixed) (G1 Evacuation Pause)
[2025-02-25T14:05:13.718+0800][gc,task     ] GC(37) Using 9 workers of 9 for evacuation
[2025-02-25T14:05:13.725+0800][gc,phases   ] GC(37)   Pre Evacuate Collection Set: 0.44ms
[2025-02-25T14:05:13.725+0800][gc,phases   ] GC(37)   Merge Heap Roots: 0.28ms
[2025-02-25T14:05:13.725+0800][gc,phases   ] GC(37)   Evacuate Collection Set: 5.30ms
[2025-02-25T14:05:13.725+0800][gc,phases   ] GC(37)   Post Evacuate Collection Set: 1.14ms
[2025-02-25T14:05:13.725+0800][gc,phases   ] GC(37)   Other: 0.20ms
[2025-02-25T14:05:13.725+0800][gc,heap     ] GC(37) Eden regions: 249->0(249)
[2025-02-25T14:05:13.726+0800][gc,heap     ] GC(37) Survivor regions: 7->7(32)
[2025-02-25T14:05:13.726+0800][gc,heap     ] GC(37) Old regions: 59->59
[2025-02-25T14:05:13.726+0800][gc,heap     ] GC(37) Humongous regions: 16->16
[2025-02-25T14:05:13.726+0800][gc,metaspace] GC(37) Metaspace: 83979K(84672K)->83979K(84672K) NonClass: 73976K(74304K)->73976K(74304K) Class: 10002K(10368K)->10002K(10368K)
[2025-02-25T14:05:13.726+0800][gc          ] GC(37) Pause Young (Mixed) (G1 Evacuation Pause) 330M->81M(512M) 8.724ms
[2025-02-25T14:05:13.726+0800][gc,cpu      ] GC(37) User=0.04s Sys=0.00s Real=0.01s
[2025-02-25T14:09:10.487+0800][gc,start    ] GC(38) Pause Young (Mixed) (G1 Evacuation Pause)
[2025-02-25T14:09:10.487+0800][gc,task     ] GC(38) Using 9 workers of 9 for evacuation
[2025-02-25T14:09:10.494+0800][gc,phases   ] GC(38)   Pre Evacuate Collection Set: 0.32ms
[2025-02-25T14:09:10.494+0800][gc,phases   ] GC(38)   Merge Heap Roots: 0.15ms
[2025-02-25T14:09:10.494+0800][gc,phases   ] GC(38)   Evacuate Collection Set: 4.78ms
[2025-02-25T14:09:10.494+0800][gc,phases   ] GC(38)   Post Evacuate Collection Set: 0.84ms
[2025-02-25T14:09:10.494+0800][gc,phases   ] GC(38)   Other: 0.13ms
[2025-02-25T14:09:10.494+0800][gc,heap     ] GC(38) Eden regions: 249->0(249)
[2025-02-25T14:09:10.494+0800][gc,heap     ] GC(38) Survivor regions: 7->7(32)
[2025-02-25T14:09:10.494+0800][gc,heap     ] GC(38) Old regions: 59->59
[2025-02-25T14:09:10.494+0800][gc,heap     ] GC(38) Humongous regions: 16->16
[2025-02-25T14:09:10.494+0800][gc,metaspace] GC(38) Metaspace: 83983K(84672K)->83983K(84672K) NonClass: 73979K(74304K)->73979K(74304K) Class: 10003K(10368K)->10003K(10368K)
[2025-02-25T14:09:10.494+0800][gc          ] GC(38) Pause Young (Mixed) (G1 Evacuation Pause) 330M->81M(512M) 6.771ms
[2025-02-25T14:09:10.494+0800][gc,cpu      ] GC(38) User=0.03s Sys=0.01s Real=0.01s
[2025-02-25T14:13:09.785+0800][gc,start    ] GC(39) Pause Young (Concurrent Start) (G1 Evacuation Pause)
[2025-02-25T14:13:09.786+0800][gc,task     ] GC(39) Using 9 workers of 9 for evacuation
[2025-02-25T14:13:09.792+0800][gc,phases   ] GC(39)   Pre Evacuate Collection Set: 0.54ms
[2025-02-25T14:13:09.792+0800][gc,phases   ] GC(39)   Merge Heap Roots: 0.26ms
[2025-02-25T14:13:09.792+0800][gc,phases   ] GC(39)   Evacuate Collection Set: 3.68ms
[2025-02-25T14:13:09.792+0800][gc,phases   ] GC(39)   Post Evacuate Collection Set: 1.11ms
[2025-02-25T14:13:09.792+0800][gc,phases   ] GC(39)   Other: 0.24ms
[2025-02-25T14:13:09.792+0800][gc,heap     ] GC(39) Eden regions: 249->0(250)
[2025-02-25T14:13:09.792+0800][gc,heap     ] GC(39) Survivor regions: 7->6(32)
[2025-02-25T14:13:09.792+0800][gc,heap     ] GC(39) Old regions: 59->59
[2025-02-25T14:13:09.792+0800][gc,heap     ] GC(39) Humongous regions: 16->16
[2025-02-25T14:13:09.792+0800][gc,metaspace] GC(39) Metaspace: 83987K(84672K)->83987K(84672K) NonClass: 73983K(74304K)->73983K(74304K) Class: 10003K(10368K)->10003K(10368K)
[2025-02-25T14:13:09.792+0800][gc          ] GC(39) Pause Young (Concurrent Start) (G1 Evacuation Pause) 330M->80M(512M) 7.118ms
[2025-02-25T14:13:09.792+0800][gc          ] GC(40) Concurrent Mark Cycle
[2025-02-25T14:13:09.792+0800][gc,marking  ] GC(40) Concurrent Scan Root Regions
[2025-02-25T14:13:09.793+0800][gc,cpu      ] GC(39) User=0.02s Sys=0.00s Real=0.01s
[2025-02-25T14:13:09.795+0800][gc,marking  ] GC(40) Concurrent Scan Root Regions 2.358ms
[2025-02-25T14:13:09.795+0800][gc,marking  ] GC(40) Concurrent Mark
[2025-02-25T14:13:09.795+0800][gc,marking  ] GC(40) Concurrent Mark From Roots
[2025-02-25T14:13:09.795+0800][gc,task     ] GC(40) Using 2 workers of 2 for marking
[2025-02-25T14:13:09.830+0800][gc,marking  ] GC(40) Concurrent Mark From Roots 35.548ms
[2025-02-25T14:13:09.830+0800][gc,marking  ] GC(40) Concurrent Preclean
[2025-02-25T14:13:09.830+0800][gc,marking  ] GC(40) Concurrent Preclean 0.053ms
[2025-02-25T14:13:09.831+0800][gc,start    ] GC(40) Pause Remark
[2025-02-25T14:13:09.843+0800][gc          ] GC(40) Pause Remark 80M->80M(512M) 12.037ms
[2025-02-25T14:13:09.843+0800][gc,cpu      ] GC(40) User=0.03s Sys=0.04s Real=0.01s
[2025-02-25T14:13:09.843+0800][gc,marking  ] GC(40) Concurrent Mark 47.954ms
[2025-02-25T14:13:09.843+0800][gc,marking  ] GC(40) Concurrent Rebuild Remembered Sets and Scrub Regions
[2025-02-25T14:13:09.852+0800][gc,marking  ] GC(40) Concurrent Rebuild Remembered Sets and Scrub Regions 9.196ms
[2025-02-25T14:13:09.852+0800][gc,start    ] GC(40) Pause Cleanup
[2025-02-25T14:13:09.852+0800][gc          ] GC(40) Pause Cleanup 80M->80M(512M) 0.027ms
[2025-02-25T14:13:09.852+0800][gc,cpu      ] GC(40) User=0.00s Sys=0.00s Real=0.00s
[2025-02-25T14:13:09.852+0800][gc,marking  ] GC(40) Concurrent Clear Claimed Marks
[2025-02-25T14:13:09.852+0800][gc,marking  ] GC(40) Concurrent Clear Claimed Marks 0.043ms
[2025-02-25T14:13:09.852+0800][gc,marking  ] GC(40) Concurrent Cleanup for Next Mark
[2025-02-25T14:13:09.853+0800][gc,marking  ] GC(40) Concurrent Cleanup for Next Mark 0.414ms
[2025-02-25T14:13:09.853+0800][gc          ] GC(40) Concurrent Mark Cycle 60.290ms
[2025-02-25T14:17:10.528+0800][gc,start    ] GC(41) Pause Young (Prepare Mixed) (G1 Evacuation Pause)
[2025-02-25T14:17:10.528+0800][gc,task     ] GC(41) Using 9 workers of 9 for evacuation
[2025-02-25T14:17:10.535+0800][gc,phases   ] GC(41)   Pre Evacuate Collection Set: 0.70ms
[2025-02-25T14:17:10.535+0800][gc,phases   ] GC(41)   Merge Heap Roots: 0.24ms
[2025-02-25T14:17:10.535+0800][gc,phases   ] GC(41)   Evacuate Collection Set: 4.06ms
[2025-02-25T14:17:10.535+0800][gc,phases   ] GC(41)   Post Evacuate Collection Set: 1.33ms
[2025-02-25T14:17:10.535+0800][gc,phases   ] GC(41)   Other: 0.17ms
[2025-02-25T14:17:10.535+0800][gc,heap     ] GC(41) Eden regions: 250->0(250)
[2025-02-25T14:17:10.535+0800][gc,heap     ] GC(41) Survivor regions: 6->6(32)
[2025-02-25T14:17:10.535+0800][gc,heap     ] GC(41) Old regions: 59->60
[2025-02-25T14:17:10.535+0800][gc,heap     ] GC(41) Humongous regions: 16->16
[2025-02-25T14:17:10.535+0800][gc,metaspace] GC(41) Metaspace: 83971K(84672K)->83971K(84672K) NonClass: 73980K(74304K)->73980K(74304K) Class: 9990K(10368K)->9990K(10368K)
[2025-02-25T14:17:10.535+0800][gc          ] GC(41) Pause Young (Prepare Mixed) (G1 Evacuation Pause) 330M->81M(512M) 7.347ms
[2025-02-25T14:17:10.536+0800][gc,cpu      ] GC(41) User=0.02s Sys=0.00s Real=0.01s
[2025-02-25T14:21:10.597+0800][gc,start    ] GC(42) Pause Young (Mixed) (G1 Evacuation Pause)
[2025-02-25T14:21:10.598+0800][gc,task     ] GC(42) Using 9 workers of 9 for evacuation
[2025-02-25T14:21:10.605+0800][gc,phases   ] GC(42)   Pre Evacuate Collection Set: 0.47ms
[2025-02-25T14:21:10.605+0800][gc,phases   ] GC(42)   Merge Heap Roots: 0.21ms
[2025-02-25T14:21:10.605+0800][gc,phases   ] GC(42)   Evacuate Collection Set: 4.41ms
[2025-02-25T14:21:10.605+0800][gc,phases   ] GC(42)   Post Evacuate Collection Set: 1.24ms
[2025-02-25T14:21:10.605+0800][gc,phases   ] GC(42)   Other: 0.23ms
[2025-02-25T14:21:10.605+0800][gc,heap     ] GC(42) Eden regions: 250->0(250)
[2025-02-25T14:21:10.605+0800][gc,heap     ] GC(42) Survivor regions: 6->6(32)
[2025-02-25T14:21:10.605+0800][gc,heap     ] GC(42) Old regions: 60->59
[2025-02-25T14:21:10.605+0800][gc,heap     ] GC(42) Humongous regions: 16->16
[2025-02-25T14:21:10.605+0800][gc,metaspace] GC(42) Metaspace: 83971K(84672K)->83971K(84672K) NonClass: 73981K(74304K)->73981K(74304K) Class: 9990K(10368K)->9990K(10368K)
[2025-02-25T14:21:10.605+0800][gc          ] GC(42) Pause Young (Mixed) (G1 Evacuation Pause) 331M->80M(512M) 7.869ms
[2025-02-25T14:21:10.605+0800][gc,cpu      ] GC(42) User=0.02s Sys=0.01s Real=0.01s
[2025-02-25T14:25:11.443+0800][gc,start    ] GC(43) Pause Young (Mixed) (G1 Evacuation Pause)
[2025-02-25T14:25:11.444+0800][gc,task     ] GC(43) Using 9 workers of 9 for evacuation
[2025-02-25T14:25:11.451+0800][gc,phases   ] GC(43)   Pre Evacuate Collection Set: 0.40ms
[2025-02-25T14:25:11.451+0800][gc,phases   ] GC(43)   Merge Heap Roots: 0.14ms
[2025-02-25T14:25:11.451+0800][gc,phases   ] GC(43)   Evacuate Collection Set: 4.98ms
[2025-02-25T14:25:11.451+0800][gc,phases   ] GC(43)   Post Evacuate Collection Set: 1.17ms
[2025-02-25T14:25:11.451+0800][gc,phases   ] GC(43)   Other: 0.24ms
[2025-02-25T14:25:11.451+0800][gc,heap     ] GC(43) Eden regions: 250->0(250)
[2025-02-25T14:25:11.452+0800][gc,heap     ] GC(43) Survivor regions: 6->6(32)
[2025-02-25T14:25:11.452+0800][gc,heap     ] GC(43) Old regions: 59->59
[2025-02-25T14:25:11.452+0800][gc,heap     ] GC(43) Humongous regions: 16->16
[2025-02-25T14:25:11.452+0800][gc,metaspace] GC(43) Metaspace: 83972K(84672K)->83972K(84672K) NonClass: 73981K(74304K)->73981K(74304K) Class: 9990K(10368K)->9990K(10368K)
[2025-02-25T14:25:11.452+0800][gc          ] GC(43) Pause Young (Mixed) (G1 Evacuation Pause) 330M->80M(512M) 8.355ms
[2025-02-25T14:25:11.452+0800][gc,cpu      ] GC(43) User=0.03s Sys=0.01s Real=0.01s
[2025-02-25T14:29:13.264+0800][gc,start    ] GC(44) Pause Young (Mixed) (G1 Evacuation Pause)
[2025-02-25T14:29:13.265+0800][gc,task     ] GC(44) Using 9 workers of 9 for evacuation
[2025-02-25T14:29:13.272+0800][gc,phases   ] GC(44)   Pre Evacuate Collection Set: 0.45ms
[2025-02-25T14:29:13.272+0800][gc,phases   ] GC(44)   Merge Heap Roots: 0.25ms
[2025-02-25T14:29:13.272+0800][gc,phases   ] GC(44)   Evacuate Collection Set: 5.00ms
[2025-02-25T14:29:13.272+0800][gc,phases   ] GC(44)   Post Evacuate Collection Set: 1.27ms
[2025-02-25T14:29:13.272+0800][gc,phases   ] GC(44)   Other: 0.19ms
[2025-02-25T14:29:13.272+0800][gc,heap     ] GC(44) Eden regions: 250->0(251)
[2025-02-25T14:29:13.272+0800][gc,heap     ] GC(44) Survivor regions: 6->5(32)
[2025-02-25T14:29:13.272+0800][gc,heap     ] GC(44) Old regions: 59->59
[2025-02-25T14:29:13.272+0800][gc,heap     ] GC(44) Humongous regions: 16->16
[2025-02-25T14:29:13.272+0800][gc,metaspace] GC(44) Metaspace: 83974K(84672K)->83974K(84672K) NonClass: 73983K(74304K)->73983K(74304K) Class: 9990K(10368K)->9990K(10368K)
[2025-02-25T14:29:13.272+0800][gc          ] GC(44) Pause Young (Mixed) (G1 Evacuation Pause) 330M->78M(512M) 8.462ms
[2025-02-25T14:29:13.272+0800][gc,cpu      ] GC(44) User=0.03s Sys=0.01s Real=0.01s
[2025-02-25T14:33:14.622+0800][gc,start    ] GC(45) Pause Young (Concurrent Start) (G1 Evacuation Pause)
[2025-02-25T14:33:14.623+0800][gc,task     ] GC(45) Using 9 workers of 9 for evacuation
[2025-02-25T14:33:14.629+0800][gc,phases   ] GC(45)   Pre Evacuate Collection Set: 0.52ms
[2025-02-25T14:33:14.629+0800][gc,phases   ] GC(45)   Merge Heap Roots: 0.26ms
[2025-02-25T14:33:14.629+0800][gc,phases   ] GC(45)   Evacuate Collection Set: 3.37ms
[2025-02-25T14:33:14.629+0800][gc,phases   ] GC(45)   Post Evacuate Collection Set: 0.98ms
[2025-02-25T14:33:14.629+0800][gc,phases   ] GC(45)   Other: 0.23ms
[2025-02-25T14:33:14.629+0800][gc,heap     ] GC(45) Eden regions: 251->0(251)
[2025-02-25T14:33:14.629+0800][gc,heap     ] GC(45) Survivor regions: 5->5(32)
[2025-02-25T14:33:14.629+0800][gc,heap     ] GC(45) Old regions: 59->59
[2025-02-25T14:33:14.629+0800][gc,heap     ] GC(45) Humongous regions: 16->16
[2025-02-25T14:33:14.629+0800][gc,metaspace] GC(45) Metaspace: 83975K(84672K)->83975K(84672K) NonClass: 73984K(74304K)->73984K(74304K) Class: 9990K(10368K)->9990K(10368K)
[2025-02-25T14:33:14.629+0800][gc          ] GC(45) Pause Young (Concurrent Start) (G1 Evacuation Pause) 329M->79M(512M) 6.665ms
[2025-02-25T14:33:14.629+0800][gc          ] GC(46) Concurrent Mark Cycle
[2025-02-25T14:33:14.629+0800][gc,marking  ] GC(46) Concurrent Scan Root Regions
[2025-02-25T14:33:14.629+0800][gc,cpu      ] GC(45) User=0.02s Sys=0.00s Real=0.00s
[2025-02-25T14:33:14.631+0800][gc,marking  ] GC(46) Concurrent Scan Root Regions 2.172ms
[2025-02-25T14:33:14.631+0800][gc,marking  ] GC(46) Concurrent Mark
[2025-02-25T14:33:14.631+0800][gc,marking  ] GC(46) Concurrent Mark From Roots
[2025-02-25T14:33:14.631+0800][gc,task     ] GC(46) Using 2 workers of 2 for marking
[2025-02-25T14:33:14.668+0800][gc,marking  ] GC(46) Concurrent Mark From Roots 36.388ms
[2025-02-25T14:33:14.668+0800][gc,marking  ] GC(46) Concurrent Preclean
[2025-02-25T14:33:14.668+0800][gc,marking  ] GC(46) Concurrent Preclean 0.055ms
[2025-02-25T14:33:14.668+0800][gc,start    ] GC(46) Pause Remark
[2025-02-25T14:33:14.688+0800][gc          ] GC(46) Pause Remark 80M->80M(512M) 19.611ms
[2025-02-25T14:33:14.688+0800][gc,cpu      ] GC(46) User=0.05s Sys=0.06s Real=0.02s
[2025-02-25T14:33:14.688+0800][gc,marking  ] GC(46) Concurrent Mark 56.376ms
[2025-02-25T14:33:14.688+0800][gc,marking  ] GC(46) Concurrent Rebuild Remembered Sets and Scrub Regions
[2025-02-25T14:33:14.697+0800][gc,marking  ] GC(46) Concurrent Rebuild Remembered Sets and Scrub Regions 8.681ms
[2025-02-25T14:33:14.697+0800][gc,start    ] GC(46) Pause Cleanup
[2025-02-25T14:33:14.697+0800][gc          ] GC(46) Pause Cleanup 80M->80M(512M) 0.024ms
[2025-02-25T14:33:14.697+0800][gc,cpu      ] GC(46) User=0.00s Sys=0.00s Real=0.00s
[2025-02-25T14:33:14.697+0800][gc,marking  ] GC(46) Concurrent Clear Claimed Marks
[2025-02-25T14:33:14.697+0800][gc,marking  ] GC(46) Concurrent Clear Claimed Marks 0.041ms
[2025-02-25T14:33:14.697+0800][gc,marking  ] GC(46) Concurrent Cleanup for Next Mark
[2025-02-25T14:33:14.697+0800][gc,marking  ] GC(46) Concurrent Cleanup for Next Mark 0.179ms
[2025-02-25T14:33:14.697+0800][gc          ] GC(46) Concurrent Mark Cycle 67.766ms
[2025-02-25T14:37:15.302+0800][gc,start    ] GC(47) Pause Young (Prepare Mixed) (G1 Evacuation Pause)
[2025-02-25T14:37:15.303+0800][gc,task     ] GC(47) Using 9 workers of 9 for evacuation
[2025-02-25T14:37:15.306+0800][gc,phases   ] GC(47)   Pre Evacuate Collection Set: 0.31ms
[2025-02-25T14:37:15.306+0800][gc,phases   ] GC(47)   Merge Heap Roots: 0.10ms
[2025-02-25T14:37:15.306+0800][gc,phases   ] GC(47)   Evacuate Collection Set: 1.79ms
[2025-02-25T14:37:15.306+0800][gc,phases   ] GC(47)   Post Evacuate Collection Set: 0.67ms
[2025-02-25T14:37:15.306+0800][gc,phases   ] GC(47)   Other: 0.13ms
[2025-02-25T14:37:15.306+0800][gc,heap     ] GC(47) Eden regions: 251->0(250)
[2025-02-25T14:37:15.306+0800][gc,heap     ] GC(47) Survivor regions: 5->6(32)
[2025-02-25T14:37:15.306+0800][gc,heap     ] GC(47) Old regions: 59->59
[2025-02-25T14:37:15.306+0800][gc,heap     ] GC(47) Humongous regions: 16->16
[2025-02-25T14:37:15.307+0800][gc,metaspace] GC(47) Metaspace: 83975K(84672K)->83975K(84672K) NonClass: 73985K(74304K)->73985K(74304K) Class: 9990K(10368K)->9990K(10368K)
[2025-02-25T14:37:15.307+0800][gc          ] GC(47) Pause Young (Prepare Mixed) (G1 Evacuation Pause) 330M->79M(512M) 4.071ms
[2025-02-25T14:37:15.307+0800][gc,cpu      ] GC(47) User=0.01s Sys=0.00s Real=0.00s
[2025-02-25T14:41:23.594+0800][gc,start    ] GC(48) Pause Young (Mixed) (G1 Evacuation Pause)
[2025-02-25T14:41:23.595+0800][gc,task     ] GC(48) Using 9 workers of 9 for evacuation
[2025-02-25T14:41:23.601+0800][gc,phases   ] GC(48)   Pre Evacuate Collection Set: 0.45ms
[2025-02-25T14:41:23.601+0800][gc,phases   ] GC(48)   Merge Heap Roots: 0.20ms
[2025-02-25T14:41:23.601+0800][gc,phases   ] GC(48)   Evacuate Collection Set: 4.47ms
[2025-02-25T14:41:23.601+0800][gc,phases   ] GC(48)   Post Evacuate Collection Set: 1.25ms
[2025-02-25T14:41:23.601+0800][gc,phases   ] GC(48)   Other: 0.19ms
[2025-02-25T14:41:23.602+0800][gc,heap     ] GC(48) Eden regions: 250->0(250)
[2025-02-25T14:41:23.602+0800][gc,heap     ] GC(48) Survivor regions: 6->6(32)
[2025-02-25T14:41:23.602+0800][gc,heap     ] GC(48) Old regions: 59->59
[2025-02-25T14:41:23.602+0800][gc,heap     ] GC(48) Humongous regions: 16->16
[2025-02-25T14:41:23.602+0800][gc,metaspace] GC(48) Metaspace: 83975K(84672K)->83975K(84672K) NonClass: 73985K(74304K)->73985K(74304K) Class: 9990K(10368K)->9990K(10368K)
[2025-02-25T14:41:23.602+0800][gc          ] GC(48) Pause Young (Mixed) (G1 Evacuation Pause) 329M->80M(512M) 7.907ms
[2025-02-25T14:41:23.602+0800][gc,cpu      ] GC(48) User=0.03s Sys=0.00s Real=0.01s
[2025-02-25T14:45:30.219+0800][gc,start    ] GC(49) Pause Young (Mixed) (G1 Evacuation Pause)
[2025-02-25T14:45:30.220+0800][gc,task     ] GC(49) Using 9 workers of 9 for evacuation
[2025-02-25T14:45:30.226+0800][gc,phases   ] GC(49)   Pre Evacuate Collection Set: 0.38ms
[2025-02-25T14:45:30.226+0800][gc,phases   ] GC(49)   Merge Heap Roots: 0.15ms
[2025-02-25T14:45:30.226+0800][gc,phases   ] GC(49)   Evacuate Collection Set: 4.54ms
[2025-02-25T14:45:30.226+0800][gc,phases   ] GC(49)   Post Evacuate Collection Set: 1.09ms
[2025-02-25T14:45:30.226+0800][gc,phases   ] GC(49)   Other: 0.17ms
[2025-02-25T14:45:30.226+0800][gc,heap     ] GC(49) Eden regions: 250->0(250)
[2025-02-25T14:45:30.226+0800][gc,heap     ] GC(49) Survivor regions: 6->6(32)
[2025-02-25T14:45:30.226+0800][gc,heap     ] GC(49) Old regions: 59->59
[2025-02-25T14:45:30.226+0800][gc,heap     ] GC(49) Humongous regions: 16->16
[2025-02-25T14:45:30.226+0800][gc,metaspace] GC(49) Metaspace: 83976K(84672K)->83976K(84672K) NonClass: 73986K(74304K)->73986K(74304K) Class: 9990K(10368K)->9990K(10368K)
[2025-02-25T14:45:30.226+0800][gc          ] GC(49) Pause Young (Mixed) (G1 Evacuation Pause) 330M->79M(512M) 7.597ms
[2025-02-25T14:45:30.227+0800][gc,cpu      ] GC(49) User=0.02s Sys=0.01s Real=0.01s
[2025-02-25T14:49:47.238+0800][gc,start    ] GC(50) Pause Young (Mixed) (G1 Evacuation Pause)
[2025-02-25T14:49:47.239+0800][gc,task     ] GC(50) Using 9 workers of 9 for evacuation
[2025-02-25T14:49:47.245+0800][gc,phases   ] GC(50)   Pre Evacuate Collection Set: 0.46ms
[2025-02-25T14:49:47.245+0800][gc,phases   ] GC(50)   Merge Heap Roots: 0.21ms
[2025-02-25T14:49:47.245+0800][gc,phases   ] GC(50)   Evacuate Collection Set: 4.35ms
[2025-02-25T14:49:47.245+0800][gc,phases   ] GC(50)   Post Evacuate Collection Set: 1.11ms
[2025-02-25T14:49:47.245+0800][gc,phases   ] GC(50)   Other: 0.19ms
[2025-02-25T14:49:47.245+0800][gc,heap     ] GC(50) Eden regions: 250->0(250)
[2025-02-25T14:49:47.245+0800][gc,heap     ] GC(50) Survivor regions: 6->6(32)
[2025-02-25T14:49:47.245+0800][gc,heap     ] GC(50) Old regions: 59->58
[2025-02-25T14:49:47.245+0800][gc,heap     ] GC(50) Humongous regions: 16->16
[2025-02-25T14:49:47.245+0800][gc,metaspace] GC(50) Metaspace: 83976K(84672K)->83976K(84672K) NonClass: 73986K(74304K)->73986K(74304K) Class: 9990K(10368K)->9990K(10368K)
[2025-02-25T14:49:47.246+0800][gc          ] GC(50) Pause Young (Mixed) (G1 Evacuation Pause) 329M->79M(512M) 7.573ms
[2025-02-25T14:49:47.246+0800][gc,cpu      ] GC(50) User=0.03s Sys=0.01s Real=0.01s
[2025-02-25T14:54:00.201+0800][gc,start    ] GC(51) Pause Young (Concurrent Start) (G1 Evacuation Pause)
[2025-02-25T14:54:00.201+0800][gc,task     ] GC(51) Using 9 workers of 9 for evacuation
[2025-02-25T14:54:00.207+0800][gc,phases   ] GC(51)   Pre Evacuate Collection Set: 0.56ms
[2025-02-25T14:54:00.207+0800][gc,phases   ] GC(51)   Merge Heap Roots: 0.17ms
[2025-02-25T14:54:00.207+0800][gc,phases   ] GC(51)   Evacuate Collection Set: 3.24ms
[2025-02-25T14:54:00.207+0800][gc,phases   ] GC(51)   Post Evacuate Collection Set: 1.43ms
[2025-02-25T14:54:00.207+0800][gc,phases   ] GC(51)   Other: 0.20ms
[2025-02-25T14:54:00.207+0800][gc,heap     ] GC(51) Eden regions: 250->0(250)
[2025-02-25T14:54:00.207+0800][gc,heap     ] GC(51) Survivor regions: 6->6(32)
[2025-02-25T14:54:00.207+0800][gc,heap     ] GC(51) Old regions: 58->58
[2025-02-25T14:54:00.207+0800][gc,heap     ] GC(51) Humongous regions: 16->16
[2025-02-25T14:54:00.207+0800][gc,metaspace] GC(51) Metaspace: 83976K(84672K)->83976K(84672K) NonClass: 73986K(74304K)->73986K(74304K) Class: 9990K(10368K)->9990K(10368K)
[2025-02-25T14:54:00.207+0800][gc          ] GC(51) Pause Young (Concurrent Start) (G1 Evacuation Pause) 329M->79M(512M) 6.334ms
[2025-02-25T14:54:00.207+0800][gc          ] GC(52) Concurrent Mark Cycle
[2025-02-25T14:54:00.207+0800][gc,marking  ] GC(52) Concurrent Scan Root Regions
[2025-02-25T14:54:00.208+0800][gc,cpu      ] GC(51) User=0.01s Sys=0.00s Real=0.00s
[2025-02-25T14:54:00.210+0800][gc,marking  ] GC(52) Concurrent Scan Root Regions 2.404ms
[2025-02-25T14:54:00.210+0800][gc,marking  ] GC(52) Concurrent Mark
[2025-02-25T14:54:00.210+0800][gc,marking  ] GC(52) Concurrent Mark From Roots
[2025-02-25T14:54:00.210+0800][gc,task     ] GC(52) Using 2 workers of 2 for marking
[2025-02-25T14:54:00.243+0800][gc,marking  ] GC(52) Concurrent Mark From Roots 33.403ms
[2025-02-25T14:54:00.243+0800][gc,marking  ] GC(52) Concurrent Preclean
[2025-02-25T14:54:00.243+0800][gc,marking  ] GC(52) Concurrent Preclean 0.090ms
[2025-02-25T14:54:00.243+0800][gc,start    ] GC(52) Pause Remark
[2025-02-25T14:54:00.250+0800][gc          ] GC(52) Pause Remark 80M->80M(512M) 6.699ms
[2025-02-25T14:54:00.250+0800][gc,cpu      ] GC(52) User=0.03s Sys=0.01s Real=0.01s
[2025-02-25T14:54:00.250+0800][gc,marking  ] GC(52) Concurrent Mark 40.561ms
[2025-02-25T14:54:00.250+0800][gc,marking  ] GC(52) Concurrent Rebuild Remembered Sets and Scrub Regions
[2025-02-25T14:54:00.261+0800][gc,marking  ] GC(52) Concurrent Rebuild Remembered Sets and Scrub Regions 10.569ms
[2025-02-25T14:54:00.261+0800][gc,start    ] GC(52) Pause Cleanup
[2025-02-25T14:54:00.261+0800][gc          ] GC(52) Pause Cleanup 80M->80M(512M) 0.027ms
[2025-02-25T14:54:00.261+0800][gc,cpu      ] GC(52) User=0.00s Sys=0.00s Real=0.00s
[2025-02-25T14:54:00.261+0800][gc,marking  ] GC(52) Concurrent Clear Claimed Marks
[2025-02-25T14:54:00.261+0800][gc,marking  ] GC(52) Concurrent Clear Claimed Marks 0.040ms
[2025-02-25T14:54:00.261+0800][gc,marking  ] GC(52) Concurrent Cleanup for Next Mark
[2025-02-25T14:54:00.262+0800][gc,marking  ] GC(52) Concurrent Cleanup for Next Mark 0.383ms
[2025-02-25T14:54:00.262+0800][gc          ] GC(52) Concurrent Mark Cycle 54.295ms
[2025-02-25T14:58:35.067+0800][gc,start    ] GC(53) Pause Young (Prepare Mixed) (G1 Evacuation Pause)
[2025-02-25T14:58:35.068+0800][gc,task     ] GC(53) Using 9 workers of 9 for evacuation
[2025-02-25T14:58:35.074+0800][gc,phases   ] GC(53)   Pre Evacuate Collection Set: 0.75ms
[2025-02-25T14:58:35.074+0800][gc,phases   ] GC(53)   Merge Heap Roots: 0.27ms
[2025-02-25T14:58:35.074+0800][gc,phases   ] GC(53)   Evacuate Collection Set: 3.76ms
[2025-02-25T14:58:35.074+0800][gc,phases   ] GC(53)   Post Evacuate Collection Set: 1.21ms
[2025-02-25T14:58:35.074+0800][gc,phases   ] GC(53)   Other: 0.23ms
[2025-02-25T14:58:35.074+0800][gc,heap     ] GC(53) Eden regions: 250->0(251)
[2025-02-25T14:58:35.074+0800][gc,heap     ] GC(53) Survivor regions: 6->5(32)
[2025-02-25T14:58:35.074+0800][gc,heap     ] GC(53) Old regions: 58->58
[2025-02-25T14:58:35.074+0800][gc,heap     ] GC(53) Humongous regions: 16->16
[2025-02-25T14:58:35.074+0800][gc,metaspace] GC(53) Metaspace: 83978K(84672K)->83978K(84672K) NonClass: 73988K(74304K)->73988K(74304K) Class: 9989K(10368K)->9989K(10368K)
[2025-02-25T14:58:35.074+0800][gc          ] GC(53) Pause Young (Prepare Mixed) (G1 Evacuation Pause) 329M->78M(512M) 7.601ms
[2025-02-25T14:58:35.075+0800][gc,cpu      ] GC(53) User=0.02s Sys=0.00s Real=0.01s
[2025-02-25T15:02:45.087+0800][gc,start    ] GC(54) Pause Young (Mixed) (G1 Evacuation Pause)
[2025-02-25T15:02:45.088+0800][gc,task     ] GC(54) Using 9 workers of 9 for evacuation
[2025-02-25T15:02:45.094+0800][gc,phases   ] GC(54)   Pre Evacuate Collection Set: 0.51ms
[2025-02-25T15:02:45.094+0800][gc,phases   ] GC(54)   Merge Heap Roots: 0.37ms
[2025-02-25T15:02:45.094+0800][gc,phases   ] GC(54)   Evacuate Collection Set: 3.82ms
[2025-02-25T15:02:45.094+0800][gc,phases   ] GC(54)   Post Evacuate Collection Set: 1.11ms
[2025-02-25T15:02:45.094+0800][gc,phases   ] GC(54)   Other: 0.30ms
[2025-02-25T15:02:45.094+0800][gc,heap     ] GC(54) Eden regions: 251->0(252)
[2025-02-25T15:02:45.094+0800][gc,heap     ] GC(54) Survivor regions: 5->4(32)
[2025-02-25T15:02:45.094+0800][gc,heap     ] GC(54) Old regions: 58->58
[2025-02-25T15:02:45.094+0800][gc,heap     ] GC(54) Humongous regions: 16->16
[2025-02-25T15:02:45.094+0800][gc,metaspace] GC(54) Metaspace: 83978K(84672K)->83978K(84672K) NonClass: 73988K(74304K)->73988K(74304K) Class: 9989K(10368K)->9989K(10368K)
[2025-02-25T15:02:45.094+0800][gc          ] GC(54) Pause Young (Mixed) (G1 Evacuation Pause) 329M->77M(512M) 7.427ms
[2025-02-25T15:02:45.094+0800][gc,cpu      ] GC(54) User=0.02s Sys=0.00s Real=0.01s
[2025-02-25T15:06:49.171+0800][gc,start    ] GC(55) Pause Young (Mixed) (G1 Evacuation Pause)
[2025-02-25T15:06:49.172+0800][gc,task     ] GC(55) Using 9 workers of 9 for evacuation
[2025-02-25T15:06:49.180+0800][gc,phases   ] GC(55)   Pre Evacuate Collection Set: 0.46ms
[2025-02-25T15:06:49.180+0800][gc,phases   ] GC(55)   Merge Heap Roots: 0.34ms
[2025-02-25T15:06:49.180+0800][gc,phases   ] GC(55)   Evacuate Collection Set: 5.85ms
[2025-02-25T15:06:49.180+0800][gc,phases   ] GC(55)   Post Evacuate Collection Set: 1.15ms
[2025-02-25T15:06:49.180+0800][gc,phases   ] GC(55)   Other: 0.20ms
[2025-02-25T15:06:49.180+0800][gc,heap     ] GC(55) Eden regions: 252->0(250)
[2025-02-25T15:06:49.180+0800][gc,heap     ] GC(55) Survivor regions: 4->6(32)
[2025-02-25T15:06:49.180+0800][gc,heap     ] GC(55) Old regions: 58->58
[2025-02-25T15:06:49.180+0800][gc,heap     ] GC(55) Humongous regions: 16->16
[2025-02-25T15:06:49.180+0800][gc,metaspace] GC(55) Metaspace: 83985K(84672K)->83985K(84672K) NonClass: 73995K(74304K)->73995K(74304K) Class: 9990K(10368K)->9990K(10368K)
[2025-02-25T15:06:49.180+0800][gc          ] GC(55) Pause Young (Mixed) (G1 Evacuation Pause) 329M->79M(512M) 9.272ms
[2025-02-25T15:06:49.180+0800][gc,cpu      ] GC(55) User=0.04s Sys=0.00s Real=0.01s
[2025-02-25T15:11:00.120+0800][gc,start    ] GC(56) Pause Young (Mixed) (G1 Evacuation Pause)
[2025-02-25T15:11:00.121+0800][gc,task     ] GC(56) Using 9 workers of 9 for evacuation
[2025-02-25T15:11:00.128+0800][gc,phases   ] GC(56)   Pre Evacuate Collection Set: 0.36ms
[2025-02-25T15:11:00.128+0800][gc,phases   ] GC(56)   Merge Heap Roots: 0.21ms
[2025-02-25T15:11:00.128+0800][gc,phases   ] GC(56)   Evacuate Collection Set: 5.01ms
[2025-02-25T15:11:00.128+0800][gc,phases   ] GC(56)   Post Evacuate Collection Set: 0.80ms
[2025-02-25T15:11:00.128+0800][gc,phases   ] GC(56)   Other: 0.14ms
[2025-02-25T15:11:00.128+0800][gc,heap     ] GC(56) Eden regions: 250->0(250)
[2025-02-25T15:11:00.128+0800][gc,heap     ] GC(56) Survivor regions: 6->6(32)
[2025-02-25T15:11:00.128+0800][gc,heap     ] GC(56) Old regions: 58->58
[2025-02-25T15:11:00.128+0800][gc,heap     ] GC(56) Humongous regions: 16->16
[2025-02-25T15:11:00.128+0800][gc,metaspace] GC(56) Metaspace: 83992K(84672K)->83992K(84672K) NonClass: 74001K(74304K)->74001K(74304K) Class: 9990K(10368K)->9990K(10368K)
[2025-02-25T15:11:00.128+0800][gc          ] GC(56) Pause Young (Mixed) (G1 Evacuation Pause) 329M->78M(512M) 7.707ms
[2025-02-25T15:11:00.128+0800][gc,cpu      ] GC(56) User=0.03s Sys=0.01s Real=0.00s
[2025-02-25T15:15:01.006+0800][gc,start    ] GC(57) Pause Young (Concurrent Start) (G1 Evacuation Pause)
[2025-02-25T15:15:01.007+0800][gc,task     ] GC(57) Using 9 workers of 9 for evacuation
[2025-02-25T15:15:01.012+0800][gc,phases   ] GC(57)   Pre Evacuate Collection Set: 0.51ms
[2025-02-25T15:15:01.013+0800][gc,phases   ] GC(57)   Merge Heap Roots: 0.25ms
[2025-02-25T15:15:01.013+0800][gc,phases   ] GC(57)   Evacuate Collection Set: 3.38ms
[2025-02-25T15:15:01.013+0800][gc,phases   ] GC(57)   Post Evacuate Collection Set: 1.06ms
[2025-02-25T15:15:01.013+0800][gc,phases   ] GC(57)   Other: 0.24ms
[2025-02-25T15:15:01.013+0800][gc,heap     ] GC(57) Eden regions: 250->0(250)
[2025-02-25T15:15:01.013+0800][gc,heap     ] GC(57) Survivor regions: 6->6(32)
[2025-02-25T15:15:01.013+0800][gc,heap     ] GC(57) Old regions: 58->58
[2025-02-25T15:15:01.013+0800][gc,heap     ] GC(57) Humongous regions: 16->16
[2025-02-25T15:15:01.013+0800][gc,metaspace] GC(57) Metaspace: 83992K(84672K)->83992K(84672K) NonClass: 74001K(74304K)->74001K(74304K) Class: 9990K(10368K)->9990K(10368K)
[2025-02-25T15:15:01.013+0800][gc          ] GC(57) Pause Young (Concurrent Start) (G1 Evacuation Pause) 328M->79M(512M) 6.785ms
[2025-02-25T15:15:01.013+0800][gc          ] GC(58) Concurrent Mark Cycle
[2025-02-25T15:15:01.013+0800][gc,marking  ] GC(58) Concurrent Scan Root Regions
[2025-02-25T15:15:01.013+0800][gc,cpu      ] GC(57) User=0.02s Sys=0.01s Real=0.01s
[2025-02-25T15:15:01.015+0800][gc,marking  ] GC(58) Concurrent Scan Root Regions 2.212ms
[2025-02-25T15:15:01.015+0800][gc,marking  ] GC(58) Concurrent Mark
[2025-02-25T15:15:01.015+0800][gc,marking  ] GC(58) Concurrent Mark From Roots
[2025-02-25T15:15:01.015+0800][gc,task     ] GC(58) Using 2 workers of 2 for marking
[2025-02-25T15:15:01.051+0800][gc,marking  ] GC(58) Concurrent Mark From Roots 36.194ms
[2025-02-25T15:15:01.051+0800][gc,marking  ] GC(58) Concurrent Preclean
[2025-02-25T15:15:01.052+0800][gc,marking  ] GC(58) Concurrent Preclean 0.073ms
[2025-02-25T15:15:01.052+0800][gc,start    ] GC(58) Pause Remark
[2025-02-25T15:15:01.059+0800][gc          ] GC(58) Pause Remark 80M->80M(512M) 7.838ms
[2025-02-25T15:15:01.060+0800][gc,cpu      ] GC(58) User=0.04s Sys=0.01s Real=0.01s
[2025-02-25T15:15:01.060+0800][gc,marking  ] GC(58) Concurrent Mark 44.485ms
[2025-02-25T15:15:01.060+0800][gc,marking  ] GC(58) Concurrent Rebuild Remembered Sets and Scrub Regions
[2025-02-25T15:15:01.069+0800][gc,marking  ] GC(58) Concurrent Rebuild Remembered Sets and Scrub Regions 9.717ms
[2025-02-25T15:15:01.070+0800][gc,start    ] GC(58) Pause Cleanup
[2025-02-25T15:15:01.070+0800][gc          ] GC(58) Pause Cleanup 80M->80M(512M) 0.026ms
[2025-02-25T15:15:01.070+0800][gc,cpu      ] GC(58) User=0.00s Sys=0.00s Real=0.00s
[2025-02-25T15:15:01.070+0800][gc,marking  ] GC(58) Concurrent Clear Claimed Marks
[2025-02-25T15:15:01.070+0800][gc,marking  ] GC(58) Concurrent Clear Claimed Marks 0.045ms
[2025-02-25T15:15:01.070+0800][gc,marking  ] GC(58) Concurrent Cleanup for Next Mark
[2025-02-25T15:15:01.070+0800][gc,marking  ] GC(58) Concurrent Cleanup for Next Mark 0.176ms
[2025-02-25T15:15:01.070+0800][gc          ] GC(58) Concurrent Mark Cycle 56.978ms
[2025-02-25T15:19:13.301+0800][gc,start    ] GC(59) Pause Young (Prepare Mixed) (G1 Evacuation Pause)
[2025-02-25T15:19:13.302+0800][gc,task     ] GC(59) Using 9 workers of 9 for evacuation
[2025-02-25T15:19:13.307+0800][gc,phases   ] GC(59)   Pre Evacuate Collection Set: 0.44ms
[2025-02-25T15:19:13.307+0800][gc,phases   ] GC(59)   Merge Heap Roots: 0.22ms
[2025-02-25T15:19:13.307+0800][gc,phases   ] GC(59)   Evacuate Collection Set: 3.13ms
[2025-02-25T15:19:13.307+0800][gc,phases   ] GC(59)   Post Evacuate Collection Set: 1.20ms
[2025-02-25T15:19:13.307+0800][gc,phases   ] GC(59)   Other: 0.20ms
[2025-02-25T15:19:13.307+0800][gc,heap     ] GC(59) Eden regions: 250->0(250)
[2025-02-25T15:19:13.307+0800][gc,heap     ] GC(59) Survivor regions: 6->6(32)
[2025-02-25T15:19:13.307+0800][gc,heap     ] GC(59) Old regions: 58->58
[2025-02-25T15:19:13.307+0800][gc,heap     ] GC(59) Humongous regions: 16->16
[2025-02-25T15:19:13.307+0800][gc,metaspace] GC(59) Metaspace: 83972K(84672K)->83972K(84672K) NonClass: 73988K(74304K)->73988K(74304K) Class: 9983K(10368K)->9983K(10368K)
[2025-02-25T15:19:13.307+0800][gc          ] GC(59) Pause Young (Prepare Mixed) (G1 Evacuation Pause) 329M->79M(512M) 6.537ms
[2025-02-25T15:19:13.307+0800][gc,cpu      ] GC(59) User=0.02s Sys=0.00s Real=0.00s
[2025-02-25T15:23:23.057+0800][gc,start    ] GC(60) Pause Young (Mixed) (G1 Evacuation Pause)
[2025-02-25T15:23:23.058+0800][gc,task     ] GC(60) Using 9 workers of 9 for evacuation
[2025-02-25T15:23:23.063+0800][gc,phases   ] GC(60)   Pre Evacuate Collection Set: 0.38ms
[2025-02-25T15:23:23.063+0800][gc,phases   ] GC(60)   Merge Heap Roots: 0.13ms
[2025-02-25T15:23:23.063+0800][gc,phases   ] GC(60)   Evacuate Collection Set: 3.06ms
[2025-02-25T15:23:23.063+0800][gc,phases   ] GC(60)   Post Evacuate Collection Set: 1.05ms
[2025-02-25T15:23:23.063+0800][gc,phases   ] GC(60)   Other: 0.17ms
[2025-02-25T15:23:23.063+0800][gc,heap     ] GC(60) Eden regions: 250->0(250)
[2025-02-25T15:23:23.063+0800][gc,heap     ] GC(60) Survivor regions: 6->6(32)
[2025-02-25T15:23:23.063+0800][gc,heap     ] GC(60) Old regions: 58->58
[2025-02-25T15:23:23.063+0800][gc,heap     ] GC(60) Humongous regions: 16->16
[2025-02-25T15:23:23.063+0800][gc,metaspace] GC(60) Metaspace: 83976K(84672K)->83976K(84672K) NonClass: 73993K(74304K)->73993K(74304K) Class: 9983K(10368K)->9983K(10368K)
[2025-02-25T15:23:23.063+0800][gc          ] GC(60) Pause Young (Mixed) (G1 Evacuation Pause) 329M->78M(512M) 6.230ms
[2025-02-25T15:23:23.064+0800][gc,cpu      ] GC(60) User=0.02s Sys=0.00s Real=0.01s
[2025-02-25T15:27:33.011+0800][gc,start    ] GC(61) Pause Young (Mixed) (G1 Evacuation Pause)
[2025-02-25T15:27:33.012+0800][gc,task     ] GC(61) Using 9 workers of 9 for evacuation
[2025-02-25T15:27:33.017+0800][gc,phases   ] GC(61)   Pre Evacuate Collection Set: 0.33ms
[2025-02-25T15:27:33.017+0800][gc,phases   ] GC(61)   Merge Heap Roots: 0.12ms
[2025-02-25T15:27:33.017+0800][gc,phases   ] GC(61)   Evacuate Collection Set: 2.99ms
[2025-02-25T15:27:33.017+0800][gc,phases   ] GC(61)   Post Evacuate Collection Set: 0.88ms
[2025-02-25T15:27:33.017+0800][gc,phases   ] GC(61)   Other: 0.13ms
[2025-02-25T15:27:33.017+0800][gc,heap     ] GC(61) Eden regions: 250->0(250)
[2025-02-25T15:27:33.017+0800][gc,heap     ] GC(61) Survivor regions: 6->6(32)
[2025-02-25T15:27:33.017+0800][gc,heap     ] GC(61) Old regions: 58->58
[2025-02-25T15:27:33.017+0800][gc,heap     ] GC(61) Humongous regions: 16->16
[2025-02-25T15:27:33.017+0800][gc,metaspace] GC(61) Metaspace: 83978K(84672K)->83978K(84672K) NonClass: 73994K(74304K)->73994K(74304K) Class: 9983K(10368K)->9983K(10368K)
[2025-02-25T15:27:33.017+0800][gc          ] GC(61) Pause Young (Mixed) (G1 Evacuation Pause) 328M->79M(512M) 5.620ms
[2025-02-25T15:27:33.017+0800][gc,cpu      ] GC(61) User=0.02s Sys=0.00s Real=0.00s
[2025-02-25T15:31:37.514+0800][gc,start    ] GC(62) Pause Young (Concurrent Start) (G1 Evacuation Pause)
[2025-02-25T15:31:37.515+0800][gc,task     ] GC(62) Using 9 workers of 9 for evacuation
[2025-02-25T15:31:37.520+0800][gc,phases   ] GC(62)   Pre Evacuate Collection Set: 0.50ms
[2025-02-25T15:31:37.520+0800][gc,phases   ] GC(62)   Merge Heap Roots: 0.24ms
[2025-02-25T15:31:37.520+0800][gc,phases   ] GC(62)   Evacuate Collection Set: 3.42ms
[2025-02-25T15:31:37.520+0800][gc,phases   ] GC(62)   Post Evacuate Collection Set: 1.07ms
[2025-02-25T15:31:37.520+0800][gc,phases   ] GC(62)   Other: 0.21ms
[2025-02-25T15:31:37.520+0800][gc,heap     ] GC(62) Eden regions: 250->0(250)
[2025-02-25T15:31:37.520+0800][gc,heap     ] GC(62) Survivor regions: 6->6(32)
[2025-02-25T15:31:37.520+0800][gc,heap     ] GC(62) Old regions: 58->58
[2025-02-25T15:31:37.520+0800][gc,heap     ] GC(62) Humongous regions: 16->16
[2025-02-25T15:31:37.520+0800][gc,metaspace] GC(62) Metaspace: 83978K(84672K)->83978K(84672K) NonClass: 73995K(74304K)->73995K(74304K) Class: 9983K(10368K)->9983K(10368K)
[2025-02-25T15:31:37.521+0800][gc          ] GC(62) Pause Young (Concurrent Start) (G1 Evacuation Pause) 329M->79M(512M) 6.813ms
[2025-02-25T15:31:37.521+0800][gc          ] GC(63) Concurrent Mark Cycle
[2025-02-25T15:31:37.521+0800][gc,marking  ] GC(63) Concurrent Scan Root Regions
[2025-02-25T15:31:37.521+0800][gc,cpu      ] GC(62) User=0.02s Sys=0.00s Real=0.01s
[2025-02-25T15:31:37.523+0800][gc,marking  ] GC(63) Concurrent Scan Root Regions 2.623ms
[2025-02-25T15:31:37.523+0800][gc,marking  ] GC(63) Concurrent Mark
[2025-02-25T15:31:37.523+0800][gc,marking  ] GC(63) Concurrent Mark From Roots
[2025-02-25T15:31:37.523+0800][gc,task     ] GC(63) Using 2 workers of 2 for marking
[2025-02-25T15:31:37.558+0800][gc,marking  ] GC(63) Concurrent Mark From Roots 35.155ms
[2025-02-25T15:31:37.559+0800][gc,marking  ] GC(63) Concurrent Preclean
[2025-02-25T15:31:37.559+0800][gc,marking  ] GC(63) Concurrent Preclean 0.062ms
[2025-02-25T15:31:37.559+0800][gc,start    ] GC(63) Pause Remark
[2025-02-25T15:31:37.560+0800][gc          ] GC(63) Pause Remark 79M->79M(512M) 1.620ms
[2025-02-25T15:31:37.560+0800][gc,cpu      ] GC(63) User=0.01s Sys=0.01s Real=0.01s
[2025-02-25T15:31:37.560+0800][gc,marking  ] GC(63) Concurrent Mark 37.156ms
[2025-02-25T15:31:37.560+0800][gc,marking  ] GC(63) Concurrent Rebuild Remembered Sets and Scrub Regions
[2025-02-25T15:31:37.571+0800][gc,marking  ] GC(63) Concurrent Rebuild Remembered Sets and Scrub Regions 10.605ms
[2025-02-25T15:31:37.571+0800][gc,start    ] GC(63) Pause Cleanup
[2025-02-25T15:31:37.571+0800][gc          ] GC(63) Pause Cleanup 79M->79M(512M) 0.024ms
[2025-02-25T15:31:37.571+0800][gc,cpu      ] GC(63) User=0.00s Sys=0.00s Real=0.00s
[2025-02-25T15:31:37.571+0800][gc,marking  ] GC(63) Concurrent Clear Claimed Marks
[2025-02-25T15:31:37.571+0800][gc,marking  ] GC(63) Concurrent Clear Claimed Marks 0.033ms
[2025-02-25T15:31:37.571+0800][gc,marking  ] GC(63) Concurrent Cleanup for Next Mark
[2025-02-25T15:31:37.571+0800][gc,marking  ] GC(63) Concurrent Cleanup for Next Mark 0.177ms
[2025-02-25T15:31:37.571+0800][gc          ] GC(63) Concurrent Mark Cycle 50.886ms
[2025-02-25T15:35:37.977+0800][gc,start    ] GC(64) Pause Young (Prepare Mixed) (G1 Evacuation Pause)
[2025-02-25T15:35:37.977+0800][gc,task     ] GC(64) Using 9 workers of 9 for evacuation
[2025-02-25T15:35:37.981+0800][gc,phases   ] GC(64)   Pre Evacuate Collection Set: 0.34ms
[2025-02-25T15:35:37.981+0800][gc,phases   ] GC(64)   Merge Heap Roots: 0.10ms
[2025-02-25T15:35:37.981+0800][gc,phases   ] GC(64)   Evacuate Collection Set: 2.11ms
[2025-02-25T15:35:37.981+0800][gc,phases   ] GC(64)   Post Evacuate Collection Set: 0.81ms
[2025-02-25T15:35:37.981+0800][gc,phases   ] GC(64)   Other: 0.12ms
[2025-02-25T15:35:37.981+0800][gc,heap     ] GC(64) Eden regions: 250->0(250)
[2025-02-25T15:35:37.981+0800][gc,heap     ] GC(64) Survivor regions: 6->6(32)
[2025-02-25T15:35:37.981+0800][gc,heap     ] GC(64) Old regions: 58->58
[2025-02-25T15:35:37.981+0800][gc,heap     ] GC(64) Humongous regions: 16->16
[2025-02-25T15:35:37.981+0800][gc,metaspace] GC(64) Metaspace: 83983K(84672K)->83983K(84672K) NonClass: 73999K(74304K)->73999K(74304K) Class: 9984K(10368K)->9984K(10368K)
[2025-02-25T15:35:37.981+0800][gc          ] GC(64) Pause Young (Prepare Mixed) (G1 Evacuation Pause) 329M->78M(512M) 4.020ms
[2025-02-25T15:35:37.981+0800][gc,cpu      ] GC(64) User=0.02s Sys=0.00s Real=0.01s
[2025-02-25T15:39:46.072+0800][gc,start    ] GC(65) Pause Young (Mixed) (G1 Evacuation Pause)
[2025-02-25T15:39:46.073+0800][gc,task     ] GC(65) Using 9 workers of 9 for evacuation
[2025-02-25T15:39:46.080+0800][gc,phases   ] GC(65)   Pre Evacuate Collection Set: 0.60ms
[2025-02-25T15:39:46.080+0800][gc,phases   ] GC(65)   Merge Heap Roots: 0.23ms
[2025-02-25T15:39:46.080+0800][gc,phases   ] GC(65)   Evacuate Collection Set: 3.96ms
[2025-02-25T15:39:46.080+0800][gc,phases   ] GC(65)   Post Evacuate Collection Set: 1.33ms
[2025-02-25T15:39:46.080+0800][gc,phases   ] GC(65)   Other: 0.20ms
[2025-02-25T15:39:46.080+0800][gc,heap     ] GC(65) Eden regions: 250->0(250)
[2025-02-25T15:39:46.080+0800][gc,heap     ] GC(65) Survivor regions: 6->6(32)
[2025-02-25T15:39:46.080+0800][gc,heap     ] GC(65) Old regions: 58->57
[2025-02-25T15:39:46.080+0800][gc,heap     ] GC(65) Humongous regions: 16->16
[2025-02-25T15:39:46.080+0800][gc,metaspace] GC(65) Metaspace: 83988K(84672K)->83988K(84672K) NonClass: 74003K(74304K)->74003K(74304K) Class: 9984K(10368K)->9984K(10368K)
[2025-02-25T15:39:46.080+0800][gc          ] GC(65) Pause Young (Mixed) (G1 Evacuation Pause) 328M->78M(512M) 7.682ms
[2025-02-25T15:39:46.080+0800][gc,cpu      ] GC(65) User=0.03s Sys=0.00s Real=0.01s
[2025-02-25T15:43:54.573+0800][gc,start    ] GC(66) Pause Young (Mixed) (G1 Evacuation Pause)
[2025-02-25T15:43:54.574+0800][gc,task     ] GC(66) Using 9 workers of 9 for evacuation
[2025-02-25T15:43:54.579+0800][gc,phases   ] GC(66)   Pre Evacuate Collection Set: 0.34ms
[2025-02-25T15:43:54.579+0800][gc,phases   ] GC(66)   Merge Heap Roots: 0.12ms
[2025-02-25T15:43:54.579+0800][gc,phases   ] GC(66)   Evacuate Collection Set: 3.71ms
[2025-02-25T15:43:54.579+0800][gc,phases   ] GC(66)   Post Evacuate Collection Set: 0.81ms
[2025-02-25T15:43:54.579+0800][gc,phases   ] GC(66)   Other: 0.13ms
[2025-02-25T15:43:54.579+0800][gc,heap     ] GC(66) Eden regions: 250->0(250)
[2025-02-25T15:43:54.579+0800][gc,heap     ] GC(66) Survivor regions: 6->6(32)
[2025-02-25T15:43:54.579+0800][gc,heap     ] GC(66) Old regions: 57->57
[2025-02-25T15:43:54.579+0800][gc,heap     ] GC(66) Humongous regions: 16->16
[2025-02-25T15:43:54.579+0800][gc,metaspace] GC(66) Metaspace: 83989K(84672K)->83989K(84672K) NonClass: 74004K(74304K)->74004K(74304K) Class: 9984K(10368K)->9984K(10368K)
[2025-02-25T15:43:54.579+0800][gc          ] GC(66) Pause Young (Mixed) (G1 Evacuation Pause) 328M->78M(512M) 6.388ms
[2025-02-25T15:43:54.579+0800][gc,cpu      ] GC(66) User=0.03s Sys=0.00s Real=0.00s
[2025-02-25T15:47:57.959+0800][gc,start    ] GC(67) Pause Young (Concurrent Start) (G1 Evacuation Pause)
[2025-02-25T15:47:57.960+0800][gc,task     ] GC(67) Using 9 workers of 9 for evacuation
[2025-02-25T15:47:57.966+0800][gc,phases   ] GC(67)   Pre Evacuate Collection Set: 0.50ms
[2025-02-25T15:47:57.966+0800][gc,phases   ] GC(67)   Merge Heap Roots: 0.26ms
[2025-02-25T15:47:57.966+0800][gc,phases   ] GC(67)   Evacuate Collection Set: 3.89ms
[2025-02-25T15:47:57.966+0800][gc,phases   ] GC(67)   Post Evacuate Collection Set: 1.09ms
[2025-02-25T15:47:57.966+0800][gc,phases   ] GC(67)   Other: 0.21ms
[2025-02-25T15:47:57.966+0800][gc,heap     ] GC(67) Eden regions: 250->0(250)
[2025-02-25T15:47:57.966+0800][gc,heap     ] GC(67) Survivor regions: 6->6(32)
[2025-02-25T15:47:57.966+0800][gc,heap     ] GC(67) Old regions: 57->57
[2025-02-25T15:47:57.966+0800][gc,heap     ] GC(67) Humongous regions: 16->16
[2025-02-25T15:47:57.966+0800][gc,metaspace] GC(67) Metaspace: 83989K(84672K)->83989K(84672K) NonClass: 74004K(74304K)->74004K(74304K) Class: 9984K(10368K)->9984K(10368K)
[2025-02-25T15:47:57.966+0800][gc          ] GC(67) Pause Young (Concurrent Start) (G1 Evacuation Pause) 328M->78M(512M) 7.443ms
[2025-02-25T15:47:57.966+0800][gc          ] GC(68) Concurrent Mark Cycle
[2025-02-25T15:47:57.967+0800][gc,marking  ] GC(68) Concurrent Scan Root Regions
[2025-02-25T15:47:57.967+0800][gc,cpu      ] GC(67) User=0.02s Sys=0.01s Real=0.01s
[2025-02-25T15:47:57.969+0800][gc,marking  ] GC(68) Concurrent Scan Root Regions 2.401ms
[2025-02-25T15:47:57.969+0800][gc,marking  ] GC(68) Concurrent Mark
[2025-02-25T15:47:57.969+0800][gc,marking  ] GC(68) Concurrent Mark From Roots
[2025-02-25T15:47:57.969+0800][gc,task     ] GC(68) Using 2 workers of 2 for marking
[2025-02-25T15:47:58.006+0800][gc,marking  ] GC(68) Concurrent Mark From Roots 36.630ms
[2025-02-25T15:47:58.006+0800][gc,marking  ] GC(68) Concurrent Preclean
[2025-02-25T15:47:58.006+0800][gc,marking  ] GC(68) Concurrent Preclean 0.061ms
[2025-02-25T15:47:58.006+0800][gc,start    ] GC(68) Pause Remark
[2025-02-25T15:47:58.019+0800][gc          ] GC(68) Pause Remark 79M->79M(512M) 13.608ms
[2025-02-25T15:47:58.020+0800][gc,cpu      ] GC(68) User=0.03s Sys=0.07s Real=0.02s
[2025-02-25T15:47:58.020+0800][gc,marking  ] GC(68) Concurrent Mark 50.628ms
[2025-02-25T15:47:58.020+0800][gc,marking  ] GC(68) Concurrent Rebuild Remembered Sets and Scrub Regions
[2025-02-25T15:47:58.028+0800][gc,marking  ] GC(68) Concurrent Rebuild Remembered Sets and Scrub Regions 8.833ms
[2025-02-25T15:47:58.029+0800][gc,start    ] GC(68) Pause Cleanup
[2025-02-25T15:47:58.029+0800][gc          ] GC(68) Pause Cleanup 79M->79M(512M) 0.024ms
[2025-02-25T15:47:58.029+0800][gc,cpu      ] GC(68) User=0.00s Sys=0.00s Real=0.00s
[2025-02-25T15:47:58.029+0800][gc,marking  ] GC(68) Concurrent Clear Claimed Marks
[2025-02-25T15:47:58.029+0800][gc,marking  ] GC(68) Concurrent Clear Claimed Marks 0.045ms
[2025-02-25T15:47:58.029+0800][gc,marking  ] GC(68) Concurrent Cleanup for Next Mark
[2025-02-25T15:47:58.030+0800][gc,marking  ] GC(68) Concurrent Cleanup for Next Mark 1.147ms
[2025-02-25T15:47:58.030+0800][gc          ] GC(68) Concurrent Mark Cycle 63.413ms
[2025-02-25T15:52:07.130+0800][gc,start    ] GC(69) Pause Young (Prepare Mixed) (G1 Evacuation Pause)
[2025-02-25T15:52:07.131+0800][gc,task     ] GC(69) Using 9 workers of 9 for evacuation
[2025-02-25T15:52:07.137+0800][gc,phases   ] GC(69)   Pre Evacuate Collection Set: 0.51ms
[2025-02-25T15:52:07.137+0800][gc,phases   ] GC(69)   Merge Heap Roots: 0.23ms
[2025-02-25T15:52:07.137+0800][gc,phases   ] GC(69)   Evacuate Collection Set: 3.24ms
[2025-02-25T15:52:07.137+0800][gc,phases   ] GC(69)   Post Evacuate Collection Set: 1.29ms
[2025-02-25T15:52:07.137+0800][gc,phases   ] GC(69)   Other: 0.21ms
[2025-02-25T15:52:07.137+0800][gc,heap     ] GC(69) Eden regions: 250->0(250)
[2025-02-25T15:52:07.137+0800][gc,heap     ] GC(69) Survivor regions: 6->6(32)
[2025-02-25T15:52:07.137+0800][gc,heap     ] GC(69) Old regions: 57->57
[2025-02-25T15:52:07.137+0800][gc,heap     ] GC(69) Humongous regions: 16->16
[2025-02-25T15:52:07.137+0800][gc,metaspace] GC(69) Metaspace: 83988K(84672K)->83988K(84672K) NonClass: 74004K(74304K)->74004K(74304K) Class: 9984K(10368K)->9984K(10368K)
[2025-02-25T15:52:07.137+0800][gc          ] GC(69) Pause Young (Prepare Mixed) (G1 Evacuation Pause) 328M->78M(512M) 6.818ms
[2025-02-25T15:52:07.137+0800][gc,cpu      ] GC(69) User=0.03s Sys=0.01s Real=0.00s
[2025-02-25T15:56:13.810+0800][gc,start    ] GC(70) Pause Young (Mixed) (G1 Evacuation Pause)
[2025-02-25T15:56:13.811+0800][gc,task     ] GC(70) Using 9 workers of 9 for evacuation
[2025-02-25T15:56:13.816+0800][gc,phases   ] GC(70)   Pre Evacuate Collection Set: 0.33ms
[2025-02-25T15:56:13.816+0800][gc,phases   ] GC(70)   Merge Heap Roots: 0.09ms
[2025-02-25T15:56:13.816+0800][gc,phases   ] GC(70)   Evacuate Collection Set: 3.06ms
[2025-02-25T15:56:13.816+0800][gc,phases   ] GC(70)   Post Evacuate Collection Set: 0.75ms
[2025-02-25T15:56:13.816+0800][gc,phases   ] GC(70)   Other: 0.12ms
[2025-02-25T15:56:13.816+0800][gc,heap     ] GC(70) Eden regions: 250->0(250)
[2025-02-25T15:56:13.816+0800][gc,heap     ] GC(70) Survivor regions: 6->6(32)
[2025-02-25T15:56:13.816+0800][gc,heap     ] GC(70) Old regions: 57->57
[2025-02-25T15:56:13.816+0800][gc,heap     ] GC(70) Humongous regions: 16->16
[2025-02-25T15:56:13.816+0800][gc,metaspace] GC(70) Metaspace: 83990K(84672K)->83990K(84672K) NonClass: 74006K(74304K)->74006K(74304K) Class: 9984K(10368K)->9984K(10368K)
[2025-02-25T15:56:13.816+0800][gc          ] GC(70) Pause Young (Mixed) (G1 Evacuation Pause) 328M->78M(512M) 5.550ms
[2025-02-25T15:56:13.816+0800][gc,cpu      ] GC(70) User=0.02s Sys=0.00s Real=0.00s
[2025-02-25T16:00:15.020+0800][gc,start    ] GC(71) Pause Young (Mixed) (G1 Evacuation Pause)
[2025-02-25T16:00:15.020+0800][gc,task     ] GC(71) Using 9 workers of 9 for evacuation
[2025-02-25T16:00:15.026+0800][gc,phases   ] GC(71)   Pre Evacuate Collection Set: 0.46ms
[2025-02-25T16:00:15.026+0800][gc,phases   ] GC(71)   Merge Heap Roots: 0.20ms
[2025-02-25T16:00:15.026+0800][gc,phases   ] GC(71)   Evacuate Collection Set: 3.72ms
[2025-02-25T16:00:15.026+0800][gc,phases   ] GC(71)   Post Evacuate Collection Set: 1.25ms
[2025-02-25T16:00:15.026+0800][gc,phases   ] GC(71)   Other: 0.21ms
[2025-02-25T16:00:15.026+0800][gc,heap     ] GC(71) Eden regions: 250->0(250)
[2025-02-25T16:00:15.026+0800][gc,heap     ] GC(71) Survivor regions: 6->6(32)
[2025-02-25T16:00:15.026+0800][gc,heap     ] GC(71) Old regions: 57->57
[2025-02-25T16:00:15.026+0800][gc,heap     ] GC(71) Humongous regions: 16->16
[2025-02-25T16:00:15.026+0800][gc,metaspace] GC(71) Metaspace: 83991K(84672K)->83991K(84672K) NonClass: 74007K(74304K)->74007K(74304K) Class: 9984K(10368K)->9984K(10368K)
[2025-02-25T16:00:15.027+0800][gc          ] GC(71) Pause Young (Mixed) (G1 Evacuation Pause) 328M->78M(512M) 6.798ms
[2025-02-25T16:00:15.027+0800][gc,cpu      ] GC(71) User=0.03s Sys=0.01s Real=0.00s
[2025-02-25T16:04:18.004+0800][gc,start    ] GC(72) Pause Young (Concurrent Start) (G1 Evacuation Pause)
[2025-02-25T16:04:18.005+0800][gc,task     ] GC(72) Using 9 workers of 9 for evacuation
[2025-02-25T16:04:18.011+0800][gc,phases   ] GC(72)   Pre Evacuate Collection Set: 0.50ms
[2025-02-25T16:04:18.011+0800][gc,phases   ] GC(72)   Merge Heap Roots: 0.23ms
[2025-02-25T16:04:18.011+0800][gc,phases   ] GC(72)   Evacuate Collection Set: 3.48ms
[2025-02-25T16:04:18.011+0800][gc,phases   ] GC(72)   Post Evacuate Collection Set: 1.19ms
[2025-02-25T16:04:18.011+0800][gc,phases   ] GC(72)   Other: 0.20ms
[2025-02-25T16:04:18.011+0800][gc,heap     ] GC(72) Eden regions: 250->0(250)
[2025-02-25T16:04:18.011+0800][gc,heap     ] GC(72) Survivor regions: 6->6(32)
[2025-02-25T16:04:18.011+0800][gc,heap     ] GC(72) Old regions: 57->57
[2025-02-25T16:04:18.011+0800][gc,heap     ] GC(72) Humongous regions: 16->16
[2025-02-25T16:04:18.011+0800][gc,metaspace] GC(72) Metaspace: 83991K(84672K)->83991K(84672K) NonClass: 74007K(74304K)->74007K(74304K) Class: 9984K(10368K)->9984K(10368K)
[2025-02-25T16:04:18.011+0800][gc          ] GC(72) Pause Young (Concurrent Start) (G1 Evacuation Pause) 328M->78M(512M) 6.497ms
[2025-02-25T16:04:18.011+0800][gc          ] GC(73) Concurrent Mark Cycle
[2025-02-25T16:04:18.011+0800][gc,marking  ] GC(73) Concurrent Scan Root Regions
[2025-02-25T16:04:18.011+0800][gc,cpu      ] GC(72) User=0.02s Sys=0.00s Real=0.01s
[2025-02-25T16:04:18.013+0800][gc,marking  ] GC(73) Concurrent Scan Root Regions 2.341ms
[2025-02-25T16:04:18.013+0800][gc,marking  ] GC(73) Concurrent Mark
[2025-02-25T16:04:18.013+0800][gc,marking  ] GC(73) Concurrent Mark From Roots
[2025-02-25T16:04:18.013+0800][gc,task     ] GC(73) Using 2 workers of 2 for marking
[2025-02-25T16:04:18.050+0800][gc,marking  ] GC(73) Concurrent Mark From Roots 36.427ms
[2025-02-25T16:04:18.050+0800][gc,marking  ] GC(73) Concurrent Preclean
[2025-02-25T16:04:18.050+0800][gc,marking  ] GC(73) Concurrent Preclean 0.068ms
[2025-02-25T16:04:18.050+0800][gc,start    ] GC(73) Pause Remark
[2025-02-25T16:04:18.052+0800][gc          ] GC(73) Pause Remark 79M->79M(512M) 1.479ms
[2025-02-25T16:04:18.052+0800][gc,cpu      ] GC(73) User=0.01s Sys=0.00s Real=0.00s
[2025-02-25T16:04:18.052+0800][gc,marking  ] GC(73) Concurrent Mark 38.293ms
[2025-02-25T16:04:18.052+0800][gc,marking  ] GC(73) Concurrent Rebuild Remembered Sets and Scrub Regions
[2025-02-25T16:04:18.062+0800][gc,marking  ] GC(73) Concurrent Rebuild Remembered Sets and Scrub Regions 10.723ms
[2025-02-25T16:04:18.063+0800][gc,start    ] GC(73) Pause Cleanup
[2025-02-25T16:04:18.063+0800][gc          ] GC(73) Pause Cleanup 79M->79M(512M) 0.025ms
[2025-02-25T16:04:18.063+0800][gc,cpu      ] GC(73) User=0.00s Sys=0.00s Real=0.00s
[2025-02-25T16:04:18.063+0800][gc,marking  ] GC(73) Concurrent Clear Claimed Marks
[2025-02-25T16:04:18.063+0800][gc,marking  ] GC(73) Concurrent Clear Claimed Marks 0.028ms
[2025-02-25T16:04:18.063+0800][gc,marking  ] GC(73) Concurrent Cleanup for Next Mark
[2025-02-25T16:04:18.063+0800][gc,marking  ] GC(73) Concurrent Cleanup for Next Mark 0.176ms
[2025-02-25T16:04:18.063+0800][gc          ] GC(73) Concurrent Mark Cycle 51.866ms
[2025-02-25T16:08:25.012+0800][gc,start    ] GC(74) Pause Young (Prepare Mixed) (G1 Evacuation Pause)
[2025-02-25T16:08:25.013+0800][gc,task     ] GC(74) Using 9 workers of 9 for evacuation
[2025-02-25T16:08:25.018+0800][gc,phases   ] GC(74)   Pre Evacuate Collection Set: 0.44ms
[2025-02-25T16:08:25.018+0800][gc,phases   ] GC(74)   Merge Heap Roots: 0.24ms
[2025-02-25T16:08:25.019+0800][gc,phases   ] GC(74)   Evacuate Collection Set: 3.12ms
[2025-02-25T16:08:25.019+0800][gc,phases   ] GC(74)   Post Evacuate Collection Set: 1.19ms
[2025-02-25T16:08:25.019+0800][gc,phases   ] GC(74)   Other: 0.18ms
[2025-02-25T16:08:25.019+0800][gc,heap     ] GC(74) Eden regions: 250->0(250)
[2025-02-25T16:08:25.019+0800][gc,heap     ] GC(74) Survivor regions: 6->6(32)
[2025-02-25T16:08:25.019+0800][gc,heap     ] GC(74) Old regions: 57->57
[2025-02-25T16:08:25.019+0800][gc,heap     ] GC(74) Humongous regions: 16->16
[2025-02-25T16:08:25.019+0800][gc,metaspace] GC(74) Metaspace: 83993K(84672K)->83993K(84672K) NonClass: 74009K(74304K)->74009K(74304K) Class: 9984K(10368K)->9984K(10368K)
[2025-02-25T16:08:25.019+0800][gc          ] GC(74) Pause Young (Prepare Mixed) (G1 Evacuation Pause) 328M->78M(512M) 6.525ms
[2025-02-25T16:08:25.019+0800][gc,cpu      ] GC(74) User=0.02s Sys=0.01s Real=0.00s
[2025-02-25T16:12:29.974+0800][gc,start    ] GC(75) Pause Young (Mixed) (G1 Evacuation Pause)
[2025-02-25T16:12:29.975+0800][gc,task     ] GC(75) Using 9 workers of 9 for evacuation
[2025-02-25T16:12:29.982+0800][gc,phases   ] GC(75)   Pre Evacuate Collection Set: 0.49ms
[2025-02-25T16:12:29.982+0800][gc,phases   ] GC(75)   Merge Heap Roots: 0.21ms
[2025-02-25T16:12:29.982+0800][gc,phases   ] GC(75)   Evacuate Collection Set: 4.20ms
[2025-02-25T16:12:29.982+0800][gc,phases   ] GC(75)   Post Evacuate Collection Set: 1.18ms
[2025-02-25T16:12:29.982+0800][gc,phases   ] GC(75)   Other: 0.19ms
[2025-02-25T16:12:29.982+0800][gc,heap     ] GC(75) Eden regions: 250->0(250)
[2025-02-25T16:12:29.982+0800][gc,heap     ] GC(75) Survivor regions: 6->6(32)
[2025-02-25T16:12:29.982+0800][gc,heap     ] GC(75) Old regions: 57->57
[2025-02-25T16:12:29.982+0800][gc,heap     ] GC(75) Humongous regions: 16->16
[2025-02-25T16:12:29.982+0800][gc,metaspace] GC(75) Metaspace: 83994K(84672K)->83994K(84672K) NonClass: 74009K(74304K)->74009K(74304K) Class: 9984K(10368K)->9984K(10368K)
[2025-02-25T16:12:29.982+0800][gc          ] GC(75) Pause Young (Mixed) (G1 Evacuation Pause) 328M->78M(512M) 7.793ms
[2025-02-25T16:12:29.982+0800][gc,cpu      ] GC(75) User=0.03s Sys=0.00s Real=0.01s
[2025-02-25T16:16:32.341+0800][gc,start    ] GC(76) Pause Young (Mixed) (G1 Evacuation Pause)
[2025-02-25T16:16:32.341+0800][gc,task     ] GC(76) Using 9 workers of 9 for evacuation
[2025-02-25T16:16:32.348+0800][gc,phases   ] GC(76)   Pre Evacuate Collection Set: 0.47ms
[2025-02-25T16:16:32.348+0800][gc,phases   ] GC(76)   Merge Heap Roots: 0.23ms
[2025-02-25T16:16:32.348+0800][gc,phases   ] GC(76)   Evacuate Collection Set: 4.80ms
[2025-02-25T16:16:32.348+0800][gc,phases   ] GC(76)   Post Evacuate Collection Set: 1.36ms
[2025-02-25T16:16:32.348+0800][gc,phases   ] GC(76)   Other: 0.22ms
[2025-02-25T16:16:32.348+0800][gc,heap     ] GC(76) Eden regions: 250->0(250)
[2025-02-25T16:16:32.348+0800][gc,heap     ] GC(76) Survivor regions: 6->6(32)
[2025-02-25T16:16:32.348+0800][gc,heap     ] GC(76) Old regions: 57->57
[2025-02-25T16:16:32.348+0800][gc,heap     ] GC(76) Humongous regions: 16->16
[2025-02-25T16:16:32.348+0800][gc,metaspace] GC(76) Metaspace: 83995K(84672K)->83995K(84672K) NonClass: 74010K(74304K)->74010K(74304K) Class: 9984K(10368K)->9984K(10368K)
[2025-02-25T16:16:32.349+0800][gc          ] GC(76) Pause Young (Mixed) (G1 Evacuation Pause) 328M->77M(512M) 7.931ms
[2025-02-25T16:16:32.349+0800][gc,cpu      ] GC(76) User=0.03s Sys=0.00s Real=0.00s
[2025-02-25T16:20:40.947+0800][gc,start    ] GC(77) Pause Young (Concurrent Start) (G1 Evacuation Pause)
[2025-02-25T16:20:40.948+0800][gc,task     ] GC(77) Using 9 workers of 9 for evacuation
[2025-02-25T16:20:40.953+0800][gc,phases   ] GC(77)   Pre Evacuate Collection Set: 0.50ms
[2025-02-25T16:20:40.953+0800][gc,phases   ] GC(77)   Merge Heap Roots: 0.25ms
[2025-02-25T16:20:40.953+0800][gc,phases   ] GC(77)   Evacuate Collection Set: 3.26ms
[2025-02-25T16:20:40.953+0800][gc,phases   ] GC(77)   Post Evacuate Collection Set: 1.09ms
[2025-02-25T16:20:40.953+0800][gc,phases   ] GC(77)   Other: 0.20ms
[2025-02-25T16:20:40.953+0800][gc,heap     ] GC(77) Eden regions: 250->0(250)
[2025-02-25T16:20:40.953+0800][gc,heap     ] GC(77) Survivor regions: 6->6(32)
[2025-02-25T16:20:40.953+0800][gc,heap     ] GC(77) Old regions: 57->57
[2025-02-25T16:20:40.953+0800][gc,heap     ] GC(77) Humongous regions: 16->16
[2025-02-25T16:20:40.953+0800][gc,metaspace] GC(77) Metaspace: 83996K(84672K)->83996K(84672K) NonClass: 74011K(74304K)->74011K(74304K) Class: 9984K(10368K)->9984K(10368K)
[2025-02-25T16:20:40.953+0800][gc          ] GC(77) Pause Young (Concurrent Start) (G1 Evacuation Pause) 327M->78M(512M) 6.622ms
[2025-02-25T16:20:40.953+0800][gc          ] GC(78) Concurrent Mark Cycle
[2025-02-25T16:20:40.953+0800][gc,marking  ] GC(78) Concurrent Scan Root Regions
[2025-02-25T16:20:40.954+0800][gc,cpu      ] GC(77) User=0.02s Sys=0.00s Real=0.01s
[2025-02-25T16:20:40.955+0800][gc,marking  ] GC(78) Concurrent Scan Root Regions 1.872ms
[2025-02-25T16:20:40.955+0800][gc,marking  ] GC(78) Concurrent Mark
[2025-02-25T16:20:40.955+0800][gc,marking  ] GC(78) Concurrent Mark From Roots
[2025-02-25T16:20:40.955+0800][gc,task     ] GC(78) Using 2 workers of 2 for marking
[2025-02-25T16:20:40.988+0800][gc,marking  ] GC(78) Concurrent Mark From Roots 33.053ms
[2025-02-25T16:20:40.989+0800][gc,marking  ] GC(78) Concurrent Preclean
[2025-02-25T16:20:40.989+0800][gc,marking  ] GC(78) Concurrent Preclean 0.058ms
[2025-02-25T16:20:40.989+0800][gc,start    ] GC(78) Pause Remark
[2025-02-25T16:20:40.995+0800][gc          ] GC(78) Pause Remark 78M->78M(512M) 6.038ms
[2025-02-25T16:20:40.995+0800][gc,cpu      ] GC(78) User=0.05s Sys=0.00s Real=0.01s
[2025-02-25T16:20:40.995+0800][gc,marking  ] GC(78) Concurrent Mark 39.514ms
[2025-02-25T16:20:40.995+0800][gc,marking  ] GC(78) Concurrent Rebuild Remembered Sets and Scrub Regions
[2025-02-25T16:20:41.005+0800][gc,marking  ] GC(78) Concurrent Rebuild Remembered Sets and Scrub Regions 9.579ms
[2025-02-25T16:20:41.005+0800][gc,start    ] GC(78) Pause Cleanup
[2025-02-25T16:20:41.005+0800][gc          ] GC(78) Pause Cleanup 78M->78M(512M) 0.027ms
[2025-02-25T16:20:41.005+0800][gc,cpu      ] GC(78) User=0.00s Sys=0.00s Real=0.00s
[2025-02-25T16:20:41.005+0800][gc,marking  ] GC(78) Concurrent Clear Claimed Marks
[2025-02-25T16:20:41.005+0800][gc,marking  ] GC(78) Concurrent Clear Claimed Marks 0.045ms
[2025-02-25T16:20:41.005+0800][gc,marking  ] GC(78) Concurrent Cleanup for Next Mark
[2025-02-25T16:20:41.005+0800][gc,marking  ] GC(78) Concurrent Cleanup for Next Mark 0.189ms
[2025-02-25T16:20:41.005+0800][gc          ] GC(78) Concurrent Mark Cycle 51.554ms
[2025-02-25T16:24:47.978+0800][gc,start    ] GC(79) Pause Young (Prepare Mixed) (G1 Evacuation Pause)
[2025-02-25T16:24:47.979+0800][gc,task     ] GC(79) Using 9 workers of 9 for evacuation
[2025-02-25T16:24:47.984+0800][gc,phases   ] GC(79)   Pre Evacuate Collection Set: 0.46ms
[2025-02-25T16:24:47.984+0800][gc,phases   ] GC(79)   Merge Heap Roots: 0.23ms
[2025-02-25T16:24:47.984+0800][gc,phases   ] GC(79)   Evacuate Collection Set: 3.06ms
[2025-02-25T16:24:47.984+0800][gc,phases   ] GC(79)   Post Evacuate Collection Set: 1.10ms
[2025-02-25T16:24:47.984+0800][gc,phases   ] GC(79)   Other: 0.18ms
[2025-02-25T16:24:47.984+0800][gc,heap     ] GC(79) Eden regions: 250->0(250)
[2025-02-25T16:24:47.984+0800][gc,heap     ] GC(79) Survivor regions: 6->6(32)
[2025-02-25T16:24:47.984+0800][gc,heap     ] GC(79) Old regions: 57->57
[2025-02-25T16:24:47.984+0800][gc,heap     ] GC(79) Humongous regions: 16->16
[2025-02-25T16:24:47.984+0800][gc,metaspace] GC(79) Metaspace: 84001K(84672K)->84001K(84672K) NonClass: 74016K(74304K)->74016K(74304K) Class: 9984K(10368K)->9984K(10368K)
[2025-02-25T16:24:47.985+0800][gc          ] GC(79) Pause Young (Prepare Mixed) (G1 Evacuation Pause) 328M->78M(512M) 6.346ms
[2025-02-25T16:24:47.985+0800][gc,cpu      ] GC(79) User=0.02s Sys=0.00s Real=0.01s
[2025-02-25T16:28:55.876+0800][gc,start    ] GC(80) Pause Young (Mixed) (G1 Evacuation Pause)
[2025-02-25T16:28:55.876+0800][gc,task     ] GC(80) Using 9 workers of 9 for evacuation
[2025-02-25T16:28:55.883+0800][gc,phases   ] GC(80)   Pre Evacuate Collection Set: 0.75ms
[2025-02-25T16:28:55.883+0800][gc,phases   ] GC(80)   Merge Heap Roots: 0.17ms
[2025-02-25T16:28:55.883+0800][gc,phases   ] GC(80)   Evacuate Collection Set: 4.45ms
[2025-02-25T16:28:55.883+0800][gc,phases   ] GC(80)   Post Evacuate Collection Set: 1.30ms
[2025-02-25T16:28:55.883+0800][gc,phases   ] GC(80)   Other: 0.19ms
[2025-02-25T16:28:55.884+0800][gc,heap     ] GC(80) Eden regions: 250->0(250)
[2025-02-25T16:28:55.884+0800][gc,heap     ] GC(80) Survivor regions: 6->6(32)
[2025-02-25T16:28:55.884+0800][gc,heap     ] GC(80) Old regions: 57->57
[2025-02-25T16:28:55.884+0800][gc,heap     ] GC(80) Humongous regions: 16->16
[2025-02-25T16:28:55.884+0800][gc,metaspace] GC(80) Metaspace: 84018K(84672K)->84018K(84672K) NonClass: 74034K(74304K)->74034K(74304K) Class: 9984K(10368K)->9984K(10368K)
[2025-02-25T16:28:55.884+0800][gc          ] GC(80) Pause Young (Mixed) (G1 Evacuation Pause) 328M->77M(512M) 7.666ms
[2025-02-25T16:28:55.884+0800][gc,cpu      ] GC(80) User=0.02s Sys=0.01s Real=0.01s
[2025-02-25T16:32:57.873+0800][gc,start    ] GC(81) Pause Young (Concurrent Start) (G1 Evacuation Pause)
[2025-02-25T16:32:57.874+0800][gc,task     ] GC(81) Using 9 workers of 9 for evacuation
[2025-02-25T16:32:57.879+0800][gc,phases   ] GC(81)   Pre Evacuate Collection Set: 0.45ms
[2025-02-25T16:32:57.879+0800][gc,phases   ] GC(81)   Merge Heap Roots: 0.24ms
[2025-02-25T16:32:57.879+0800][gc,phases   ] GC(81)   Evacuate Collection Set: 3.27ms
[2025-02-25T16:32:57.879+0800][gc,phases   ] GC(81)   Post Evacuate Collection Set: 1.08ms
[2025-02-25T16:32:57.879+0800][gc,phases   ] GC(81)   Other: 0.20ms
[2025-02-25T16:32:57.879+0800][gc,heap     ] GC(81) Eden regions: 250->0(250)
[2025-02-25T16:32:57.879+0800][gc,heap     ] GC(81) Survivor regions: 6->6(32)
[2025-02-25T16:32:57.879+0800][gc,heap     ] GC(81) Old regions: 57->57
[2025-02-25T16:32:57.879+0800][gc,heap     ] GC(81) Humongous regions: 16->16
[2025-02-25T16:32:57.879+0800][gc,metaspace] GC(81) Metaspace: 84018K(84672K)->84018K(84672K) NonClass: 74034K(74304K)->74034K(74304K) Class: 9984K(10368K)->9984K(10368K)
[2025-02-25T16:32:57.879+0800][gc          ] GC(81) Pause Young (Concurrent Start) (G1 Evacuation Pause) 327M->78M(512M) 6.474ms
[2025-02-25T16:32:57.879+0800][gc          ] GC(82) Concurrent Mark Cycle
[2025-02-25T16:32:57.879+0800][gc,marking  ] GC(82) Concurrent Scan Root Regions
[2025-02-25T16:32:57.880+0800][gc,cpu      ] GC(81) User=0.02s Sys=0.00s Real=0.01s
[2025-02-25T16:32:57.881+0800][gc,marking  ] GC(82) Concurrent Scan Root Regions 2.030ms
[2025-02-25T16:32:57.881+0800][gc,marking  ] GC(82) Concurrent Mark
[2025-02-25T16:32:57.881+0800][gc,marking  ] GC(82) Concurrent Mark From Roots
[2025-02-25T16:32:57.881+0800][gc,task     ] GC(82) Using 2 workers of 2 for marking
[2025-02-25T16:32:57.917+0800][gc,marking  ] GC(82) Concurrent Mark From Roots 35.098ms
[2025-02-25T16:32:57.917+0800][gc,marking  ] GC(82) Concurrent Preclean
[2025-02-25T16:32:57.917+0800][gc,marking  ] GC(82) Concurrent Preclean 0.053ms
[2025-02-25T16:32:57.917+0800][gc,start    ] GC(82) Pause Remark
[2025-02-25T16:32:57.919+0800][gc          ] GC(82) Pause Remark 79M->79M(512M) 1.932ms
[2025-02-25T16:32:57.919+0800][gc,cpu      ] GC(82) User=0.01s Sys=0.00s Real=0.00s
[2025-02-25T16:32:57.919+0800][gc,marking  ] GC(82) Concurrent Mark 37.390ms
[2025-02-25T16:32:57.919+0800][gc,marking  ] GC(82) Concurrent Rebuild Remembered Sets and Scrub Regions
[2025-02-25T16:32:57.929+0800][gc,marking  ] GC(82) Concurrent Rebuild Remembered Sets and Scrub Regions 10.482ms
[2025-02-25T16:32:57.929+0800][gc,start    ] GC(82) Pause Cleanup
[2025-02-25T16:32:57.929+0800][gc          ] GC(82) Pause Cleanup 79M->79M(512M) 0.018ms
[2025-02-25T16:32:57.929+0800][gc,cpu      ] GC(82) User=0.00s Sys=0.00s Real=0.00s
[2025-02-25T16:32:57.929+0800][gc,marking  ] GC(82) Concurrent Clear Claimed Marks
[2025-02-25T16:32:57.929+0800][gc,marking  ] GC(82) Concurrent Clear Claimed Marks 0.039ms
[2025-02-25T16:32:57.929+0800][gc,marking  ] GC(82) Concurrent Cleanup for Next Mark
[2025-02-25T16:32:57.930+0800][gc,marking  ] GC(82) Concurrent Cleanup for Next Mark 0.384ms
[2025-02-25T16:32:57.930+0800][gc          ] GC(82) Concurrent Mark Cycle 50.572ms
[2025-02-25T16:37:11.878+0800][gc,start    ] GC(83) Pause Young (Prepare Mixed) (G1 Evacuation Pause)
[2025-02-25T16:37:11.879+0800][gc,task     ] GC(83) Using 9 workers of 9 for evacuation
[2025-02-25T16:37:11.884+0800][gc,phases   ] GC(83)   Pre Evacuate Collection Set: 0.51ms
[2025-02-25T16:37:11.884+0800][gc,phases   ] GC(83)   Merge Heap Roots: 0.22ms
[2025-02-25T16:37:11.884+0800][gc,phases   ] GC(83)   Evacuate Collection Set: 3.07ms
[2025-02-25T16:37:11.884+0800][gc,phases   ] GC(83)   Post Evacuate Collection Set: 1.21ms
[2025-02-25T16:37:11.884+0800][gc,phases   ] GC(83)   Other: 0.21ms
[2025-02-25T16:37:11.884+0800][gc,heap     ] GC(83) Eden regions: 250->0(250)
[2025-02-25T16:37:11.884+0800][gc,heap     ] GC(83) Survivor regions: 6->6(32)
[2025-02-25T16:37:11.884+0800][gc,heap     ] GC(83) Old regions: 57->57
[2025-02-25T16:37:11.884+0800][gc,heap     ] GC(83) Humongous regions: 16->16
[2025-02-25T16:37:11.884+0800][gc,metaspace] GC(83) Metaspace: 84028K(84672K)->84028K(84672K) NonClass: 74043K(74304K)->74043K(74304K) Class: 9984K(10368K)->9984K(10368K)
[2025-02-25T16:37:11.884+0800][gc          ] GC(83) Pause Young (Prepare Mixed) (G1 Evacuation Pause) 328M->78M(512M) 6.498ms
[2025-02-25T16:37:11.884+0800][gc,cpu      ] GC(83) User=0.02s Sys=0.01s Real=0.01s
[2025-02-25T16:41:18.907+0800][gc,start    ] GC(84) Pause Young (Mixed) (G1 Evacuation Pause)
[2025-02-25T16:41:18.908+0800][gc,task     ] GC(84) Using 9 workers of 9 for evacuation
[2025-02-25T16:41:18.915+0800][gc,phases   ] GC(84)   Pre Evacuate Collection Set: 0.48ms
[2025-02-25T16:41:18.915+0800][gc,phases   ] GC(84)   Merge Heap Roots: 0.18ms
[2025-02-25T16:41:18.915+0800][gc,phases   ] GC(84)   Evacuate Collection Set: 4.34ms
[2025-02-25T16:41:18.915+0800][gc,phases   ] GC(84)   Post Evacuate Collection Set: 1.02ms
[2025-02-25T16:41:18.915+0800][gc,phases   ] GC(84)   Other: 0.21ms
[2025-02-25T16:41:18.915+0800][gc,heap     ] GC(84) Eden regions: 250->0(250)
[2025-02-25T16:41:18.915+0800][gc,heap     ] GC(84) Survivor regions: 6->6(32)
[2025-02-25T16:41:18.915+0800][gc,heap     ] GC(84) Old regions: 57->57
[2025-02-25T16:41:18.915+0800][gc,heap     ] GC(84) Humongous regions: 16->16
[2025-02-25T16:41:18.915+0800][gc,metaspace] GC(84) Metaspace: 84032K(84672K)->84032K(84672K) NonClass: 74047K(74304K)->74047K(74304K) Class: 9984K(10368K)->9984K(10368K)
[2025-02-25T16:41:18.915+0800][gc          ] GC(84) Pause Young (Mixed) (G1 Evacuation Pause) 328M->77M(512M) 7.516ms
[2025-02-25T16:41:18.915+0800][gc,cpu      ] GC(84) User=0.03s Sys=0.00s Real=0.01s
[2025-02-25T16:45:32.768+0800][gc,start    ] GC(85) Pause Young (Concurrent Start) (G1 Evacuation Pause)
[2025-02-25T16:45:32.769+0800][gc,task     ] GC(85) Using 9 workers of 9 for evacuation
[2025-02-25T16:45:32.793+0800][gc,phases   ] GC(85)   Pre Evacuate Collection Set: 1.37ms
[2025-02-25T16:45:32.793+0800][gc,phases   ] GC(85)   Merge Heap Roots: 0.27ms
[2025-02-25T16:45:32.793+0800][gc,phases   ] GC(85)   Evacuate Collection Set: 19.83ms
[2025-02-25T16:45:32.793+0800][gc,phases   ] GC(85)   Post Evacuate Collection Set: 2.67ms
[2025-02-25T16:45:32.793+0800][gc,phases   ] GC(85)   Other: 0.28ms
[2025-02-25T16:45:32.793+0800][gc,heap     ] GC(85) Eden regions: 250->0(250)
[2025-02-25T16:45:32.793+0800][gc,heap     ] GC(85) Survivor regions: 6->6(32)
[2025-02-25T16:45:32.794+0800][gc,heap     ] GC(85) Old regions: 57->57
[2025-02-25T16:45:32.794+0800][gc,heap     ] GC(85) Humongous regions: 16->16
[2025-02-25T16:45:32.794+0800][gc,metaspace] GC(85) Metaspace: 84032K(84672K)->84032K(84672K) NonClass: 74047K(74304K)->74047K(74304K) Class: 9984K(10368K)->9984K(10368K)
[2025-02-25T16:45:32.794+0800][gc          ] GC(85) Pause Young (Concurrent Start) (G1 Evacuation Pause) 327M->78M(512M) 25.431ms
[2025-02-25T16:45:32.794+0800][gc          ] GC(86) Concurrent Mark Cycle
[2025-02-25T16:45:32.794+0800][gc,marking  ] GC(86) Concurrent Scan Root Regions
[2025-02-25T16:45:32.794+0800][gc,cpu      ] GC(85) User=0.03s Sys=0.04s Real=0.03s
[2025-02-25T16:45:32.798+0800][gc,marking  ] GC(86) Concurrent Scan Root Regions 3.860ms
[2025-02-25T16:45:32.798+0800][gc,marking  ] GC(86) Concurrent Mark
[2025-02-25T16:45:32.798+0800][gc,marking  ] GC(86) Concurrent Mark From Roots
[2025-02-25T16:45:32.798+0800][gc,task     ] GC(86) Using 2 workers of 2 for marking
[2025-02-25T16:45:32.836+0800][gc,marking  ] GC(86) Concurrent Mark From Roots 38.312ms
[2025-02-25T16:45:32.836+0800][gc,marking  ] GC(86) Concurrent Preclean
[2025-02-25T16:45:32.836+0800][gc,marking  ] GC(86) Concurrent Preclean 0.105ms
[2025-02-25T16:45:32.836+0800][gc,start    ] GC(86) Pause Remark
[2025-02-25T16:45:32.865+0800][gc          ] GC(86) Pause Remark 78M->78M(512M) 28.994ms
[2025-02-25T16:45:32.866+0800][gc,cpu      ] GC(86) User=0.03s Sys=0.10s Real=0.03s
[2025-02-25T16:45:32.866+0800][gc,marking  ] GC(86) Concurrent Mark 67.957ms
[2025-02-25T16:45:32.866+0800][gc,marking  ] GC(86) Concurrent Rebuild Remembered Sets and Scrub Regions
[2025-02-25T16:45:32.876+0800][gc,marking  ] GC(86) Concurrent Rebuild Remembered Sets and Scrub Regions 9.853ms
[2025-02-25T16:45:32.876+0800][gc,start    ] GC(86) Pause Cleanup
[2025-02-25T16:45:32.876+0800][gc          ] GC(86) Pause Cleanup 78M->78M(512M) 0.028ms
[2025-02-25T16:45:32.876+0800][gc,cpu      ] GC(86) User=0.00s Sys=0.00s Real=0.00s
[2025-02-25T16:45:32.876+0800][gc,marking  ] GC(86) Concurrent Clear Claimed Marks
[2025-02-25T16:45:32.876+0800][gc,marking  ] GC(86) Concurrent Clear Claimed Marks 0.048ms
[2025-02-25T16:45:32.876+0800][gc,marking  ] GC(86) Concurrent Cleanup for Next Mark
[2025-02-25T16:45:32.876+0800][gc,marking  ] GC(86) Concurrent Cleanup for Next Mark 0.566ms
[2025-02-25T16:45:32.876+0800][gc          ] GC(86) Concurrent Mark Cycle 82.722ms
[2025-02-25T16:49:53.830+0800][gc,start    ] GC(87) Pause Young (Prepare Mixed) (G1 Evacuation Pause)
[2025-02-25T16:49:53.831+0800][gc,task     ] GC(87) Using 9 workers of 9 for evacuation
[2025-02-25T16:49:53.841+0800][gc,phases   ] GC(87)   Pre Evacuate Collection Set: 2.29ms
[2025-02-25T16:49:53.841+0800][gc,phases   ] GC(87)   Merge Heap Roots: 0.28ms
[2025-02-25T16:49:53.841+0800][gc,phases   ] GC(87)   Evacuate Collection Set: 4.54ms
[2025-02-25T16:49:53.841+0800][gc,phases   ] GC(87)   Post Evacuate Collection Set: 2.09ms
[2025-02-25T16:49:53.841+0800][gc,phases   ] GC(87)   Other: 0.16ms
[2025-02-25T16:49:53.841+0800][gc,heap     ] GC(87) Eden regions: 250->0(251)
[2025-02-25T16:49:53.841+0800][gc,heap     ] GC(87) Survivor regions: 6->5(32)
[2025-02-25T16:49:53.841+0800][gc,heap     ] GC(87) Old regions: 57->57
[2025-02-25T16:49:53.841+0800][gc,heap     ] GC(87) Humongous regions: 16->16
[2025-02-25T16:49:53.841+0800][gc,metaspace] GC(87) Metaspace: 84030K(84672K)->84030K(84672K) NonClass: 74046K(74304K)->74046K(74304K) Class: 9984K(10368K)->9984K(10368K)
[2025-02-25T16:49:53.841+0800][gc          ] GC(87) Pause Young (Prepare Mixed) (G1 Evacuation Pause) 328M->77M(512M) 10.550ms
[2025-02-25T16:49:53.841+0800][gc,cpu      ] GC(87) User=0.01s Sys=0.02s Real=0.01s
[2025-02-25T16:54:06.750+0800][gc,start    ] GC(88) Pause Young (Mixed) (G1 Evacuation Pause)
[2025-02-25T16:54:06.751+0800][gc,task     ] GC(88) Using 9 workers of 9 for evacuation
[2025-02-25T16:54:06.780+0800][gc,phases   ] GC(88)   Pre Evacuate Collection Set: 1.70ms
[2025-02-25T16:54:06.780+0800][gc,phases   ] GC(88)   Merge Heap Roots: 0.27ms
[2025-02-25T16:54:06.780+0800][gc,phases   ] GC(88)   Evacuate Collection Set: 25.67ms
[2025-02-25T16:54:06.780+0800][gc,phases   ] GC(88)   Post Evacuate Collection Set: 1.21ms
[2025-02-25T16:54:06.780+0800][gc,phases   ] GC(88)   Other: 0.20ms
[2025-02-25T16:54:06.780+0800][gc,heap     ] GC(88) Eden regions: 251->0(249)
[2025-02-25T16:54:06.780+0800][gc,heap     ] GC(88) Survivor regions: 5->7(32)
[2025-02-25T16:54:06.780+0800][gc,heap     ] GC(88) Old regions: 57->57
[2025-02-25T16:54:06.780+0800][gc,heap     ] GC(88) Humongous regions: 16->16
[2025-02-25T16:54:06.780+0800][gc,metaspace] GC(88) Metaspace: 84037K(84672K)->84037K(84672K) NonClass: 74052K(74304K)->74052K(74304K) Class: 9984K(10368K)->9984K(10368K)
[2025-02-25T16:54:06.780+0800][gc          ] GC(88) Pause Young (Mixed) (G1 Evacuation Pause) 328M->78M(512M) 30.242ms
[2025-02-25T16:54:06.780+0800][gc,cpu      ] GC(88) User=0.02s Sys=0.05s Real=0.03s
[2025-02-25T16:58:28.547+0800][gc,start    ] GC(89) Pause Young (Concurrent Start) (G1 Evacuation Pause)
[2025-02-25T16:58:28.548+0800][gc,task     ] GC(89) Using 9 workers of 9 for evacuation
[2025-02-25T16:58:28.557+0800][gc,phases   ] GC(89)   Pre Evacuate Collection Set: 1.41ms
[2025-02-25T16:58:28.557+0800][gc,phases   ] GC(89)   Merge Heap Roots: 0.22ms
[2025-02-25T16:58:28.557+0800][gc,phases   ] GC(89)   Evacuate Collection Set: 5.71ms
[2025-02-25T16:58:28.557+0800][gc,phases   ] GC(89)   Post Evacuate Collection Set: 1.33ms
[2025-02-25T16:58:28.557+0800][gc,phases   ] GC(89)   Other: 0.23ms
[2025-02-25T16:58:28.557+0800][gc,heap     ] GC(89) Eden regions: 249->0(250)
[2025-02-25T16:58:28.557+0800][gc,heap     ] GC(89) Survivor regions: 7->6(32)
[2025-02-25T16:58:28.557+0800][gc,heap     ] GC(89) Old regions: 57->57
[2025-02-25T16:58:28.557+0800][gc,heap     ] GC(89) Humongous regions: 16->16
[2025-02-25T16:58:28.557+0800][gc,metaspace] GC(89) Metaspace: 84038K(84672K)->84038K(84672K) NonClass: 74053K(74304K)->74053K(74304K) Class: 9985K(10368K)->9985K(10368K)
[2025-02-25T16:58:28.557+0800][gc          ] GC(89) Pause Young (Concurrent Start) (G1 Evacuation Pause) 327M->77M(512M) 10.163ms
[2025-02-25T16:58:28.557+0800][gc          ] GC(90) Concurrent Mark Cycle
[2025-02-25T16:58:28.557+0800][gc,marking  ] GC(90) Concurrent Scan Root Regions
[2025-02-25T16:58:28.558+0800][gc,cpu      ] GC(89) User=0.01s Sys=0.02s Real=0.01s
[2025-02-25T16:58:28.562+0800][gc,marking  ] GC(90) Concurrent Scan Root Regions 4.058ms
[2025-02-25T16:58:28.562+0800][gc,marking  ] GC(90) Concurrent Mark
[2025-02-25T16:58:28.562+0800][gc,marking  ] GC(90) Concurrent Mark From Roots
[2025-02-25T16:58:28.562+0800][gc,task     ] GC(90) Using 2 workers of 2 for marking
[2025-02-25T16:58:28.595+0800][gc,marking  ] GC(90) Concurrent Mark From Roots 32.903ms
[2025-02-25T16:58:28.595+0800][gc,marking  ] GC(90) Concurrent Preclean
[2025-02-25T16:58:28.595+0800][gc,marking  ] GC(90) Concurrent Preclean 0.062ms
[2025-02-25T16:58:28.595+0800][gc,start    ] GC(90) Pause Remark
[2025-02-25T16:58:28.598+0800][gc          ] GC(90) Pause Remark 79M->79M(512M) 2.830ms
[2025-02-25T16:58:28.598+0800][gc,cpu      ] GC(90) User=0.01s Sys=0.01s Real=0.00s
[2025-02-25T16:58:28.598+0800][gc,marking  ] GC(90) Concurrent Mark 36.064ms
[2025-02-25T16:58:28.598+0800][gc,marking  ] GC(90) Concurrent Rebuild Remembered Sets and Scrub Regions
[2025-02-25T16:58:28.608+0800][gc,marking  ] GC(90) Concurrent Rebuild Remembered Sets and Scrub Regions 9.916ms
[2025-02-25T16:58:28.608+0800][gc,start    ] GC(90) Pause Cleanup
[2025-02-25T16:58:28.608+0800][gc          ] GC(90) Pause Cleanup 79M->79M(512M) 0.022ms
[2025-02-25T16:58:28.608+0800][gc,cpu      ] GC(90) User=0.00s Sys=0.00s Real=0.00s
[2025-02-25T16:58:28.608+0800][gc,marking  ] GC(90) Concurrent Clear Claimed Marks
[2025-02-25T16:58:28.608+0800][gc,marking  ] GC(90) Concurrent Clear Claimed Marks 0.034ms
[2025-02-25T16:58:28.608+0800][gc,marking  ] GC(90) Concurrent Cleanup for Next Mark
[2025-02-25T16:58:28.608+0800][gc,marking  ] GC(90) Concurrent Cleanup for Next Mark 0.523ms
[2025-02-25T16:58:28.608+0800][gc          ] GC(90) Concurrent Mark Cycle 50.848ms
[2025-02-25T17:03:00.729+0800][gc,start    ] GC(91) Pause Young (Prepare Mixed) (G1 Evacuation Pause)
[2025-02-25T17:03:00.730+0800][gc,task     ] GC(91) Using 9 workers of 9 for evacuation
[2025-02-25T17:03:00.738+0800][gc,phases   ] GC(91)   Pre Evacuate Collection Set: 1.23ms
[2025-02-25T17:03:00.738+0800][gc,phases   ] GC(91)   Merge Heap Roots: 0.33ms
[2025-02-25T17:03:00.738+0800][gc,phases   ] GC(91)   Evacuate Collection Set: 5.04ms
[2025-02-25T17:03:00.738+0800][gc,phases   ] GC(91)   Post Evacuate Collection Set: 1.28ms
[2025-02-25T17:03:00.738+0800][gc,phases   ] GC(91)   Other: 0.17ms
[2025-02-25T17:03:00.738+0800][gc,heap     ] GC(91) Eden regions: 250->0(250)
[2025-02-25T17:03:00.738+0800][gc,heap     ] GC(91) Survivor regions: 6->6(32)
[2025-02-25T17:03:00.738+0800][gc,heap     ] GC(91) Old regions: 57->57
[2025-02-25T17:03:00.738+0800][gc,heap     ] GC(91) Humongous regions: 16->16
[2025-02-25T17:03:00.738+0800][gc,metaspace] GC(91) Metaspace: 84072K(84736K)->84072K(84736K) NonClass: 74081K(74368K)->74081K(74368K) Class: 9990K(10368K)->9990K(10368K)
[2025-02-25T17:03:00.738+0800][gc          ] GC(91) Pause Young (Prepare Mixed) (G1 Evacuation Pause) 327M->77M(512M) 9.258ms
[2025-02-25T17:03:00.739+0800][gc,cpu      ] GC(91) User=0.02s Sys=0.02s Real=0.01s
[2025-02-25T17:07:36.552+0800][gc,start    ] GC(92) Pause Young (Mixed) (G1 Evacuation Pause)
[2025-02-25T17:07:36.553+0800][gc,task     ] GC(92) Using 9 workers of 9 for evacuation
[2025-02-25T17:07:36.560+0800][gc,phases   ] GC(92)   Pre Evacuate Collection Set: 0.38ms
[2025-02-25T17:07:36.560+0800][gc,phases   ] GC(92)   Merge Heap Roots: 0.12ms
[2025-02-25T17:07:36.560+0800][gc,phases   ] GC(92)   Evacuate Collection Set: 6.22ms
[2025-02-25T17:07:36.560+0800][gc,phases   ] GC(92)   Post Evacuate Collection Set: 0.43ms
[2025-02-25T17:07:36.560+0800][gc,phases   ] GC(92)   Other: 0.05ms
[2025-02-25T17:07:36.560+0800][gc,heap     ] GC(92) Eden regions: 250->0(249)
[2025-02-25T17:07:36.560+0800][gc,heap     ] GC(92) Survivor regions: 6->7(32)
[2025-02-25T17:07:36.560+0800][gc,heap     ] GC(92) Old regions: 57->56
[2025-02-25T17:07:36.560+0800][gc,heap     ] GC(92) Humongous regions: 16->16
[2025-02-25T17:07:36.560+0800][gc,metaspace] GC(92) Metaspace: 84076K(84736K)->84076K(84736K) NonClass: 74085K(74368K)->74085K(74368K) Class: 9990K(10368K)->9990K(10368K)
[2025-02-25T17:07:36.560+0800][gc          ] GC(92) Pause Young (Mixed) (G1 Evacuation Pause) 327M->78M(512M) 7.995ms
[2025-02-25T17:07:36.560+0800][gc,cpu      ] GC(92) User=0.01s Sys=0.03s Real=0.01s
[2025-02-25T17:11:53.659+0800][gc,start    ] GC(93) Pause Young (Concurrent Start) (G1 Evacuation Pause)
[2025-02-25T17:11:53.659+0800][gc,task     ] GC(93) Using 9 workers of 9 for evacuation
[2025-02-25T17:11:53.667+0800][gc,phases   ] GC(93)   Pre Evacuate Collection Set: 1.00ms
[2025-02-25T17:11:53.667+0800][gc,phases   ] GC(93)   Merge Heap Roots: 0.16ms
[2025-02-25T17:11:53.667+0800][gc,phases   ] GC(93)   Evacuate Collection Set: 5.77ms
[2025-02-25T17:11:53.667+0800][gc,phases   ] GC(93)   Post Evacuate Collection Set: 1.17ms
[2025-02-25T17:11:53.667+0800][gc,phases   ] GC(93)   Other: 0.18ms
[2025-02-25T17:11:53.667+0800][gc,heap     ] GC(93) Eden regions: 249->0(250)
[2025-02-25T17:11:53.667+0800][gc,heap     ] GC(93) Survivor regions: 7->6(32)
[2025-02-25T17:11:53.667+0800][gc,heap     ] GC(93) Old regions: 56->56
[2025-02-25T17:11:53.667+0800][gc,heap     ] GC(93) Humongous regions: 16->16
[2025-02-25T17:11:53.668+0800][gc,metaspace] GC(93) Metaspace: 84094K(84736K)->84094K(84736K) NonClass: 74102K(74368K)->74102K(74368K) Class: 9991K(10368K)->9991K(10368K)
[2025-02-25T17:11:53.668+0800][gc          ] GC(93) Pause Young (Concurrent Start) (G1 Evacuation Pause) 327M->77M(512M) 8.920ms
[2025-02-25T17:11:53.668+0800][gc          ] GC(94) Concurrent Mark Cycle
[2025-02-25T17:11:53.668+0800][gc,marking  ] GC(94) Concurrent Scan Root Regions
[2025-02-25T17:11:53.668+0800][gc,cpu      ] GC(93) User=0.01s Sys=0.02s Real=0.01s
[2025-02-25T17:11:53.673+0800][gc,marking  ] GC(94) Concurrent Scan Root Regions 5.658ms
[2025-02-25T17:11:53.673+0800][gc,marking  ] GC(94) Concurrent Mark
[2025-02-25T17:11:53.673+0800][gc,marking  ] GC(94) Concurrent Mark From Roots
[2025-02-25T17:11:53.673+0800][gc,task     ] GC(94) Using 2 workers of 2 for marking
[2025-02-25T17:11:53.722+0800][gc,marking  ] GC(94) Concurrent Mark From Roots 49.061ms
[2025-02-25T17:11:53.722+0800][gc,marking  ] GC(94) Concurrent Preclean
[2025-02-25T17:11:53.723+0800][gc,marking  ] GC(94) Concurrent Preclean 0.090ms
[2025-02-25T17:11:53.723+0800][gc,start    ] GC(94) Pause Remark
[2025-02-25T17:11:53.728+0800][gc          ] GC(94) Pause Remark 78M->78M(512M) 5.382ms
[2025-02-25T17:11:53.728+0800][gc,cpu      ] GC(94) User=0.01s Sys=0.01s Real=0.00s
[2025-02-25T17:11:53.728+0800][gc,marking  ] GC(94) Concurrent Mark 55.049ms
[2025-02-25T17:11:53.728+0800][gc,marking  ] GC(94) Concurrent Rebuild Remembered Sets and Scrub Regions
[2025-02-25T17:11:53.740+0800][gc,marking  ] GC(94) Concurrent Rebuild Remembered Sets and Scrub Regions 11.117ms
[2025-02-25T17:11:53.740+0800][gc,start    ] GC(94) Pause Cleanup
[2025-02-25T17:11:53.740+0800][gc          ] GC(94) Pause Cleanup 78M->78M(512M) 0.021ms
[2025-02-25T17:11:53.740+0800][gc,cpu      ] GC(94) User=0.00s Sys=0.00s Real=0.00s
[2025-02-25T17:11:53.740+0800][gc,marking  ] GC(94) Concurrent Clear Claimed Marks
[2025-02-25T17:11:53.740+0800][gc,marking  ] GC(94) Concurrent Clear Claimed Marks 0.070ms
[2025-02-25T17:11:53.740+0800][gc,marking  ] GC(94) Concurrent Cleanup for Next Mark
[2025-02-25T17:11:53.740+0800][gc,marking  ] GC(94) Concurrent Cleanup for Next Mark 0.656ms
[2025-02-25T17:11:53.740+0800][gc          ] GC(94) Concurrent Mark Cycle 72.818ms
[2025-02-25T17:16:09.083+0800][gc,start    ] GC(95) Pause Young (Prepare Mixed) (G1 Evacuation Pause)
[2025-02-25T17:16:09.086+0800][gc,task     ] GC(95) Using 9 workers of 9 for evacuation
[2025-02-25T17:16:09.122+0800][gc,phases   ] GC(95)   Pre Evacuate Collection Set: 4.35ms
[2025-02-25T17:16:09.122+0800][gc,phases   ] GC(95)   Merge Heap Roots: 0.71ms
[2025-02-25T17:16:09.122+0800][gc,phases   ] GC(95)   Evacuate Collection Set: 28.83ms
[2025-02-25T17:16:09.122+0800][gc,phases   ] GC(95)   Post Evacuate Collection Set: 2.43ms
[2025-02-25T17:16:09.122+0800][gc,phases   ] GC(95)   Other: 0.44ms
[2025-02-25T17:16:09.122+0800][gc,heap     ] GC(95) Eden regions: 250->0(248)
[2025-02-25T17:16:09.122+0800][gc,heap     ] GC(95) Survivor regions: 6->8(32)
[2025-02-25T17:16:09.122+0800][gc,heap     ] GC(95) Old regions: 56->56
[2025-02-25T17:16:09.122+0800][gc,heap     ] GC(95) Humongous regions: 16->16
[2025-02-25T17:16:09.122+0800][gc,metaspace] GC(95) Metaspace: 84493K(85120K)->84493K(85120K) NonClass: 74433K(74752K)->74433K(74752K) Class: 10060K(10368K)->10060K(10368K)
[2025-02-25T17:16:09.122+0800][gc          ] GC(95) Pause Young (Prepare Mixed) (G1 Evacuation Pause) 327M->79M(512M) 39.059ms
[2025-02-25T17:16:09.123+0800][gc,cpu      ] GC(95) User=0.02s Sys=0.08s Real=0.04s
[2025-02-25T17:20:37.338+0800][gc,start    ] GC(96) Pause Young (Mixed) (G1 Evacuation Pause)
[2025-02-25T17:20:37.339+0800][gc,task     ] GC(96) Using 9 workers of 9 for evacuation
[2025-02-25T17:20:37.368+0800][gc,phases   ] GC(96)   Pre Evacuate Collection Set: 1.97ms
[2025-02-25T17:20:37.368+0800][gc,phases   ] GC(96)   Merge Heap Roots: 0.54ms
[2025-02-25T17:20:37.368+0800][gc,phases   ] GC(96)   Evacuate Collection Set: 23.85ms
[2025-02-25T17:20:37.368+0800][gc,phases   ] GC(96)   Post Evacuate Collection Set: 2.31ms
[2025-02-25T17:20:37.368+0800][gc,phases   ] GC(96)   Other: 0.18ms
[2025-02-25T17:20:37.368+0800][gc,heap     ] GC(96) Eden regions: 248->0(249)
[2025-02-25T17:20:37.368+0800][gc,heap     ] GC(96) Survivor regions: 8->7(32)
[2025-02-25T17:20:37.368+0800][gc,heap     ] GC(96) Old regions: 56->56
[2025-02-25T17:20:37.368+0800][gc,heap     ] GC(96) Humongous regions: 16->16
[2025-02-25T17:20:37.368+0800][gc,metaspace] GC(96) Metaspace: 84501K(85184K)->84501K(85184K) NonClass: 74441K(74816K)->74441K(74816K) Class: 10060K(10368K)->10060K(10368K)
[2025-02-25T17:20:37.368+0800][gc          ] GC(96) Pause Young (Mixed) (G1 Evacuation Pause) 327M->78M(512M) 29.793ms
[2025-02-25T17:20:37.368+0800][gc,cpu      ] GC(96) User=0.05s Sys=0.08s Real=0.03s
[2025-02-25T17:24:40.869+0800][gc,start    ] GC(97) Pause Young (Concurrent Start) (G1 Evacuation Pause)
[2025-02-25T17:24:40.870+0800][gc,task     ] GC(97) Using 9 workers of 9 for evacuation
[2025-02-25T17:24:40.884+0800][gc,phases   ] GC(97)   Pre Evacuate Collection Set: 2.01ms
[2025-02-25T17:24:40.884+0800][gc,phases   ] GC(97)   Merge Heap Roots: 0.32ms
[2025-02-25T17:24:40.884+0800][gc,phases   ] GC(97)   Evacuate Collection Set: 9.86ms
[2025-02-25T17:24:40.884+0800][gc,phases   ] GC(97)   Post Evacuate Collection Set: 1.68ms
[2025-02-25T17:24:40.884+0800][gc,phases   ] GC(97)   Other: 0.31ms
[2025-02-25T17:24:40.885+0800][gc,heap     ] GC(97) Eden regions: 249->0(249)
[2025-02-25T17:24:40.885+0800][gc,heap     ] GC(97) Survivor regions: 7->7(32)
[2025-02-25T17:24:40.885+0800][gc,heap     ] GC(97) Old regions: 56->56
[2025-02-25T17:24:40.885+0800][gc,heap     ] GC(97) Humongous regions: 16->16
[2025-02-25T17:24:40.885+0800][gc,metaspace] GC(97) Metaspace: 84509K(85184K)->84509K(85184K) NonClass: 74449K(74816K)->74449K(74816K) Class: 10060K(10368K)->10060K(10368K)
[2025-02-25T17:24:40.885+0800][gc          ] GC(97) Pause Young (Concurrent Start) (G1 Evacuation Pause) 327M->78M(512M) 15.494ms
[2025-02-25T17:24:40.885+0800][gc          ] GC(98) Concurrent Mark Cycle
[2025-02-25T17:24:40.885+0800][gc,marking  ] GC(98) Concurrent Scan Root Regions
[2025-02-25T17:24:40.885+0800][gc,cpu      ] GC(97) User=0.03s Sys=0.04s Real=0.02s
[2025-02-25T17:24:40.889+0800][gc,marking  ] GC(98) Concurrent Scan Root Regions 4.314ms
[2025-02-25T17:24:40.889+0800][gc,marking  ] GC(98) Concurrent Mark
[2025-02-25T17:24:40.889+0800][gc,marking  ] GC(98) Concurrent Mark From Roots
[2025-02-25T17:24:40.889+0800][gc,task     ] GC(98) Using 2 workers of 2 for marking
[2025-02-25T17:24:40.920+0800][gc,marking  ] GC(98) Concurrent Mark From Roots 30.657ms
[2025-02-25T17:24:40.920+0800][gc,marking  ] GC(98) Concurrent Preclean
[2025-02-25T17:24:40.920+0800][gc,marking  ] GC(98) Concurrent Preclean 0.069ms
[2025-02-25T17:24:40.920+0800][gc,start    ] GC(98) Pause Remark
[2025-02-25T17:24:40.935+0800][gc          ] GC(98) Pause Remark 78M->78M(512M) 15.108ms
[2025-02-25T17:24:40.935+0800][gc,cpu      ] GC(98) User=0.02s Sys=0.08s Real=0.01s
[2025-02-25T17:24:40.935+0800][gc,marking  ] GC(98) Concurrent Mark 46.180ms
[2025-02-25T17:24:40.935+0800][gc,marking  ] GC(98) Concurrent Rebuild Remembered Sets and Scrub Regions
[2025-02-25T17:24:40.944+0800][gc,marking  ] GC(98) Concurrent Rebuild Remembered Sets and Scrub Regions 8.614ms
[2025-02-25T17:24:40.944+0800][gc,start    ] GC(98) Pause Cleanup
[2025-02-25T17:24:40.944+0800][gc          ] GC(98) Pause Cleanup 78M->78M(512M) 0.025ms
[2025-02-25T17:24:40.944+0800][gc,cpu      ] GC(98) User=0.00s Sys=0.00s Real=0.00s
[2025-02-25T17:24:40.944+0800][gc,marking  ] GC(98) Concurrent Clear Claimed Marks
[2025-02-25T17:24:40.944+0800][gc,marking  ] GC(98) Concurrent Clear Claimed Marks 0.048ms
[2025-02-25T17:24:40.944+0800][gc,marking  ] GC(98) Concurrent Cleanup for Next Mark
[2025-02-25T17:24:40.945+0800][gc,marking  ] GC(98) Concurrent Cleanup for Next Mark 0.589ms
[2025-02-25T17:24:40.945+0800][gc          ] GC(98) Concurrent Mark Cycle 60.053ms
[2025-02-25T17:28:59.515+0800][gc,start    ] GC(99) Pause Young (Prepare Mixed) (G1 Evacuation Pause)
[2025-02-25T17:28:59.516+0800][gc,task     ] GC(99) Using 9 workers of 9 for evacuation
[2025-02-25T17:28:59.531+0800][gc,phases   ] GC(99)   Pre Evacuate Collection Set: 2.36ms
[2025-02-25T17:28:59.531+0800][gc,phases   ] GC(99)   Merge Heap Roots: 0.31ms
[2025-02-25T17:28:59.531+0800][gc,phases   ] GC(99)   Evacuate Collection Set: 10.05ms
[2025-02-25T17:28:59.531+0800][gc,phases   ] GC(99)   Post Evacuate Collection Set: 2.03ms
[2025-02-25T17:28:59.531+0800][gc,phases   ] GC(99)   Other: 0.22ms
[2025-02-25T17:28:59.531+0800][gc,heap     ] GC(99) Eden regions: 249->0(249)
[2025-02-25T17:28:59.531+0800][gc,heap     ] GC(99) Survivor regions: 7->7(32)
[2025-02-25T17:28:59.531+0800][gc,heap     ] GC(99) Old regions: 56->56
[2025-02-25T17:28:59.531+0800][gc,heap     ] GC(99) Humongous regions: 16->16
[2025-02-25T17:28:59.531+0800][gc,metaspace] GC(99) Metaspace: 84515K(85184K)->84515K(85184K) NonClass: 74455K(74816K)->74455K(74816K) Class: 10059K(10368K)->10059K(10368K)
[2025-02-25T17:28:59.532+0800][gc          ] GC(99) Pause Young (Prepare Mixed) (G1 Evacuation Pause) 327M->78M(512M) 16.182ms
[2025-02-25T17:28:59.532+0800][gc,cpu      ] GC(99) User=0.02s Sys=0.05s Real=0.02s
[2025-02-25T17:33:10.982+0800][gc,start    ] GC(100) Pause Young (Mixed) (G1 Evacuation Pause)
[2025-02-25T17:33:10.983+0800][gc,task     ] GC(100) Using 9 workers of 9 for evacuation
[2025-02-25T17:33:11.012+0800][gc,phases   ] GC(100)   Pre Evacuate Collection Set: 3.12ms
[2025-02-25T17:33:11.013+0800][gc,phases   ] GC(100)   Merge Heap Roots: 0.34ms
[2025-02-25T17:33:11.013+0800][gc,phases   ] GC(100)   Evacuate Collection Set: 23.90ms
[2025-02-25T17:33:11.013+0800][gc,phases   ] GC(100)   Post Evacuate Collection Set: 2.30ms
[2025-02-25T17:33:11.013+0800][gc,phases   ] GC(100)   Other: 0.25ms
[2025-02-25T17:33:11.013+0800][gc,heap     ] GC(100) Eden regions: 249->0(249)
[2025-02-25T17:33:11.013+0800][gc,heap     ] GC(100) Survivor regions: 7->7(32)
[2025-02-25T17:33:11.013+0800][gc,heap     ] GC(100) Old regions: 56->56
[2025-02-25T17:33:11.013+0800][gc,heap     ] GC(100) Humongous regions: 16->16
[2025-02-25T17:33:11.013+0800][gc,metaspace] GC(100) Metaspace: 84521K(85184K)->84521K(85184K) NonClass: 74461K(74816K)->74461K(74816K) Class: 10060K(10368K)->10060K(10368K)
[2025-02-25T17:33:11.013+0800][gc          ] GC(100) Pause Young (Mixed) (G1 Evacuation Pause) 327M->78M(512M) 30.799ms
[2025-02-25T17:33:11.013+0800][gc,cpu      ] GC(100) User=0.02s Sys=0.06s Real=0.03s
[2025-02-25T17:37:34.445+0800][gc,start    ] GC(101) Pause Young (Concurrent Start) (G1 Evacuation Pause)
[2025-02-25T17:37:34.446+0800][gc,task     ] GC(101) Using 9 workers of 9 for evacuation
[2025-02-25T17:37:34.459+0800][gc,phases   ] GC(101)   Pre Evacuate Collection Set: 1.91ms
[2025-02-25T17:37:34.459+0800][gc,phases   ] GC(101)   Merge Heap Roots: 0.30ms
[2025-02-25T17:37:34.459+0800][gc,phases   ] GC(101)   Evacuate Collection Set: 8.45ms
[2025-02-25T17:37:34.459+0800][gc,phases   ] GC(101)   Post Evacuate Collection Set: 1.67ms
[2025-02-25T17:37:34.459+0800][gc,phases   ] GC(101)   Other: 0.25ms
[2025-02-25T17:37:34.459+0800][gc,heap     ] GC(101) Eden regions: 249->0(249)
[2025-02-25T17:37:34.459+0800][gc,heap     ] GC(101) Survivor regions: 7->7(32)
[2025-02-25T17:37:34.459+0800][gc,heap     ] GC(101) Old regions: 56->56
[2025-02-25T17:37:34.459+0800][gc,heap     ] GC(101) Humongous regions: 16->16
[2025-02-25T17:37:34.459+0800][gc,metaspace] GC(101) Metaspace: 84521K(85184K)->84521K(85184K) NonClass: 74461K(74816K)->74461K(74816K) Class: 10060K(10368K)->10060K(10368K)
[2025-02-25T17:37:34.459+0800][gc          ] GC(101) Pause Young (Concurrent Start) (G1 Evacuation Pause) 327M->77M(512M) 13.357ms
[2025-02-25T17:37:34.459+0800][gc          ] GC(102) Concurrent Mark Cycle
[2025-02-25T17:37:34.459+0800][gc,marking  ] GC(102) Concurrent Scan Root Regions
[2025-02-25T17:37:34.459+0800][gc,cpu      ] GC(101) User=0.02s Sys=0.03s Real=0.01s
[2025-02-25T17:37:34.462+0800][gc,marking  ] GC(102) Concurrent Scan Root Regions 3.408ms
[2025-02-25T17:37:34.462+0800][gc,marking  ] GC(102) Concurrent Mark
[2025-02-25T17:37:34.462+0800][gc,marking  ] GC(102) Concurrent Mark From Roots
[2025-02-25T17:37:34.462+0800][gc,task     ] GC(102) Using 2 workers of 2 for marking
[2025-02-25T17:37:34.495+0800][gc,marking  ] GC(102) Concurrent Mark From Roots 32.316ms
[2025-02-25T17:37:34.495+0800][gc,marking  ] GC(102) Concurrent Preclean
[2025-02-25T17:37:34.495+0800][gc,marking  ] GC(102) Concurrent Preclean 0.075ms
[2025-02-25T17:37:34.495+0800][gc,start    ] GC(102) Pause Remark
[2025-02-25T17:37:34.499+0800][gc          ] GC(102) Pause Remark 78M->78M(512M) 4.189ms
[2025-02-25T17:37:34.499+0800][gc,cpu      ] GC(102) User=0.01s Sys=0.01s Real=0.00s
[2025-02-25T17:37:34.499+0800][gc,marking  ] GC(102) Concurrent Mark 36.949ms
[2025-02-25T17:37:34.499+0800][gc,marking  ] GC(102) Concurrent Rebuild Remembered Sets and Scrub Regions
[2025-02-25T17:37:34.510+0800][gc,marking  ] GC(102) Concurrent Rebuild Remembered Sets and Scrub Regions 10.948ms
[2025-02-25T17:37:34.510+0800][gc,start    ] GC(102) Pause Cleanup
[2025-02-25T17:37:34.510+0800][gc          ] GC(102) Pause Cleanup 78M->78M(512M) 0.017ms
[2025-02-25T17:37:34.510+0800][gc,cpu      ] GC(102) User=0.00s Sys=0.00s Real=0.00s
[2025-02-25T17:37:34.510+0800][gc,marking  ] GC(102) Concurrent Clear Claimed Marks
[2025-02-25T17:37:34.510+0800][gc,marking  ] GC(102) Concurrent Clear Claimed Marks 0.050ms
[2025-02-25T17:37:34.510+0800][gc,marking  ] GC(102) Concurrent Cleanup for Next Mark
[2025-02-25T17:37:34.511+0800][gc,marking  ] GC(102) Concurrent Cleanup for Next Mark 0.572ms
[2025-02-25T17:37:34.511+0800][gc          ] GC(102) Concurrent Mark Cycle 52.144ms
[2025-02-25T17:41:55.596+0800][gc,start    ] GC(103) Pause Young (Prepare Mixed) (G1 Evacuation Pause)
[2025-02-25T17:41:55.597+0800][gc,task     ] GC(103) Using 9 workers of 9 for evacuation
[2025-02-25T17:41:55.608+0800][gc,phases   ] GC(103)   Pre Evacuate Collection Set: 1.16ms
[2025-02-25T17:41:55.608+0800][gc,phases   ] GC(103)   Merge Heap Roots: 0.30ms
[2025-02-25T17:41:55.608+0800][gc,phases   ] GC(103)   Evacuate Collection Set: 7.93ms
[2025-02-25T17:41:55.608+0800][gc,phases   ] GC(103)   Post Evacuate Collection Set: 1.75ms
[2025-02-25T17:41:55.608+0800][gc,phases   ] GC(103)   Other: 0.22ms
[2025-02-25T17:41:55.608+0800][gc,heap     ] GC(103) Eden regions: 249->0(249)
[2025-02-25T17:41:55.608+0800][gc,heap     ] GC(103) Survivor regions: 7->7(32)
[2025-02-25T17:41:55.608+0800][gc,heap     ] GC(103) Old regions: 56->56
[2025-02-25T17:41:55.608+0800][gc,heap     ] GC(103) Humongous regions: 16->16
[2025-02-25T17:41:55.608+0800][gc,metaspace] GC(103) Metaspace: 84697K(85312K)->84697K(85312K) NonClass: 74605K(74944K)->74605K(74944K) Class: 10091K(10368K)->10091K(10368K)
[2025-02-25T17:41:55.609+0800][gc          ] GC(103) Pause Young (Prepare Mixed) (G1 Evacuation Pause) 326M->78M(512M) 12.160ms
[2025-02-25T17:41:55.609+0800][gc,cpu      ] GC(103) User=0.02s Sys=0.02s Real=0.01s
[2025-02-25T17:46:14.864+0800][gc,start    ] GC(104) Pause Young (Mixed) (G1 Evacuation Pause)
[2025-02-25T17:46:14.865+0800][gc,task     ] GC(104) Using 9 workers of 9 for evacuation
[2025-02-25T17:46:14.888+0800][gc,phases   ] GC(104)   Pre Evacuate Collection Set: 1.27ms
[2025-02-25T17:46:14.888+0800][gc,phases   ] GC(104)   Merge Heap Roots: 0.52ms
[2025-02-25T17:46:14.888+0800][gc,phases   ] GC(104)   Evacuate Collection Set: 18.99ms
[2025-02-25T17:46:14.888+0800][gc,phases   ] GC(104)   Post Evacuate Collection Set: 1.48ms
[2025-02-25T17:46:14.888+0800][gc,phases   ] GC(104)   Other: 0.19ms
[2025-02-25T17:46:14.888+0800][gc,heap     ] GC(104) Eden regions: 249->0(248)
[2025-02-25T17:46:14.888+0800][gc,heap     ] GC(104) Survivor regions: 7->8(32)
[2025-02-25T17:46:14.888+0800][gc,heap     ] GC(104) Old regions: 56->56
[2025-02-25T17:46:14.888+0800][gc,heap     ] GC(104) Humongous regions: 16->16
[2025-02-25T17:46:14.888+0800][gc,metaspace] GC(104) Metaspace: 84821K(85504K)->84821K(85504K) NonClass: 74721K(75072K)->74721K(75072K) Class: 10100K(10432K)->10100K(10432K)
[2025-02-25T17:46:14.888+0800][gc          ] GC(104) Pause Young (Mixed) (G1 Evacuation Pause) 327M->79M(512M) 23.788ms
[2025-02-25T17:46:14.888+0800][gc,cpu      ] GC(104) User=0.05s Sys=0.07s Real=0.02s
[2025-02-25T17:50:27.084+0800][gc,start    ] GC(105) Pause Young (Concurrent Start) (G1 Evacuation Pause)
[2025-02-25T17:50:27.085+0800][gc,task     ] GC(105) Using 9 workers of 9 for evacuation
[2025-02-25T17:50:27.094+0800][gc,phases   ] GC(105)   Pre Evacuate Collection Set: 0.98ms
[2025-02-25T17:50:27.094+0800][gc,phases   ] GC(105)   Merge Heap Roots: 0.14ms
[2025-02-25T17:50:27.094+0800][gc,phases   ] GC(105)   Evacuate Collection Set: 6.49ms
[2025-02-25T17:50:27.094+0800][gc,phases   ] GC(105)   Post Evacuate Collection Set: 1.45ms
[2025-02-25T17:50:27.094+0800][gc,phases   ] GC(105)   Other: 0.20ms
[2025-02-25T17:50:27.094+0800][gc,heap     ] GC(105) Eden regions: 248->0(249)
[2025-02-25T17:50:27.094+0800][gc,heap     ] GC(105) Survivor regions: 8->7(32)
[2025-02-25T17:50:27.094+0800][gc,heap     ] GC(105) Old regions: 56->56
[2025-02-25T17:50:27.094+0800][gc,heap     ] GC(105) Humongous regions: 16->16
[2025-02-25T17:50:27.094+0800][gc,metaspace] GC(105) Metaspace: 84889K(85568K)->84889K(85568K) NonClass: 74779K(75136K)->74779K(75136K) Class: 10110K(10432K)->10110K(10432K)
[2025-02-25T17:50:27.094+0800][gc          ] GC(105) Pause Young (Concurrent Start) (G1 Evacuation Pause) 327M->78M(512M) 10.445ms
[2025-02-25T17:50:27.094+0800][gc          ] GC(106) Concurrent Mark Cycle
[2025-02-25T17:50:27.094+0800][gc,marking  ] GC(106) Concurrent Scan Root Regions
[2025-02-25T17:50:27.095+0800][gc,cpu      ] GC(105) User=0.02s Sys=0.02s Real=0.01s
[2025-02-25T17:50:27.097+0800][gc,marking  ] GC(106) Concurrent Scan Root Regions 2.390ms
[2025-02-25T17:50:27.097+0800][gc,marking  ] GC(106) Concurrent Mark
[2025-02-25T17:50:27.097+0800][gc,marking  ] GC(106) Concurrent Mark From Roots
[2025-02-25T17:50:27.097+0800][gc,task     ] GC(106) Using 2 workers of 2 for marking
[2025-02-25T17:50:27.131+0800][gc,marking  ] GC(106) Concurrent Mark From Roots 34.100ms
[2025-02-25T17:50:27.131+0800][gc,marking  ] GC(106) Concurrent Preclean
[2025-02-25T17:50:27.131+0800][gc,marking  ] GC(106) Concurrent Preclean 0.077ms
[2025-02-25T17:50:27.131+0800][gc,start    ] GC(106) Pause Remark
[2025-02-25T17:50:27.151+0800][gc          ] GC(106) Pause Remark 80M->80M(512M) 20.035ms
[2025-02-25T17:50:27.152+0800][gc,cpu      ] GC(106) User=0.03s Sys=0.07s Real=0.02s
[2025-02-25T17:50:27.152+0800][gc,marking  ] GC(106) Concurrent Mark 54.660ms
[2025-02-25T17:50:27.152+0800][gc,marking  ] GC(106) Concurrent Rebuild Remembered Sets and Scrub Regions
[2025-02-25T17:50:27.161+0800][gc,marking  ] GC(106) Concurrent Rebuild Remembered Sets and Scrub Regions 9.127ms
[2025-02-25T17:50:27.161+0800][gc,start    ] GC(106) Pause Cleanup
[2025-02-25T17:50:27.161+0800][gc          ] GC(106) Pause Cleanup 80M->80M(512M) 0.046ms
[2025-02-25T17:50:27.161+0800][gc,cpu      ] GC(106) User=0.00s Sys=0.01s Real=0.00s
[2025-02-25T17:50:27.161+0800][gc,marking  ] GC(106) Concurrent Clear Claimed Marks
[2025-02-25T17:50:27.161+0800][gc,marking  ] GC(106) Concurrent Clear Claimed Marks 0.108ms
[2025-02-25T17:50:27.161+0800][gc,marking  ] GC(106) Concurrent Cleanup for Next Mark
[2025-02-25T17:50:27.162+0800][gc,marking  ] GC(106) Concurrent Cleanup for Next Mark 0.634ms
[2025-02-25T17:50:27.162+0800][gc          ] GC(106) Concurrent Mark Cycle 67.434ms
[2025-02-25T17:54:47.496+0800][gc,start    ] GC(107) Pause Young (Prepare Mixed) (G1 Evacuation Pause)
[2025-02-25T17:54:47.497+0800][gc,task     ] GC(107) Using 9 workers of 9 for evacuation
[2025-02-25T17:54:47.508+0800][gc,phases   ] GC(107)   Pre Evacuate Collection Set: 1.47ms
[2025-02-25T17:54:47.509+0800][gc,phases   ] GC(107)   Merge Heap Roots: 0.61ms
[2025-02-25T17:54:47.509+0800][gc,phases   ] GC(107)   Evacuate Collection Set: 7.62ms
[2025-02-25T17:54:47.509+0800][gc,phases   ] GC(107)   Post Evacuate Collection Set: 1.53ms
[2025-02-25T17:54:47.509+0800][gc,phases   ] GC(107)   Other: 0.22ms
[2025-02-25T17:54:47.509+0800][gc,heap     ] GC(107) Eden regions: 249->0(250)
[2025-02-25T17:54:47.509+0800][gc,heap     ] GC(107) Survivor regions: 7->6(32)
[2025-02-25T17:54:47.509+0800][gc,heap     ] GC(107) Old regions: 56->56
[2025-02-25T17:54:47.509+0800][gc,heap     ] GC(107) Humongous regions: 16->16
[2025-02-25T17:54:47.509+0800][gc,metaspace] GC(107) Metaspace: 84975K(85632K)->84975K(85632K) NonClass: 74855K(75200K)->74855K(75200K) Class: 10119K(10432K)->10119K(10432K)
[2025-02-25T17:54:47.509+0800][gc          ] GC(107) Pause Young (Prepare Mixed) (G1 Evacuation Pause) 327M->77M(512M) 12.798ms
[2025-02-25T17:54:47.509+0800][gc,cpu      ] GC(107) User=0.02s Sys=0.02s Real=0.01s
[2025-02-25T17:59:12.664+0800][gc,start    ] GC(108) Pause Young (Mixed) (G1 Evacuation Pause)
[2025-02-25T17:59:12.665+0800][gc,task     ] GC(108) Using 9 workers of 9 for evacuation
[2025-02-25T17:59:12.680+0800][gc,phases   ] GC(108)   Pre Evacuate Collection Set: 1.08ms
[2025-02-25T17:59:12.680+0800][gc,phases   ] GC(108)   Merge Heap Roots: 0.15ms
[2025-02-25T17:59:12.680+0800][gc,phases   ] GC(108)   Evacuate Collection Set: 12.58ms
[2025-02-25T17:59:12.680+0800][gc,phases   ] GC(108)   Post Evacuate Collection Set: 1.63ms
[2025-02-25T17:59:12.680+0800][gc,phases   ] GC(108)   Other: 0.24ms
[2025-02-25T17:59:12.680+0800][gc,heap     ] GC(108) Eden regions: 250->0(249)
[2025-02-25T17:59:12.680+0800][gc,heap     ] GC(108) Survivor regions: 6->7(32)
[2025-02-25T17:59:12.680+0800][gc,heap     ] GC(108) Old regions: 56->56
[2025-02-25T17:59:12.680+0800][gc,heap     ] GC(108) Humongous regions: 16->16
[2025-02-25T17:59:12.680+0800][gc,metaspace] GC(108) Metaspace: 84984K(85632K)->84984K(85632K) NonClass: 74864K(75200K)->74864K(75200K) Class: 10119K(10432K)->10119K(10432K)
[2025-02-25T17:59:12.681+0800][gc          ] GC(108) Pause Young (Mixed) (G1 Evacuation Pause) 327M->78M(512M) 17.008ms
[2025-02-25T17:59:12.681+0800][gc,cpu      ] GC(108) User=0.03s Sys=0.05s Real=0.02s
[2025-02-25T18:03:21.101+0800][gc,start    ] GC(109) Pause Young (Concurrent Start) (G1 Evacuation Pause)
[2025-02-25T18:03:21.102+0800][gc,task     ] GC(109) Using 9 workers of 9 for evacuation
[2025-02-25T18:03:21.113+0800][gc,phases   ] GC(109)   Pre Evacuate Collection Set: 1.46ms
[2025-02-25T18:03:21.113+0800][gc,phases   ] GC(109)   Merge Heap Roots: 0.31ms
[2025-02-25T18:03:21.113+0800][gc,phases   ] GC(109)   Evacuate Collection Set: 7.89ms
[2025-02-25T18:03:21.113+0800][gc,phases   ] GC(109)   Post Evacuate Collection Set: 1.15ms
[2025-02-25T18:03:21.113+0800][gc,phases   ] GC(109)   Other: 0.21ms
[2025-02-25T18:03:21.113+0800][gc,heap     ] GC(109) Eden regions: 249->0(248)
[2025-02-25T18:03:21.113+0800][gc,heap     ] GC(109) Survivor regions: 7->8(32)
[2025-02-25T18:03:21.113+0800][gc,heap     ] GC(109) Old regions: 56->56
[2025-02-25T18:03:21.113+0800][gc,heap     ] GC(109) Humongous regions: 16->16
[2025-02-25T18:03:21.113+0800][gc,metaspace] GC(109) Metaspace: 85087K(85760K)->85087K(85760K) NonClass: 74962K(75328K)->74962K(75328K) Class: 10125K(10432K)->10125K(10432K)
[2025-02-25T18:03:21.113+0800][gc          ] GC(109) Pause Young (Concurrent Start) (G1 Evacuation Pause) 327M->79M(512M) 12.148ms
[2025-02-25T18:03:21.113+0800][gc          ] GC(110) Concurrent Mark Cycle
[2025-02-25T18:03:21.113+0800][gc,marking  ] GC(110) Concurrent Scan Root Regions
[2025-02-25T18:03:21.113+0800][gc,cpu      ] GC(109) User=0.02s Sys=0.03s Real=0.01s
[2025-02-25T18:03:21.116+0800][gc,marking  ] GC(110) Concurrent Scan Root Regions 3.046ms
[2025-02-25T18:03:21.116+0800][gc,marking  ] GC(110) Concurrent Mark
[2025-02-25T18:03:21.116+0800][gc,marking  ] GC(110) Concurrent Mark From Roots
[2025-02-25T18:03:21.116+0800][gc,task     ] GC(110) Using 2 workers of 2 for marking
[2025-02-25T18:03:21.148+0800][gc,marking  ] GC(110) Concurrent Mark From Roots 31.566ms
[2025-02-25T18:03:21.148+0800][gc,marking  ] GC(110) Concurrent Preclean
[2025-02-25T18:03:21.148+0800][gc,marking  ] GC(110) Concurrent Preclean 0.060ms
[2025-02-25T18:03:21.148+0800][gc,start    ] GC(110) Pause Remark
[2025-02-25T18:03:21.152+0800][gc          ] GC(110) Pause Remark 80M->80M(512M) 4.464ms
[2025-02-25T18:03:21.153+0800][gc,cpu      ] GC(110) User=0.01s Sys=0.02s Real=0.01s
[2025-02-25T18:03:21.153+0800][gc,marking  ] GC(110) Concurrent Mark 36.429ms
[2025-02-25T18:03:21.153+0800][gc,marking  ] GC(110) Concurrent Rebuild Remembered Sets and Scrub Regions
[2025-02-25T18:03:21.163+0800][gc,marking  ] GC(110) Concurrent Rebuild Remembered Sets and Scrub Regions 9.886ms
[2025-02-25T18:03:21.163+0800][gc,start    ] GC(110) Pause Cleanup
[2025-02-25T18:03:21.163+0800][gc          ] GC(110) Pause Cleanup 80M->80M(512M) 0.019ms
[2025-02-25T18:03:21.163+0800][gc,cpu      ] GC(110) User=0.00s Sys=0.00s Real=0.00s
[2025-02-25T18:03:21.163+0800][gc,marking  ] GC(110) Concurrent Clear Claimed Marks
[2025-02-25T18:03:21.163+0800][gc,marking  ] GC(110) Concurrent Clear Claimed Marks 0.042ms
[2025-02-25T18:03:21.163+0800][gc,marking  ] GC(110) Concurrent Cleanup for Next Mark
[2025-02-25T18:03:21.163+0800][gc,marking  ] GC(110) Concurrent Cleanup for Next Mark 0.582ms
[2025-02-25T18:03:21.163+0800][gc          ] GC(110) Concurrent Mark Cycle 50.231ms
[2025-02-25T18:07:38.380+0800][gc,start    ] GC(111) Pause Young (Prepare Mixed) (G1 Evacuation Pause)
[2025-02-25T18:07:38.381+0800][gc,task     ] GC(111) Using 9 workers of 9 for evacuation
[2025-02-25T18:07:38.401+0800][gc,phases   ] GC(111)   Pre Evacuate Collection Set: 1.83ms
[2025-02-25T18:07:38.401+0800][gc,phases   ] GC(111)   Merge Heap Roots: 0.37ms
[2025-02-25T18:07:38.401+0800][gc,phases   ] GC(111)   Evacuate Collection Set: 15.84ms
[2025-02-25T18:07:38.401+0800][gc,phases   ] GC(111)   Post Evacuate Collection Set: 1.67ms
[2025-02-25T18:07:38.401+0800][gc,phases   ] GC(111)   Other: 0.22ms
[2025-02-25T18:07:38.401+0800][gc,heap     ] GC(111) Eden regions: 248->0(247)
[2025-02-25T18:07:38.401+0800][gc,heap     ] GC(111) Survivor regions: 8->9(32)
[2025-02-25T18:07:38.401+0800][gc,heap     ] GC(111) Old regions: 56->57
[2025-02-25T18:07:38.401+0800][gc,heap     ] GC(111) Humongous regions: 16->16
[2025-02-25T18:07:38.401+0800][gc,metaspace] GC(111) Metaspace: 85112K(85760K)->85112K(85760K) NonClass: 74987K(75328K)->74987K(75328K) Class: 10125K(10432K)->10125K(10432K)
[2025-02-25T18:07:38.401+0800][gc          ] GC(111) Pause Young (Prepare Mixed) (G1 Evacuation Pause) 327M->80M(512M) 21.669ms
[2025-02-25T18:07:38.401+0800][gc,cpu      ] GC(111) User=0.02s Sys=0.04s Real=0.03s
[2025-02-25T18:11:57.734+0800][gc,start    ] GC(112) Pause Young (Mixed) (G1 Evacuation Pause)
[2025-02-25T18:11:57.736+0800][gc,task     ] GC(112) Using 9 workers of 9 for evacuation
[2025-02-25T18:11:57.750+0800][gc,phases   ] GC(112)   Pre Evacuate Collection Set: 1.48ms
[2025-02-25T18:11:57.751+0800][gc,phases   ] GC(112)   Merge Heap Roots: 0.27ms
[2025-02-25T18:11:57.751+0800][gc,phases   ] GC(112)   Evacuate Collection Set: 11.65ms
[2025-02-25T18:11:57.751+0800][gc,phases   ] GC(112)   Post Evacuate Collection Set: 1.20ms
[2025-02-25T18:11:57.751+0800][gc,phases   ] GC(112)   Other: 0.21ms
[2025-02-25T18:11:57.751+0800][gc,heap     ] GC(112) Eden regions: 247->0(247)
[2025-02-25T18:11:57.751+0800][gc,heap     ] GC(112) Survivor regions: 9->9(32)
[2025-02-25T18:11:57.751+0800][gc,heap     ] GC(112) Old regions: 57->57
[2025-02-25T18:11:57.751+0800][gc,heap     ] GC(112) Humongous regions: 16->16
[2025-02-25T18:11:57.751+0800][gc,metaspace] GC(112) Metaspace: 85128K(85760K)->85128K(85760K) NonClass: 75003K(75328K)->75003K(75328K) Class: 10125K(10432K)->10125K(10432K)
[2025-02-25T18:11:57.751+0800][gc          ] GC(112) Pause Young (Mixed) (G1 Evacuation Pause) 327M->80M(512M) 16.379ms
[2025-02-25T18:11:57.751+0800][gc,cpu      ] GC(112) User=0.03s Sys=0.04s Real=0.02s
[2025-02-25T18:16:11.985+0800][gc,start    ] GC(113) Pause Young (Concurrent Start) (G1 Evacuation Pause)
[2025-02-25T18:16:11.986+0800][gc,task     ] GC(113) Using 9 workers of 9 for evacuation
[2025-02-25T18:16:11.997+0800][gc,phases   ] GC(113)   Pre Evacuate Collection Set: 1.66ms
[2025-02-25T18:16:11.997+0800][gc,phases   ] GC(113)   Merge Heap Roots: 0.23ms
[2025-02-25T18:16:11.998+0800][gc,phases   ] GC(113)   Evacuate Collection Set: 8.14ms
[2025-02-25T18:16:11.998+0800][gc,phases   ] GC(113)   Post Evacuate Collection Set: 1.56ms
[2025-02-25T18:16:11.998+0800][gc,phases   ] GC(113)   Other: 0.20ms
[2025-02-25T18:16:11.998+0800][gc,heap     ] GC(113) Eden regions: 247->0(248)
[2025-02-25T18:16:11.998+0800][gc,heap     ] GC(113) Survivor regions: 9->8(32)
[2025-02-25T18:16:11.998+0800][gc,heap     ] GC(113) Old regions: 57->57
[2025-02-25T18:16:11.998+0800][gc,heap     ] GC(113) Humongous regions: 16->16
[2025-02-25T18:16:11.998+0800][gc,metaspace] GC(113) Metaspace: 85140K(85760K)->85140K(85760K) NonClass: 75015K(75328K)->75015K(75328K) Class: 10125K(10432K)->10125K(10432K)
[2025-02-25T18:16:11.998+0800][gc          ] GC(113) Pause Young (Concurrent Start) (G1 Evacuation Pause) 327M->79M(512M) 12.980ms
[2025-02-25T18:16:11.998+0800][gc          ] GC(114) Concurrent Mark Cycle
[2025-02-25T18:16:11.998+0800][gc,marking  ] GC(114) Concurrent Scan Root Regions
[2025-02-25T18:16:11.998+0800][gc,cpu      ] GC(113) User=0.02s Sys=0.03s Real=0.01s
[2025-02-25T18:16:12.001+0800][gc,marking  ] GC(114) Concurrent Scan Root Regions 2.983ms
[2025-02-25T18:16:12.001+0800][gc,marking  ] GC(114) Concurrent Mark
[2025-02-25T18:16:12.001+0800][gc,marking  ] GC(114) Concurrent Mark From Roots
[2025-02-25T18:16:12.001+0800][gc,task     ] GC(114) Using 2 workers of 2 for marking
[2025-02-25T18:16:12.034+0800][gc,marking  ] GC(114) Concurrent Mark From Roots 33.745ms
[2025-02-25T18:16:12.035+0800][gc,marking  ] GC(114) Concurrent Preclean
[2025-02-25T18:16:12.035+0800][gc,marking  ] GC(114) Concurrent Preclean 0.074ms
[2025-02-25T18:16:12.035+0800][gc,start    ] GC(114) Pause Remark
[2025-02-25T18:16:12.048+0800][gc          ] GC(114) Pause Remark 81M->81M(512M) 13.392ms
[2025-02-25T18:16:12.048+0800][gc,cpu      ] GC(114) User=0.03s Sys=0.06s Real=0.01s
[2025-02-25T18:16:12.048+0800][gc,marking  ] GC(114) Concurrent Mark 47.596ms
[2025-02-25T18:16:12.048+0800][gc,marking  ] GC(114) Concurrent Rebuild Remembered Sets and Scrub Regions
[2025-02-25T18:16:12.058+0800][gc,marking  ] GC(114) Concurrent Rebuild Remembered Sets and Scrub Regions 9.662ms
[2025-02-25T18:16:12.058+0800][gc,start    ] GC(114) Pause Cleanup
[2025-02-25T18:16:12.058+0800][gc          ] GC(114) Pause Cleanup 81M->81M(512M) 0.032ms
[2025-02-25T18:16:12.058+0800][gc,cpu      ] GC(114) User=0.00s Sys=0.00s Real=0.00s
[2025-02-25T18:16:12.058+0800][gc,marking  ] GC(114) Concurrent Clear Claimed Marks
[2025-02-25T18:16:12.058+0800][gc,marking  ] GC(114) Concurrent Clear Claimed Marks 0.056ms
[2025-02-25T18:16:12.058+0800][gc,marking  ] GC(114) Concurrent Cleanup for Next Mark
[2025-02-25T18:16:12.059+0800][gc,marking  ] GC(114) Concurrent Cleanup for Next Mark 0.836ms
[2025-02-25T18:16:12.059+0800][gc          ] GC(114) Concurrent Mark Cycle 61.496ms
[2025-02-25T18:20:38.339+0800][gc,start    ] GC(115) Pause Young (Prepare Mixed) (G1 Evacuation Pause)
[2025-02-25T18:20:38.340+0800][gc,task     ] GC(115) Using 9 workers of 9 for evacuation
[2025-02-25T18:20:38.349+0800][gc,phases   ] GC(115)   Pre Evacuate Collection Set: 0.91ms
[2025-02-25T18:20:38.349+0800][gc,phases   ] GC(115)   Merge Heap Roots: 0.35ms
[2025-02-25T18:20:38.350+0800][gc,phases   ] GC(115)   Evacuate Collection Set: 7.16ms
[2025-02-25T18:20:38.350+0800][gc,phases   ] GC(115)   Post Evacuate Collection Set: 1.12ms
[2025-02-25T18:20:38.350+0800][gc,phases   ] GC(115)   Other: 0.15ms
[2025-02-25T18:20:38.350+0800][gc,heap     ] GC(115) Eden regions: 248->0(249)
[2025-02-25T18:20:38.350+0800][gc,heap     ] GC(115) Survivor regions: 8->7(32)
[2025-02-25T18:20:38.350+0800][gc,heap     ] GC(115) Old regions: 57->57
[2025-02-25T18:20:38.350+0800][gc,heap     ] GC(115) Humongous regions: 16->16
[2025-02-25T18:20:38.350+0800][gc,metaspace] GC(115) Metaspace: 85140K(85760K)->85140K(85760K) NonClass: 75015K(75328K)->75015K(75328K) Class: 10124K(10432K)->10124K(10432K)
[2025-02-25T18:20:38.350+0800][gc          ] GC(115) Pause Young (Prepare Mixed) (G1 Evacuation Pause) 327M->79M(512M) 10.844ms
[2025-02-25T18:20:38.350+0800][gc,cpu      ] GC(115) User=0.01s Sys=0.02s Real=0.02s
[2025-02-25T18:25:09.709+0800][gc,start    ] GC(116) Pause Young (Mixed) (G1 Evacuation Pause)
[2025-02-25T18:25:09.710+0800][gc,task     ] GC(116) Using 9 workers of 9 for evacuation
[2025-02-25T18:25:09.738+0800][gc,phases   ] GC(116)   Pre Evacuate Collection Set: 2.90ms
[2025-02-25T18:25:09.738+0800][gc,phases   ] GC(116)   Merge Heap Roots: 0.34ms
[2025-02-25T18:25:09.738+0800][gc,phases   ] GC(116)   Evacuate Collection Set: 22.13ms
[2025-02-25T18:25:09.738+0800][gc,phases   ] GC(116)   Post Evacuate Collection Set: 1.68ms
[2025-02-25T18:25:09.738+0800][gc,phases   ] GC(116)   Other: 0.28ms
[2025-02-25T18:25:09.738+0800][gc,heap     ] GC(116) Eden regions: 249->0(249)
[2025-02-25T18:25:09.738+0800][gc,heap     ] GC(116) Survivor regions: 7->7(32)
[2025-02-25T18:25:09.738+0800][gc,heap     ] GC(116) Old regions: 57->57
[2025-02-25T18:25:09.738+0800][gc,heap     ] GC(116) Humongous regions: 16->16
[2025-02-25T18:25:09.738+0800][gc,metaspace] GC(116) Metaspace: 85140K(85760K)->85140K(85760K) NonClass: 75015K(75328K)->75015K(75328K) Class: 10124K(10432K)->10124K(10432K)
[2025-02-25T18:25:09.738+0800][gc          ] GC(116) Pause Young (Mixed) (G1 Evacuation Pause) 328M->79M(512M) 28.669ms
[2025-02-25T18:25:09.738+0800][gc,cpu      ] GC(116) User=0.02s Sys=0.06s Real=0.03s
[2025-02-25T18:29:40.741+0800][gc,start    ] GC(117) Pause Young (Concurrent Start) (G1 Evacuation Pause)
[2025-02-25T18:29:40.741+0800][gc,task     ] GC(117) Using 9 workers of 9 for evacuation
[2025-02-25T18:29:40.753+0800][gc,phases   ] GC(117)   Pre Evacuate Collection Set: 1.42ms
[2025-02-25T18:29:40.754+0800][gc,phases   ] GC(117)   Merge Heap Roots: 0.12ms
[2025-02-25T18:29:40.754+0800][gc,phases   ] GC(117)   Evacuate Collection Set: 9.05ms
[2025-02-25T18:29:40.754+0800][gc,phases   ] GC(117)   Post Evacuate Collection Set: 1.12ms
[2025-02-25T18:29:40.754+0800][gc,phases   ] GC(117)   Other: 0.20ms
[2025-02-25T18:29:40.754+0800][gc,heap     ] GC(117) Eden regions: 249->0(250)
[2025-02-25T18:29:40.754+0800][gc,heap     ] GC(117) Survivor regions: 7->6(32)
[2025-02-25T18:29:40.754+0800][gc,heap     ] GC(117) Old regions: 57->57
[2025-02-25T18:29:40.754+0800][gc,heap     ] GC(117) Humongous regions: 16->16
[2025-02-25T18:29:40.754+0800][gc,metaspace] GC(117) Metaspace: 85145K(85760K)->85145K(85760K) NonClass: 75020K(75328K)->75020K(75328K) Class: 10124K(10432K)->10124K(10432K)
[2025-02-25T18:29:40.754+0800][gc          ] GC(117) Pause Young (Concurrent Start) (G1 Evacuation Pause) 328M->78M(512M) 13.121ms
[2025-02-25T18:29:40.754+0800][gc          ] GC(118) Concurrent Mark Cycle
[2025-02-25T18:29:40.754+0800][gc,marking  ] GC(118) Concurrent Scan Root Regions
[2025-02-25T18:29:40.754+0800][gc,cpu      ] GC(117) User=0.02s Sys=0.04s Real=0.01s
[2025-02-25T18:29:40.757+0800][gc,marking  ] GC(118) Concurrent Scan Root Regions 3.172ms
[2025-02-25T18:29:40.757+0800][gc,marking  ] GC(118) Concurrent Mark
[2025-02-25T18:29:40.757+0800][gc,marking  ] GC(118) Concurrent Mark From Roots
[2025-02-25T18:29:40.757+0800][gc,task     ] GC(118) Using 2 workers of 2 for marking
[2025-02-25T18:29:40.791+0800][gc,marking  ] GC(118) Concurrent Mark From Roots 34.208ms
[2025-02-25T18:29:40.791+0800][gc,marking  ] GC(118) Concurrent Preclean
[2025-02-25T18:29:40.791+0800][gc,marking  ] GC(118) Concurrent Preclean 0.089ms
[2025-02-25T18:29:40.791+0800][gc,start    ] GC(118) Pause Remark
[2025-02-25T18:29:40.813+0800][gc          ] GC(118) Pause Remark 78M->78M(512M) 21.497ms
[2025-02-25T18:29:40.813+0800][gc,cpu      ] GC(118) User=0.03s Sys=0.09s Real=0.02s
[2025-02-25T18:29:40.813+0800][gc,marking  ] GC(118) Concurrent Mark 56.210ms
[2025-02-25T18:29:40.813+0800][gc,marking  ] GC(118) Concurrent Rebuild Remembered Sets and Scrub Regions
[2025-02-25T18:29:40.822+0800][gc,marking  ] GC(118) Concurrent Rebuild Remembered Sets and Scrub Regions 9.178ms
[2025-02-25T18:29:40.823+0800][gc,start    ] GC(118) Pause Cleanup
[2025-02-25T18:29:40.823+0800][gc          ] GC(118) Pause Cleanup 78M->78M(512M) 0.029ms
[2025-02-25T18:29:40.823+0800][gc,cpu      ] GC(118) User=0.00s Sys=0.00s Real=0.00s
[2025-02-25T18:29:40.823+0800][gc,marking  ] GC(118) Concurrent Clear Claimed Marks
[2025-02-25T18:29:40.823+0800][gc,marking  ] GC(118) Concurrent Clear Claimed Marks 0.051ms
[2025-02-25T18:29:40.823+0800][gc,marking  ] GC(118) Concurrent Cleanup for Next Mark
[2025-02-25T18:29:40.823+0800][gc,marking  ] GC(118) Concurrent Cleanup for Next Mark 0.543ms
[2025-02-25T18:29:40.823+0800][gc          ] GC(118) Concurrent Mark Cycle 69.547ms
[2025-02-25T18:34:00.379+0800][gc,start    ] GC(119) Pause Young (Prepare Mixed) (G1 Evacuation Pause)
[2025-02-25T18:34:00.379+0800][gc,task     ] GC(119) Using 9 workers of 9 for evacuation
[2025-02-25T18:34:00.406+0800][gc,phases   ] GC(119)   Pre Evacuate Collection Set: 1.33ms
[2025-02-25T18:34:00.406+0800][gc,phases   ] GC(119)   Merge Heap Roots: 0.21ms
[2025-02-25T18:34:00.406+0800][gc,phases   ] GC(119)   Evacuate Collection Set: 23.36ms
[2025-02-25T18:34:00.406+0800][gc,phases   ] GC(119)   Post Evacuate Collection Set: 1.36ms
[2025-02-25T18:34:00.406+0800][gc,phases   ] GC(119)   Other: 0.16ms
[2025-02-25T18:34:00.406+0800][gc,heap     ] GC(119) Eden regions: 250->0(249)
[2025-02-25T18:34:00.406+0800][gc,heap     ] GC(119) Survivor regions: 6->7(32)
[2025-02-25T18:34:00.406+0800][gc,heap     ] GC(119) Old regions: 57->57
[2025-02-25T18:34:00.406+0800][gc,heap     ] GC(119) Humongous regions: 16->16
[2025-02-25T18:34:00.406+0800][gc,metaspace] GC(119) Metaspace: 85172K(85824K)->85172K(85824K) NonClass: 75049K(75392K)->75049K(75392K) Class: 10123K(10432K)->10123K(10432K)
[2025-02-25T18:34:00.406+0800][gc          ] GC(119) Pause Young (Prepare Mixed) (G1 Evacuation Pause) 328M->79M(512M) 27.441ms
[2025-02-25T18:34:00.406+0800][gc,cpu      ] GC(119) User=0.02s Sys=0.04s Real=0.03s
[2025-02-25T18:38:29.818+0800][gc,start    ] GC(120) Pause Young (Mixed) (G1 Evacuation Pause)
[2025-02-25T18:38:29.819+0800][gc,task     ] GC(120) Using 9 workers of 9 for evacuation
[2025-02-25T18:38:29.833+0800][gc,phases   ] GC(120)   Pre Evacuate Collection Set: 1.26ms
[2025-02-25T18:38:29.833+0800][gc,phases   ] GC(120)   Merge Heap Roots: 0.31ms
[2025-02-25T18:38:29.833+0800][gc,phases   ] GC(120)   Evacuate Collection Set: 11.08ms
[2025-02-25T18:38:29.833+0800][gc,phases   ] GC(120)   Post Evacuate Collection Set: 1.48ms
[2025-02-25T18:38:29.833+0800][gc,phases   ] GC(120)   Other: 0.21ms
[2025-02-25T18:38:29.833+0800][gc,heap     ] GC(120) Eden regions: 249->0(247)
[2025-02-25T18:38:29.833+0800][gc,heap     ] GC(120) Survivor regions: 7->9(32)
[2025-02-25T18:38:29.833+0800][gc,heap     ] GC(120) Old regions: 57->57
[2025-02-25T18:38:29.833+0800][gc,heap     ] GC(120) Humongous regions: 16->16
[2025-02-25T18:38:29.833+0800][gc,metaspace] GC(120) Metaspace: 85195K(85824K)->85195K(85824K) NonClass: 75072K(75392K)->75072K(75392K) Class: 10123K(10432K)->10123K(10432K)
[2025-02-25T18:38:29.834+0800][gc          ] GC(120) Pause Young (Mixed) (G1 Evacuation Pause) 328M->81M(512M) 15.615ms
[2025-02-25T18:38:29.834+0800][gc,cpu      ] GC(120) User=0.03s Sys=0.04s Real=0.02s
[2025-02-25T18:42:40.677+0800][gc,start    ] GC(121) Pause Young (Concurrent Start) (G1 Evacuation Pause)
[2025-02-25T18:42:40.678+0800][gc,task     ] GC(121) Using 9 workers of 9 for evacuation
[2025-02-25T18:42:40.690+0800][gc,phases   ] GC(121)   Pre Evacuate Collection Set: 1.22ms
[2025-02-25T18:42:40.690+0800][gc,phases   ] GC(121)   Merge Heap Roots: 0.18ms
[2025-02-25T18:42:40.690+0800][gc,phases   ] GC(121)   Evacuate Collection Set: 9.00ms
[2025-02-25T18:42:40.690+0800][gc,phases   ] GC(121)   Post Evacuate Collection Set: 1.26ms
[2025-02-25T18:42:40.690+0800][gc,phases   ] GC(121)   Other: 0.22ms
[2025-02-25T18:42:40.690+0800][gc,heap     ] GC(121) Eden regions: 247->0(247)
[2025-02-25T18:42:40.690+0800][gc,heap     ] GC(121) Survivor regions: 9->9(32)
[2025-02-25T18:42:40.690+0800][gc,heap     ] GC(121) Old regions: 57->57
[2025-02-25T18:42:40.690+0800][gc,heap     ] GC(121) Humongous regions: 16->16
[2025-02-25T18:42:40.690+0800][gc,metaspace] GC(121) Metaspace: 85211K(85888K)->85211K(85888K) NonClass: 75088K(75456K)->75088K(75456K) Class: 10123K(10432K)->10123K(10432K)
[2025-02-25T18:42:40.690+0800][gc          ] GC(121) Pause Young (Concurrent Start) (G1 Evacuation Pause) 328M->80M(512M) 13.134ms
[2025-02-25T18:42:40.690+0800][gc          ] GC(122) Concurrent Mark Cycle
[2025-02-25T18:42:40.690+0800][gc,marking  ] GC(122) Concurrent Scan Root Regions
[2025-02-25T18:42:40.691+0800][gc,cpu      ] GC(121) User=0.02s Sys=0.04s Real=0.02s
[2025-02-25T18:42:40.694+0800][gc,marking  ] GC(122) Concurrent Scan Root Regions 3.442ms
[2025-02-25T18:42:40.694+0800][gc,marking  ] GC(122) Concurrent Mark
[2025-02-25T18:42:40.694+0800][gc,marking  ] GC(122) Concurrent Mark From Roots
[2025-02-25T18:42:40.694+0800][gc,task     ] GC(122) Using 2 workers of 2 for marking
[2025-02-25T18:42:40.726+0800][gc,marking  ] GC(122) Concurrent Mark From Roots 31.974ms
[2025-02-25T18:42:40.726+0800][gc,marking  ] GC(122) Concurrent Preclean
[2025-02-25T18:42:40.726+0800][gc,marking  ] GC(122) Concurrent Preclean 0.072ms
[2025-02-25T18:42:40.726+0800][gc,start    ] GC(122) Pause Remark
[2025-02-25T18:42:40.750+0800][gc          ] GC(122) Pause Remark 81M->81M(512M) 23.919ms
[2025-02-25T18:42:40.750+0800][gc,cpu      ] GC(122) User=0.03s Sys=0.10s Real=0.03s
[2025-02-25T18:42:40.750+0800][gc,marking  ] GC(122) Concurrent Mark 56.447ms
[2025-02-25T18:42:40.750+0800][gc,marking  ] GC(122) Concurrent Rebuild Remembered Sets and Scrub Regions
[2025-02-25T18:42:40.759+0800][gc,marking  ] GC(122) Concurrent Rebuild Remembered Sets and Scrub Regions 8.875ms
[2025-02-25T18:42:40.759+0800][gc,start    ] GC(122) Pause Cleanup
[2025-02-25T18:42:40.759+0800][gc          ] GC(122) Pause Cleanup 81M->81M(512M) 0.028ms
[2025-02-25T18:42:40.759+0800][gc,cpu      ] GC(122) User=0.00s Sys=0.00s Real=0.00s
[2025-02-25T18:42:40.759+0800][gc,marking  ] GC(122) Concurrent Clear Claimed Marks
[2025-02-25T18:42:40.759+0800][gc,marking  ] GC(122) Concurrent Clear Claimed Marks 0.050ms
[2025-02-25T18:42:40.760+0800][gc,marking  ] GC(122) Concurrent Cleanup for Next Mark
[2025-02-25T18:42:40.760+0800][gc,marking  ] GC(122) Concurrent Cleanup for Next Mark 0.491ms
[2025-02-25T18:42:40.760+0800][gc          ] GC(122) Concurrent Mark Cycle 69.634ms
[2025-02-25T18:46:49.638+0800][gc,start    ] GC(123) Pause Young (Prepare Mixed) (G1 Evacuation Pause)
[2025-02-25T18:46:49.639+0800][gc,task     ] GC(123) Using 9 workers of 9 for evacuation
[2025-02-25T18:46:49.655+0800][gc,phases   ] GC(123)   Pre Evacuate Collection Set: 2.26ms
[2025-02-25T18:46:49.655+0800][gc,phases   ] GC(123)   Merge Heap Roots: 0.27ms
[2025-02-25T18:46:49.655+0800][gc,phases   ] GC(123)   Evacuate Collection Set: 11.32ms
[2025-02-25T18:46:49.655+0800][gc,phases   ] GC(123)   Post Evacuate Collection Set: 1.65ms
[2025-02-25T18:46:49.655+0800][gc,phases   ] GC(123)   Other: 0.25ms
[2025-02-25T18:46:49.655+0800][gc,heap     ] GC(123) Eden regions: 247->0(247)
[2025-02-25T18:46:49.655+0800][gc,heap     ] GC(123) Survivor regions: 9->9(32)
[2025-02-25T18:46:49.655+0800][gc,heap     ] GC(123) Old regions: 57->58
[2025-02-25T18:46:49.655+0800][gc,heap     ] GC(123) Humongous regions: 16->16
[2025-02-25T18:46:49.655+0800][gc,metaspace] GC(123) Metaspace: 85209K(85888K)->85209K(85888K) NonClass: 75086K(75456K)->75086K(75456K) Class: 10122K(10432K)->10122K(10432K)
[2025-02-25T18:46:49.655+0800][gc          ] GC(123) Pause Young (Prepare Mixed) (G1 Evacuation Pause) 327M->81M(512M) 17.195ms
[2025-02-25T18:46:49.656+0800][gc,cpu      ] GC(123) User=0.02s Sys=0.04s Real=0.02s
[2025-02-25T18:51:10.688+0800][gc,start    ] GC(124) Pause Young (Mixed) (G1 Evacuation Pause)
[2025-02-25T18:51:10.688+0800][gc,task     ] GC(124) Using 9 workers of 9 for evacuation
[2025-02-25T18:51:10.722+0800][gc,phases   ] GC(124)   Pre Evacuate Collection Set: 4.05ms
[2025-02-25T18:51:10.722+0800][gc,phases   ] GC(124)   Merge Heap Roots: 0.62ms
[2025-02-25T18:51:10.722+0800][gc,phases   ] GC(124)   Evacuate Collection Set: 26.76ms
[2025-02-25T18:51:10.722+0800][gc,phases   ] GC(124)   Post Evacuate Collection Set: 2.36ms
[2025-02-25T18:51:10.722+0800][gc,phases   ] GC(124)   Other: 0.19ms
[2025-02-25T18:51:10.723+0800][gc,heap     ] GC(124) Eden regions: 247->0(247)
[2025-02-25T18:51:10.723+0800][gc,heap     ] GC(124) Survivor regions: 9->9(32)
[2025-02-25T18:51:10.723+0800][gc,heap     ] GC(124) Old regions: 58->58
[2025-02-25T18:51:10.723+0800][gc,heap     ] GC(124) Humongous regions: 16->16
[2025-02-25T18:51:10.723+0800][gc,metaspace] GC(124) Metaspace: 85219K(85888K)->85219K(85888K) NonClass: 75096K(75456K)->75096K(75456K) Class: 10122K(10432K)->10122K(10432K)
[2025-02-25T18:51:10.723+0800][gc          ] GC(124) Pause Young (Mixed) (G1 Evacuation Pause) 328M->81M(512M) 34.797ms
[2025-02-25T18:51:10.723+0800][gc,cpu      ] GC(124) User=0.02s Sys=0.05s Real=0.04s
[2025-02-25T18:55:30.066+0800][gc,start    ] GC(125) Pause Young (Concurrent Start) (G1 Evacuation Pause)
[2025-02-25T18:55:30.067+0800][gc,task     ] GC(125) Using 9 workers of 9 for evacuation
[2025-02-25T18:55:30.091+0800][gc,phases   ] GC(125)   Pre Evacuate Collection Set: 1.77ms
[2025-02-25T18:55:30.091+0800][gc,phases   ] GC(125)   Merge Heap Roots: 0.30ms
[2025-02-25T18:55:30.091+0800][gc,phases   ] GC(125)   Evacuate Collection Set: 21.02ms
[2025-02-25T18:55:30.091+0800][gc,phases   ] GC(125)   Post Evacuate Collection Set: 1.14ms
[2025-02-25T18:55:30.091+0800][gc,phases   ] GC(125)   Other: 0.26ms
[2025-02-25T18:55:30.091+0800][gc,heap     ] GC(125) Eden regions: 247->0(247)
[2025-02-25T18:55:30.091+0800][gc,heap     ] GC(125) Survivor regions: 9->9(32)
[2025-02-25T18:55:30.091+0800][gc,heap     ] GC(125) Old regions: 58->58
[2025-02-25T18:55:30.091+0800][gc,heap     ] GC(125) Humongous regions: 16->16
[2025-02-25T18:55:30.091+0800][gc,metaspace] GC(125) Metaspace: 85241K(85888K)->85241K(85888K) NonClass: 75118K(75456K)->75118K(75456K) Class: 10123K(10432K)->10123K(10432K)
[2025-02-25T18:55:30.091+0800][gc          ] GC(125) Pause Young (Concurrent Start) (G1 Evacuation Pause) 328M->81M(512M) 25.222ms
[2025-02-25T18:55:30.092+0800][gc          ] GC(126) Concurrent Mark Cycle
[2025-02-25T18:55:30.092+0800][gc,marking  ] GC(126) Concurrent Scan Root Regions
[2025-02-25T18:55:30.092+0800][gc,cpu      ] GC(125) User=0.02s Sys=0.05s Real=0.03s
[2025-02-25T18:55:30.096+0800][gc,marking  ] GC(126) Concurrent Scan Root Regions 4.009ms
[2025-02-25T18:55:30.096+0800][gc,marking  ] GC(126) Concurrent Mark
[2025-02-25T18:55:30.096+0800][gc,marking  ] GC(126) Concurrent Mark From Roots
[2025-02-25T18:55:30.096+0800][gc,task     ] GC(126) Using 2 workers of 2 for marking
[2025-02-25T18:55:30.140+0800][gc,marking  ] GC(126) Concurrent Mark From Roots 43.978ms
[2025-02-25T18:55:30.140+0800][gc,marking  ] GC(126) Concurrent Preclean
[2025-02-25T18:55:30.140+0800][gc,marking  ] GC(126) Concurrent Preclean 0.086ms
[2025-02-25T18:55:30.140+0800][gc,start    ] GC(126) Pause Remark
[2025-02-25T18:55:30.155+0800][gc          ] GC(126) Pause Remark 82M->82M(512M) 14.997ms
[2025-02-25T18:55:30.155+0800][gc,cpu      ] GC(126) User=0.03s Sys=0.06s Real=0.01s
[2025-02-25T18:55:30.155+0800][gc,marking  ] GC(126) Concurrent Mark 59.406ms
[2025-02-25T18:55:30.155+0800][gc,marking  ] GC(126) Concurrent Rebuild Remembered Sets and Scrub Regions
[2025-02-25T18:55:30.164+0800][gc,marking  ] GC(126) Concurrent Rebuild Remembered Sets and Scrub Regions 9.194ms
[2025-02-25T18:55:30.164+0800][gc,start    ] GC(126) Pause Cleanup
[2025-02-25T18:55:30.164+0800][gc          ] GC(126) Pause Cleanup 82M->82M(512M) 0.024ms
[2025-02-25T18:55:30.164+0800][gc,cpu      ] GC(126) User=0.00s Sys=0.00s Real=0.00s
[2025-02-25T18:55:30.164+0800][gc,marking  ] GC(126) Concurrent Clear Claimed Marks
[2025-02-25T18:55:30.164+0800][gc,marking  ] GC(126) Concurrent Clear Claimed Marks 0.053ms
[2025-02-25T18:55:30.164+0800][gc,marking  ] GC(126) Concurrent Cleanup for Next Mark
[2025-02-25T18:55:30.165+0800][gc,marking  ] GC(126) Concurrent Cleanup for Next Mark 0.561ms
[2025-02-25T18:55:30.165+0800][gc          ] GC(126) Concurrent Mark Cycle 73.530ms
[2025-02-25T18:59:46.397+0800][gc,start    ] GC(127) Pause Young (Prepare Mixed) (G1 Evacuation Pause)
[2025-02-25T18:59:46.398+0800][gc,task     ] GC(127) Using 9 workers of 9 for evacuation
[2025-02-25T18:59:46.410+0800][gc,phases   ] GC(127)   Pre Evacuate Collection Set: 1.77ms
[2025-02-25T18:59:46.410+0800][gc,phases   ] GC(127)   Merge Heap Roots: 0.39ms
[2025-02-25T18:59:46.410+0800][gc,phases   ] GC(127)   Evacuate Collection Set: 8.76ms
[2025-02-25T18:59:46.410+0800][gc,phases   ] GC(127)   Post Evacuate Collection Set: 1.15ms
[2025-02-25T18:59:46.410+0800][gc,phases   ] GC(127)   Other: 0.22ms
[2025-02-25T18:59:46.410+0800][gc,heap     ] GC(127) Eden regions: 247->0(247)
[2025-02-25T18:59:46.410+0800][gc,heap     ] GC(127) Survivor regions: 9->9(32)
[2025-02-25T18:59:46.410+0800][gc,heap     ] GC(127) Old regions: 58->58
[2025-02-25T18:59:46.410+0800][gc,heap     ] GC(127) Humongous regions: 16->16
[2025-02-25T18:59:46.410+0800][gc,metaspace] GC(127) Metaspace: 85224K(85888K)->85224K(85888K) NonClass: 75107K(75456K)->75107K(75456K) Class: 10117K(10432K)->10117K(10432K)
[2025-02-25T18:59:46.410+0800][gc          ] GC(127) Pause Young (Prepare Mixed) (G1 Evacuation Pause) 328M->81M(512M) 13.564ms
[2025-02-25T18:59:46.410+0800][gc,cpu      ] GC(127) User=0.02s Sys=0.04s Real=0.02s
[2025-02-25T19:03:58.676+0800][gc,start    ] GC(128) Pause Young (Mixed) (G1 Evacuation Pause)
[2025-02-25T19:03:58.677+0800][gc,task     ] GC(128) Using 9 workers of 9 for evacuation
[2025-02-25T19:03:58.693+0800][gc,phases   ] GC(128)   Pre Evacuate Collection Set: 1.81ms
[2025-02-25T19:03:58.693+0800][gc,phases   ] GC(128)   Merge Heap Roots: 0.21ms
[2025-02-25T19:03:58.693+0800][gc,phases   ] GC(128)   Evacuate Collection Set: 12.73ms
[2025-02-25T19:03:58.693+0800][gc,phases   ] GC(128)   Post Evacuate Collection Set: 1.24ms
[2025-02-25T19:03:58.693+0800][gc,phases   ] GC(128)   Other: 0.19ms
[2025-02-25T19:03:58.693+0800][gc,heap     ] GC(128) Eden regions: 247->0(248)
[2025-02-25T19:03:58.693+0800][gc,heap     ] GC(128) Survivor regions: 9->8(32)
[2025-02-25T19:03:58.693+0800][gc,heap     ] GC(128) Old regions: 58->58
[2025-02-25T19:03:58.693+0800][gc,heap     ] GC(128) Humongous regions: 16->16
[2025-02-25T19:03:58.693+0800][gc,metaspace] GC(128) Metaspace: 85233K(85888K)->85233K(85888K) NonClass: 75115K(75456K)->75115K(75456K) Class: 10118K(10432K)->10118K(10432K)
[2025-02-25T19:03:58.693+0800][gc          ] GC(128) Pause Young (Mixed) (G1 Evacuation Pause) 328M->81M(512M) 16.999ms
[2025-02-25T19:03:58.693+0800][gc,cpu      ] GC(128) User=0.02s Sys=0.04s Real=0.02s
[2025-02-25T19:04:48.751+0800][gc,heap,exit] Heap
[2025-02-25T19:04:48.751+0800][gc,heap,exit]  garbage-first heap   total reserved 524288K, committed 524288K, used 148620K [0x00000007e0000000, 0x0000000800000000)
[2025-02-25T19:04:48.751+0800][gc,heap,exit]   region size 1024K, 72 young (73728K), 8 survivors (8192K)
[2025-02-25T19:04:48.751+0800][gc,heap,exit]  Metaspace       used 85460K, committed 86080K, reserved 1179648K
[2025-02-25T19:04:48.751+0800][gc,heap,exit]   class space    used 10161K, committed 10496K, reserved 1048576K
