[2025-02-20T19:51:54.930+0800][gc,init] CardTable entry size: 512
[2025-02-20T19:51:54.930+0800][gc     ] Using G1
[2025-02-20T19:51:54.931+0800][gc,init] Version: 23.0.2+7-58 (release)
[2025-02-20T19:51:54.931+0800][gc,init] CPUs: 10 total, 10 available
[2025-02-20T19:51:54.931+0800][gc,init] Memory: 16384M
[2025-02-20T19:51:54.931+0800][gc,init] Large Page Support: Disabled
[2025-02-20T19:51:54.931+0800][gc,init] NUMA Support: Disabled
[2025-02-20T19:51:54.931+0800][gc,init] Compressed Oops: Enabled (Zero based)
[2025-02-20T19:51:54.931+0800][gc,init] Heap Region Size: 1M
[2025-02-20T19:51:54.931+0800][gc,init] Heap Min Capacity: 512M
[2025-02-20T19:51:54.931+0800][gc,init] Heap Initial Capacity: 512M
[2025-02-20T19:51:54.931+0800][gc,init] Heap Max Capacity: 512M
[2025-02-20T19:51:54.931+0800][gc,init] Pre-touch: Disabled
[2025-02-20T19:51:54.931+0800][gc,init] Parallel Workers: 9
[2025-02-20T19:51:54.931+0800][gc,init] Concurrent Workers: 2
[2025-02-20T19:51:54.931+0800][gc,init] Concurrent Refinement Workers: 9
[2025-02-20T19:51:54.931+0800][gc,init] Periodic GC: Disabled
[2025-02-20T19:51:54.933+0800][gc,metaspace] CDS archive(s) mapped at: [0x0000010000000000-0x0000010000d94000-0x0000010000d94000), size 14237696, SharedBaseAddress: 0x0000010000000000, ArchiveRelocationMode: 1.
[2025-02-20T19:51:54.933+0800][gc,metaspace] Compressed class space mapped at: 0x0000010001000000-0x0000010041000000, reserved size: 1073741824
[2025-02-20T19:51:54.933+0800][gc,metaspace] Narrow klass base: 0x0000010000000000, Narrow klass shift: 0, Narrow klass range: 0x100000000
[2025-02-20T19:51:55.381+0800][gc,start    ] GC(0) Pause Young (Normal) (G1 Evacuation Pause)
[2025-02-20T19:51:55.381+0800][gc,task     ] GC(0) Using 9 workers of 9 for evacuation
[2025-02-20T19:51:55.383+0800][gc,phases   ] GC(0)   Pre Evacuate Collection Set: 0.07ms
[2025-02-20T19:51:55.383+0800][gc,phases   ] GC(0)   Merge Heap Roots: 0.07ms
[2025-02-20T19:51:55.383+0800][gc,phases   ] GC(0)   Evacuate Collection Set: 1.65ms
[2025-02-20T19:51:55.383+0800][gc,phases   ] GC(0)   Post Evacuate Collection Set: 0.25ms
[2025-02-20T19:51:55.383+0800][gc,phases   ] GC(0)   Other: 0.21ms
[2025-02-20T19:51:55.383+0800][gc,heap     ] GC(0) Eden regions: 256->0(249)
[2025-02-20T19:51:55.383+0800][gc,heap     ] GC(0) Survivor regions: 0->7(32)
[2025-02-20T19:51:55.383+0800][gc,heap     ] GC(0) Old regions: 2->2
[2025-02-20T19:51:55.383+0800][gc,heap     ] GC(0) Humongous regions: 3->0
[2025-02-20T19:51:55.383+0800][gc,metaspace] GC(0) Metaspace: 11560K(11840K)->11560K(11840K) NonClass: 10151K(10304K)->10151K(10304K) Class: 1409K(1536K)->1409K(1536K)
[2025-02-20T19:51:55.383+0800][gc          ] GC(0) Pause Young (Normal) (G1 Evacuation Pause) 260M->7M(512M) 2.369ms
[2025-02-20T19:51:55.383+0800][gc,cpu      ] GC(0) User=0.02s Sys=0.00s Real=0.00s
[2025-02-20T19:51:55.643+0800][gc,start    ] GC(1) Pause Young (Normal) (G1 Evacuation Pause)
[2025-02-20T19:51:55.643+0800][gc,task     ] GC(1) Using 9 workers of 9 for evacuation
[2025-02-20T19:51:55.647+0800][gc,phases   ] GC(1)   Pre Evacuate Collection Set: 0.10ms
[2025-02-20T19:51:55.647+0800][gc,phases   ] GC(1)   Merge Heap Roots: 0.04ms
[2025-02-20T19:51:55.647+0800][gc,phases   ] GC(1)   Evacuate Collection Set: 3.13ms
[2025-02-20T19:51:55.647+0800][gc,phases   ] GC(1)   Post Evacuate Collection Set: 0.37ms
[2025-02-20T19:51:55.647+0800][gc,phases   ] GC(1)   Other: 0.04ms
[2025-02-20T19:51:55.647+0800][gc,heap     ] GC(1) Eden regions: 249->0(243)
[2025-02-20T19:51:55.647+0800][gc,heap     ] GC(1) Survivor regions: 7->13(32)
[2025-02-20T19:51:55.647+0800][gc,heap     ] GC(1) Old regions: 2->2
[2025-02-20T19:51:55.647+0800][gc,heap     ] GC(1) Humongous regions: 0->0
[2025-02-20T19:51:55.647+0800][gc,metaspace] GC(1) Metaspace: 18935K(19200K)->18935K(19200K) NonClass: 16639K(16768K)->16639K(16768K) Class: 2295K(2432K)->2295K(2432K)
[2025-02-20T19:51:55.647+0800][gc          ] GC(1) Pause Young (Normal) (G1 Evacuation Pause) 256M->13M(512M) 3.797ms
[2025-02-20T19:51:55.647+0800][gc,cpu      ] GC(1) User=0.03s Sys=0.00s Real=0.00s
[2025-02-20T19:51:55.842+0800][gc,start    ] GC(2) Pause Young (Normal) (G1 Evacuation Pause)
[2025-02-20T19:51:55.842+0800][gc,task     ] GC(2) Using 9 workers of 9 for evacuation
[2025-02-20T19:51:55.845+0800][gc,phases   ] GC(2)   Pre Evacuate Collection Set: 0.09ms
[2025-02-20T19:51:55.845+0800][gc,phases   ] GC(2)   Merge Heap Roots: 0.06ms
[2025-02-20T19:51:55.845+0800][gc,phases   ] GC(2)   Evacuate Collection Set: 2.55ms
[2025-02-20T19:51:55.845+0800][gc,phases   ] GC(2)   Post Evacuate Collection Set: 0.28ms
[2025-02-20T19:51:55.845+0800][gc,phases   ] GC(2)   Other: 0.04ms
[2025-02-20T19:51:55.845+0800][gc,heap     ] GC(2) Eden regions: 243->0(239)
[2025-02-20T19:51:55.845+0800][gc,heap     ] GC(2) Survivor regions: 13->17(32)
[2025-02-20T19:51:55.845+0800][gc,heap     ] GC(2) Old regions: 2->2
[2025-02-20T19:51:55.845+0800][gc,heap     ] GC(2) Humongous regions: 0->0
[2025-02-20T19:51:55.845+0800][gc,metaspace] GC(2) Metaspace: 20079K(20352K)->20079K(20352K) NonClass: 17659K(17792K)->17659K(17792K) Class: 2419K(2560K)->2419K(2560K)
[2025-02-20T19:51:55.845+0800][gc          ] GC(2) Pause Young (Normal) (G1 Evacuation Pause) 256M->17M(512M) 3.109ms
[2025-02-20T19:51:55.845+0800][gc,cpu      ] GC(2) User=0.02s Sys=0.00s Real=0.00s
[2025-02-20T19:51:55.886+0800][gc,start    ] GC(3) Pause Young (Concurrent Start) (Metadata GC Threshold)
[2025-02-20T19:51:55.886+0800][gc,task     ] GC(3) Using 9 workers of 9 for evacuation
[2025-02-20T19:51:55.889+0800][gc,phases   ] GC(3)   Pre Evacuate Collection Set: 0.08ms
[2025-02-20T19:51:55.889+0800][gc,phases   ] GC(3)   Merge Heap Roots: 0.04ms
[2025-02-20T19:51:55.889+0800][gc,phases   ] GC(3)   Evacuate Collection Set: 2.00ms
[2025-02-20T19:51:55.889+0800][gc,phases   ] GC(3)   Post Evacuate Collection Set: 0.28ms
[2025-02-20T19:51:55.889+0800][gc,phases   ] GC(3)   Other: 0.04ms
[2025-02-20T19:51:55.889+0800][gc,heap     ] GC(3) Eden regions: 33->0(237)
[2025-02-20T19:51:55.889+0800][gc,heap     ] GC(3) Survivor regions: 17->19(32)
[2025-02-20T19:51:55.889+0800][gc,heap     ] GC(3) Old regions: 2->2
[2025-02-20T19:51:55.889+0800][gc,heap     ] GC(3) Humongous regions: 0->0
[2025-02-20T19:51:55.889+0800][gc,metaspace] GC(3) Metaspace: 21247K(21504K)->21247K(21504K) NonClass: 18695K(18816K)->18695K(18816K) Class: 2552K(2688K)->2552K(2688K)
[2025-02-20T19:51:55.889+0800][gc          ] GC(3) Pause Young (Concurrent Start) (Metadata GC Threshold) 49M->19M(512M) 2.528ms
[2025-02-20T19:51:55.889+0800][gc,cpu      ] GC(3) User=0.03s Sys=0.00s Real=0.00s
[2025-02-20T19:51:55.889+0800][gc          ] GC(4) Concurrent Mark Cycle
[2025-02-20T19:51:55.889+0800][gc,marking  ] GC(4) Concurrent Scan Root Regions
[2025-02-20T19:51:55.891+0800][gc,marking  ] GC(4) Concurrent Scan Root Regions 1.953ms
[2025-02-20T19:51:55.891+0800][gc,marking  ] GC(4) Concurrent Mark
[2025-02-20T19:51:55.891+0800][gc,marking  ] GC(4) Concurrent Mark From Roots
[2025-02-20T19:51:55.891+0800][gc,task     ] GC(4) Using 2 workers of 2 for marking
[2025-02-20T19:51:55.892+0800][gc,marking  ] GC(4) Concurrent Mark From Roots 0.768ms
[2025-02-20T19:51:55.892+0800][gc,marking  ] GC(4) Concurrent Preclean
[2025-02-20T19:51:55.892+0800][gc,marking  ] GC(4) Concurrent Preclean 0.005ms
[2025-02-20T19:51:55.892+0800][gc,start    ] GC(4) Pause Remark
[2025-02-20T19:51:55.893+0800][gc          ] GC(4) Pause Remark 21M->21M(512M) 0.867ms
[2025-02-20T19:51:55.893+0800][gc,cpu      ] GC(4) User=0.00s Sys=0.00s Real=0.00s
[2025-02-20T19:51:55.893+0800][gc,marking  ] GC(4) Concurrent Mark 1.718ms
[2025-02-20T19:51:55.893+0800][gc,marking  ] GC(4) Concurrent Rebuild Remembered Sets and Scrub Regions
[2025-02-20T19:51:55.893+0800][gc,marking  ] GC(4) Concurrent Rebuild Remembered Sets and Scrub Regions 0.226ms
[2025-02-20T19:51:55.893+0800][gc,start    ] GC(4) Pause Cleanup
[2025-02-20T19:51:55.893+0800][gc          ] GC(4) Pause Cleanup 21M->21M(512M) 0.007ms
[2025-02-20T19:51:55.893+0800][gc,cpu      ] GC(4) User=0.00s Sys=0.00s Real=0.00s
[2025-02-20T19:51:55.893+0800][gc,marking  ] GC(4) Concurrent Clear Claimed Marks
[2025-02-20T19:51:55.893+0800][gc,marking  ] GC(4) Concurrent Clear Claimed Marks 0.022ms
[2025-02-20T19:51:55.893+0800][gc,marking  ] GC(4) Concurrent Cleanup for Next Mark
[2025-02-20T19:51:55.893+0800][gc,marking  ] GC(4) Concurrent Cleanup for Next Mark 0.442ms
[2025-02-20T19:51:55.893+0800][gc          ] GC(4) Concurrent Mark Cycle 4.454ms
[2025-02-20T19:51:56.196+0800][gc,start    ] GC(5) Pause Young (Prepare Mixed) (G1 Evacuation Pause)
[2025-02-20T19:51:56.196+0800][gc,task     ] GC(5) Using 9 workers of 9 for evacuation
[2025-02-20T19:51:56.199+0800][gc,phases   ] GC(5)   Pre Evacuate Collection Set: 0.10ms
[2025-02-20T19:51:56.199+0800][gc,phases   ] GC(5)   Merge Heap Roots: 0.06ms
[2025-02-20T19:51:56.199+0800][gc,phases   ] GC(5)   Evacuate Collection Set: 2.87ms
[2025-02-20T19:51:56.199+0800][gc,phases   ] GC(5)   Post Evacuate Collection Set: 0.39ms
[2025-02-20T19:51:56.199+0800][gc,phases   ] GC(5)   Other: 0.04ms
[2025-02-20T19:51:56.199+0800][gc,heap     ] GC(5) Eden regions: 237->0(241)
[2025-02-20T19:51:56.199+0800][gc,heap     ] GC(5) Survivor regions: 19->15(32)
[2025-02-20T19:51:56.199+0800][gc,heap     ] GC(5) Old regions: 2->8
[2025-02-20T19:51:56.199+0800][gc,heap     ] GC(5) Humongous regions: 0->0
[2025-02-20T19:51:56.199+0800][gc,metaspace] GC(5) Metaspace: 26175K(26432K)->26175K(26432K) NonClass: 22960K(23104K)->22960K(23104K) Class: 3215K(3328K)->3215K(3328K)
[2025-02-20T19:51:56.199+0800][gc          ] GC(5) Pause Young (Prepare Mixed) (G1 Evacuation Pause) 256M->21M(512M) 3.551ms
[2025-02-20T19:51:56.199+0800][gc,cpu      ] GC(5) User=0.03s Sys=0.01s Real=0.00s
[2025-02-20T19:51:56.598+0800][gc,start    ] GC(6) Pause Young (Mixed) (Metadata GC Threshold)
[2025-02-20T19:51:56.598+0800][gc,task     ] GC(6) Using 9 workers of 9 for evacuation
[2025-02-20T19:51:56.600+0800][gc,phases   ] GC(6)   Pre Evacuate Collection Set: 0.10ms
[2025-02-20T19:51:56.600+0800][gc,phases   ] GC(6)   Merge Heap Roots: 0.06ms
[2025-02-20T19:51:56.600+0800][gc,phases   ] GC(6)   Evacuate Collection Set: 2.33ms
[2025-02-20T19:51:56.600+0800][gc,phases   ] GC(6)   Post Evacuate Collection Set: 0.27ms
[2025-02-20T19:51:56.600+0800][gc,phases   ] GC(6)   Other: 0.03ms
[2025-02-20T19:51:56.600+0800][gc,heap     ] GC(6) Eden regions: 226->0(237)
[2025-02-20T19:51:56.600+0800][gc,heap     ] GC(6) Survivor regions: 15->19(32)
[2025-02-20T19:51:56.601+0800][gc,heap     ] GC(6) Old regions: 8->8
[2025-02-20T19:51:56.601+0800][gc,heap     ] GC(6) Humongous regions: 0->0
[2025-02-20T19:51:56.601+0800][gc,metaspace] GC(6) Metaspace: 35646K(35968K)->35646K(35968K) NonClass: 31266K(31424K)->31266K(31424K) Class: 4379K(4544K)->4379K(4544K)
[2025-02-20T19:51:56.601+0800][gc          ] GC(6) Pause Young (Mixed) (Metadata GC Threshold) 247M->26M(512M) 2.907ms
[2025-02-20T19:51:56.601+0800][gc,cpu      ] GC(6) User=0.03s Sys=0.00s Real=0.01s
[2025-02-20T19:51:56.610+0800][gc,start    ] GC(7) Pause Young (Concurrent Start) (Metadata GC Threshold)
[2025-02-20T19:51:56.610+0800][gc,task     ] GC(7) Using 9 workers of 9 for evacuation
[2025-02-20T19:51:56.613+0800][gc,phases   ] GC(7)   Pre Evacuate Collection Set: 0.12ms
[2025-02-20T19:51:56.613+0800][gc,phases   ] GC(7)   Merge Heap Roots: 0.03ms
[2025-02-20T19:51:56.613+0800][gc,phases   ] GC(7)   Evacuate Collection Set: 2.53ms
[2025-02-20T19:51:56.613+0800][gc,phases   ] GC(7)   Post Evacuate Collection Set: 0.20ms
[2025-02-20T19:51:56.613+0800][gc,phases   ] GC(7)   Other: 0.03ms
[2025-02-20T19:51:56.613+0800][gc,heap     ] GC(7) Eden regions: 5->0(241)
[2025-02-20T19:51:56.613+0800][gc,heap     ] GC(7) Survivor regions: 19->15(32)
[2025-02-20T19:51:56.613+0800][gc,heap     ] GC(7) Old regions: 8->13
[2025-02-20T19:51:56.613+0800][gc,heap     ] GC(7) Humongous regions: 0->0
[2025-02-20T19:51:56.613+0800][gc,metaspace] GC(7) Metaspace: 35970K(36288K)->35970K(36288K) NonClass: 31537K(31680K)->31537K(31680K) Class: 4433K(4608K)->4433K(4608K)
[2025-02-20T19:51:56.613+0800][gc          ] GC(7) Pause Young (Concurrent Start) (Metadata GC Threshold) 30M->27M(512M) 3.009ms
[2025-02-20T19:51:56.613+0800][gc          ] GC(8) Concurrent Mark Cycle
[2025-02-20T19:51:56.613+0800][gc,cpu      ] GC(7) User=0.02s Sys=0.00s Real=0.00s
[2025-02-20T19:51:56.613+0800][gc,marking  ] GC(8) Concurrent Scan Root Regions
[2025-02-20T19:51:56.616+0800][gc,marking  ] GC(8) Concurrent Scan Root Regions 2.438ms
[2025-02-20T19:51:56.616+0800][gc,marking  ] GC(8) Concurrent Mark
[2025-02-20T19:51:56.616+0800][gc,marking  ] GC(8) Concurrent Mark From Roots
[2025-02-20T19:51:56.616+0800][gc,task     ] GC(8) Using 2 workers of 2 for marking
[2025-02-20T19:51:56.618+0800][gc,marking  ] GC(8) Concurrent Mark From Roots 2.269ms
[2025-02-20T19:51:56.618+0800][gc,marking  ] GC(8) Concurrent Preclean
[2025-02-20T19:51:56.618+0800][gc,marking  ] GC(8) Concurrent Preclean 0.014ms
[2025-02-20T19:51:56.618+0800][gc,start    ] GC(8) Pause Remark
[2025-02-20T19:51:56.620+0800][gc          ] GC(8) Pause Remark 29M->29M(512M) 1.599ms
[2025-02-20T19:51:56.620+0800][gc,cpu      ] GC(8) User=0.01s Sys=0.00s Real=0.01s
[2025-02-20T19:51:56.620+0800][gc,marking  ] GC(8) Concurrent Mark 3.978ms
[2025-02-20T19:51:56.620+0800][gc,marking  ] GC(8) Concurrent Rebuild Remembered Sets and Scrub Regions
[2025-02-20T19:51:56.622+0800][gc,marking  ] GC(8) Concurrent Rebuild Remembered Sets and Scrub Regions 2.261ms
[2025-02-20T19:51:56.622+0800][gc,start    ] GC(8) Pause Cleanup
[2025-02-20T19:51:56.622+0800][gc          ] GC(8) Pause Cleanup 30M->30M(512M) 0.014ms
[2025-02-20T19:51:56.622+0800][gc,cpu      ] GC(8) User=0.00s Sys=0.00s Real=0.00s
[2025-02-20T19:51:56.622+0800][gc,marking  ] GC(8) Concurrent Clear Claimed Marks
[2025-02-20T19:51:56.622+0800][gc,marking  ] GC(8) Concurrent Clear Claimed Marks 0.035ms
[2025-02-20T19:51:56.622+0800][gc,marking  ] GC(8) Concurrent Cleanup for Next Mark
[2025-02-20T19:51:56.623+0800][gc,marking  ] GC(8) Concurrent Cleanup for Next Mark 0.437ms
[2025-02-20T19:51:56.623+0800][gc          ] GC(8) Concurrent Mark Cycle 9.307ms
[2025-02-20T19:51:57.091+0800][gc,start    ] GC(9) Pause Young (Prepare Mixed) (G1 Evacuation Pause)
[2025-02-20T19:51:57.091+0800][gc,task     ] GC(9) Using 9 workers of 9 for evacuation
[2025-02-20T19:51:57.095+0800][gc,phases   ] GC(9)   Pre Evacuate Collection Set: 0.09ms
[2025-02-20T19:51:57.095+0800][gc,phases   ] GC(9)   Merge Heap Roots: 0.06ms
[2025-02-20T19:51:57.095+0800][gc,phases   ] GC(9)   Evacuate Collection Set: 3.30ms
[2025-02-20T19:51:57.095+0800][gc,phases   ] GC(9)   Post Evacuate Collection Set: 0.39ms
[2025-02-20T19:51:57.095+0800][gc,phases   ] GC(9)   Other: 0.04ms
[2025-02-20T19:51:57.095+0800][gc,heap     ] GC(9) Eden regions: 241->0(232)
[2025-02-20T19:51:57.095+0800][gc,heap     ] GC(9) Survivor regions: 15->24(32)
[2025-02-20T19:51:57.095+0800][gc,heap     ] GC(9) Old regions: 13->13
[2025-02-20T19:51:57.095+0800][gc,heap     ] GC(9) Humongous regions: 0->0
[2025-02-20T19:51:57.095+0800][gc,metaspace] GC(9) Metaspace: 48202K(48640K)->48202K(48640K) NonClass: 42180K(42432K)->42180K(42432K) Class: 6021K(6208K)->6021K(6208K)
[2025-02-20T19:51:57.095+0800][gc          ] GC(9) Pause Young (Prepare Mixed) (G1 Evacuation Pause) 268M->36M(512M) 3.980ms
[2025-02-20T19:51:57.095+0800][gc,cpu      ] GC(9) User=0.03s Sys=0.00s Real=0.00s
[2025-02-20T19:51:58.445+0800][gc,start    ] GC(10) Pause Young (Mixed) (G1 Evacuation Pause)
[2025-02-20T19:51:58.445+0800][gc,task     ] GC(10) Using 9 workers of 9 for evacuation
[2025-02-20T19:51:58.450+0800][gc,phases   ] GC(10)   Pre Evacuate Collection Set: 0.09ms
[2025-02-20T19:51:58.450+0800][gc,phases   ] GC(10)   Merge Heap Roots: 0.06ms
[2025-02-20T19:51:58.450+0800][gc,phases   ] GC(10)   Evacuate Collection Set: 4.48ms
[2025-02-20T19:51:58.450+0800][gc,phases   ] GC(10)   Post Evacuate Collection Set: 0.48ms
[2025-02-20T19:51:58.450+0800][gc,phases   ] GC(10)   Other: 0.04ms
[2025-02-20T19:51:58.450+0800][gc,heap     ] GC(10) Eden regions: 232->0(235)
[2025-02-20T19:51:58.450+0800][gc,heap     ] GC(10) Survivor regions: 24->21(32)
[2025-02-20T19:51:58.450+0800][gc,heap     ] GC(10) Old regions: 13->20
[2025-02-20T19:51:58.450+0800][gc,heap     ] GC(10) Humongous regions: 0->0
[2025-02-20T19:51:58.450+0800][gc,metaspace] GC(10) Metaspace: 59910K(60416K)->59910K(60416K) NonClass: 52469K(52736K)->52469K(52736K) Class: 7440K(7680K)->7440K(7680K)
[2025-02-20T19:51:58.450+0800][gc          ] GC(10) Pause Young (Mixed) (G1 Evacuation Pause) 268M->40M(512M) 5.251ms
[2025-02-20T19:51:58.450+0800][gc,cpu      ] GC(10) User=0.03s Sys=0.01s Real=0.01s
[2025-02-20T19:51:58.453+0800][gc,start    ] GC(11) Pause Young (Concurrent Start) (Metadata GC Threshold)
[2025-02-20T19:51:58.453+0800][gc,task     ] GC(11) Using 9 workers of 9 for evacuation
[2025-02-20T19:51:58.456+0800][gc,phases   ] GC(11)   Pre Evacuate Collection Set: 0.10ms
[2025-02-20T19:51:58.456+0800][gc,phases   ] GC(11)   Merge Heap Roots: 0.04ms
[2025-02-20T19:51:58.456+0800][gc,phases   ] GC(11)   Evacuate Collection Set: 2.85ms
[2025-02-20T19:51:58.456+0800][gc,phases   ] GC(11)   Post Evacuate Collection Set: 0.30ms
[2025-02-20T19:51:58.456+0800][gc,phases   ] GC(11)   Other: 0.03ms
[2025-02-20T19:51:58.456+0800][gc,heap     ] GC(11) Eden regions: 2->0(240)
[2025-02-20T19:51:58.456+0800][gc,heap     ] GC(11) Survivor regions: 21->16(32)
[2025-02-20T19:51:58.456+0800][gc,heap     ] GC(11) Old regions: 20->26
[2025-02-20T19:51:58.456+0800][gc,heap     ] GC(11) Humongous regions: 0->0
[2025-02-20T19:51:58.456+0800][gc,metaspace] GC(11) Metaspace: 60054K(60608K)->60054K(60608K) NonClass: 52597K(52864K)->52597K(52864K) Class: 7456K(7744K)->7456K(7744K)
[2025-02-20T19:51:58.456+0800][gc          ] GC(11) Pause Young (Concurrent Start) (Metadata GC Threshold) 42M->41M(512M) 3.386ms
[2025-02-20T19:51:58.456+0800][gc          ] GC(12) Concurrent Mark Cycle
[2025-02-20T19:51:58.456+0800][gc,cpu      ] GC(11) User=0.02s Sys=0.00s Real=0.00s
[2025-02-20T19:51:58.456+0800][gc,marking  ] GC(12) Concurrent Scan Root Regions
[2025-02-20T19:51:58.459+0800][gc,marking  ] GC(12) Concurrent Scan Root Regions 3.146ms
[2025-02-20T19:51:58.459+0800][gc,marking  ] GC(12) Concurrent Mark
[2025-02-20T19:51:58.459+0800][gc,marking  ] GC(12) Concurrent Mark From Roots
[2025-02-20T19:51:58.459+0800][gc,task     ] GC(12) Using 2 workers of 2 for marking
[2025-02-20T19:51:58.464+0800][gc,marking  ] GC(12) Concurrent Mark From Roots 5.191ms
[2025-02-20T19:51:58.464+0800][gc,marking  ] GC(12) Concurrent Preclean
[2025-02-20T19:51:58.464+0800][gc,marking  ] GC(12) Concurrent Preclean 0.026ms
[2025-02-20T19:51:58.464+0800][gc,start    ] GC(12) Pause Remark
[2025-02-20T19:51:58.466+0800][gc          ] GC(12) Pause Remark 45M->45M(512M) 1.719ms
[2025-02-20T19:51:58.466+0800][gc,cpu      ] GC(12) User=0.01s Sys=0.00s Real=0.00s
[2025-02-20T19:51:58.466+0800][gc,marking  ] GC(12) Concurrent Mark 7.079ms
[2025-02-20T19:51:58.466+0800][gc,marking  ] GC(12) Concurrent Rebuild Remembered Sets and Scrub Regions
[2025-02-20T19:51:58.470+0800][gc,marking  ] GC(12) Concurrent Rebuild Remembered Sets and Scrub Regions 3.503ms
[2025-02-20T19:51:58.470+0800][gc,start    ] GC(12) Pause Cleanup
[2025-02-20T19:51:58.470+0800][gc          ] GC(12) Pause Cleanup 46M->46M(512M) 0.017ms
[2025-02-20T19:51:58.470+0800][gc,cpu      ] GC(12) User=0.00s Sys=0.00s Real=0.00s
[2025-02-20T19:51:58.470+0800][gc,marking  ] GC(12) Concurrent Clear Claimed Marks
[2025-02-20T19:51:58.470+0800][gc,marking  ] GC(12) Concurrent Clear Claimed Marks 0.013ms
[2025-02-20T19:51:58.470+0800][gc,marking  ] GC(12) Concurrent Cleanup for Next Mark
[2025-02-20T19:51:58.470+0800][gc,marking  ] GC(12) Concurrent Cleanup for Next Mark 0.198ms
[2025-02-20T19:51:58.470+0800][gc          ] GC(12) Concurrent Mark Cycle 14.070ms
[2025-02-20T19:52:00.051+0800][gc,start    ] GC(13) Pause Young (Prepare Mixed) (G1 Evacuation Pause)
[2025-02-20T19:52:00.051+0800][gc,task     ] GC(13) Using 9 workers of 9 for evacuation
[2025-02-20T19:52:00.056+0800][gc,phases   ] GC(13)   Pre Evacuate Collection Set: 0.13ms
[2025-02-20T19:52:00.056+0800][gc,phases   ] GC(13)   Merge Heap Roots: 0.07ms
[2025-02-20T19:52:00.056+0800][gc,phases   ] GC(13)   Evacuate Collection Set: 4.36ms
[2025-02-20T19:52:00.056+0800][gc,phases   ] GC(13)   Post Evacuate Collection Set: 0.49ms
[2025-02-20T19:52:00.056+0800][gc,phases   ] GC(13)   Other: 0.04ms
[2025-02-20T19:52:00.056+0800][gc,heap     ] GC(13) Eden regions: 240->0(225)
[2025-02-20T19:52:00.056+0800][gc,heap     ] GC(13) Survivor regions: 16->31(32)
[2025-02-20T19:52:00.056+0800][gc,heap     ] GC(13) Old regions: 26->26
[2025-02-20T19:52:00.056+0800][gc,heap     ] GC(13) Humongous regions: 0->0
[2025-02-20T19:52:00.056+0800][gc,metaspace] GC(13) Metaspace: 69531K(70080K)->69531K(70080K) NonClass: 60847K(61120K)->60847K(61120K) Class: 8683K(8960K)->8683K(8960K)
[2025-02-20T19:52:00.056+0800][gc          ] GC(13) Pause Young (Prepare Mixed) (G1 Evacuation Pause) 281M->55M(512M) 5.227ms
[2025-02-20T19:52:00.056+0800][gc,cpu      ] GC(13) User=0.04s Sys=0.01s Real=0.00s
[2025-02-20T19:52:01.838+0800][gc,start    ] GC(14) Pause Young (Mixed) (G1 Evacuation Pause)
[2025-02-20T19:52:01.838+0800][gc,task     ] GC(14) Using 9 workers of 9 for evacuation
[2025-02-20T19:52:01.853+0800][gc,phases   ] GC(14)   Pre Evacuate Collection Set: 0.25ms
[2025-02-20T19:52:01.853+0800][gc,phases   ] GC(14)   Merge Heap Roots: 0.12ms
[2025-02-20T19:52:01.853+0800][gc,phases   ] GC(14)   Evacuate Collection Set: 13.47ms
[2025-02-20T19:52:01.853+0800][gc,phases   ] GC(14)   Post Evacuate Collection Set: 0.89ms
[2025-02-20T19:52:01.853+0800][gc,phases   ] GC(14)   Other: 0.12ms
[2025-02-20T19:52:01.853+0800][gc,heap     ] GC(14) Eden regions: 225->0(235)
[2025-02-20T19:52:01.853+0800][gc,heap     ] GC(14) Survivor regions: 31->21(32)
[2025-02-20T19:52:01.853+0800][gc,heap     ] GC(14) Old regions: 26->40
[2025-02-20T19:52:01.853+0800][gc,heap     ] GC(14) Humongous regions: 0->0
[2025-02-20T19:52:01.853+0800][gc,metaspace] GC(14) Metaspace: 73930K(74624K)->73930K(74624K) NonClass: 64578K(64960K)->64578K(64960K) Class: 9352K(9664K)->9352K(9664K)
[2025-02-20T19:52:01.853+0800][gc          ] GC(14) Pause Young (Mixed) (G1 Evacuation Pause) 280M->60M(512M) 15.472ms
[2025-02-20T19:52:01.853+0800][gc,cpu      ] GC(14) User=0.07s Sys=0.01s Real=0.02s
[2025-02-20T19:52:03.531+0800][gc,start    ] GC(15) Pause Young (Concurrent Start) (G1 Humongous Allocation)
[2025-02-20T19:52:03.531+0800][gc,task     ] GC(15) Using 9 workers of 9 for evacuation
[2025-02-20T19:52:03.539+0800][gc,phases   ] GC(15)   Pre Evacuate Collection Set: 0.20ms
[2025-02-20T19:52:03.539+0800][gc,phases   ] GC(15)   Merge Heap Roots: 0.07ms
[2025-02-20T19:52:03.539+0800][gc,phases   ] GC(15)   Evacuate Collection Set: 7.07ms
[2025-02-20T19:52:03.539+0800][gc,phases   ] GC(15)   Post Evacuate Collection Set: 0.38ms
[2025-02-20T19:52:03.539+0800][gc,phases   ] GC(15)   Other: 0.13ms
[2025-02-20T19:52:03.539+0800][gc,heap     ] GC(15) Eden regions: 9->0(249)
[2025-02-20T19:52:03.539+0800][gc,heap     ] GC(15) Survivor regions: 21->7(32)
[2025-02-20T19:52:03.539+0800][gc,heap     ] GC(15) Old regions: 40->55
[2025-02-20T19:52:03.539+0800][gc,heap     ] GC(15) Humongous regions: 0->0
[2025-02-20T19:52:03.539+0800][gc,metaspace] GC(15) Metaspace: 74233K(74944K)->74233K(74944K) NonClass: 64847K(65216K)->64847K(65216K) Class: 9385K(9728K)->9385K(9728K)
[2025-02-20T19:52:03.539+0800][gc          ] GC(15) Pause Young (Concurrent Start) (G1 Humongous Allocation) 68M->61M(512M) 8.116ms
[2025-02-20T19:52:03.539+0800][gc          ] GC(16) Concurrent Mark Cycle
[2025-02-20T19:52:03.539+0800][gc,marking  ] GC(16) Concurrent Scan Root Regions
[2025-02-20T19:52:03.539+0800][gc,cpu      ] GC(15) User=0.03s Sys=0.00s Real=0.00s
[2025-02-20T19:52:03.545+0800][gc,marking  ] GC(16) Concurrent Scan Root Regions 6.234ms
[2025-02-20T19:52:03.545+0800][gc,marking  ] GC(16) Concurrent Mark
[2025-02-20T19:52:03.545+0800][gc,marking  ] GC(16) Concurrent Mark From Roots
[2025-02-20T19:52:03.545+0800][gc,task     ] GC(16) Using 2 workers of 2 for marking
[2025-02-20T19:52:03.561+0800][gc,marking  ] GC(16) Concurrent Mark From Roots 15.858ms
[2025-02-20T19:52:03.561+0800][gc,marking  ] GC(16) Concurrent Preclean
[2025-02-20T19:52:03.561+0800][gc,marking  ] GC(16) Concurrent Preclean 0.039ms
[2025-02-20T19:52:03.561+0800][gc,start    ] GC(16) Pause Remark
[2025-02-20T19:52:03.564+0800][gc          ] GC(16) Pause Remark 70M->70M(512M) 2.094ms
[2025-02-20T19:52:03.564+0800][gc,cpu      ] GC(16) User=0.01s Sys=0.00s Real=0.00s
[2025-02-20T19:52:03.564+0800][gc,marking  ] GC(16) Concurrent Mark 18.143ms
[2025-02-20T19:52:03.564+0800][gc,marking  ] GC(16) Concurrent Rebuild Remembered Sets and Scrub Regions
[2025-02-20T19:52:03.573+0800][gc,marking  ] GC(16) Concurrent Rebuild Remembered Sets and Scrub Regions 9.016ms
[2025-02-20T19:52:03.573+0800][gc,start    ] GC(16) Pause Cleanup
[2025-02-20T19:52:03.573+0800][gc          ] GC(16) Pause Cleanup 73M->73M(512M) 0.024ms
[2025-02-20T19:52:03.573+0800][gc,cpu      ] GC(16) User=0.00s Sys=0.00s Real=0.00s
[2025-02-20T19:52:03.573+0800][gc,marking  ] GC(16) Concurrent Clear Claimed Marks
[2025-02-20T19:52:03.573+0800][gc,marking  ] GC(16) Concurrent Clear Claimed Marks 0.033ms
[2025-02-20T19:52:03.573+0800][gc,marking  ] GC(16) Concurrent Cleanup for Next Mark
[2025-02-20T19:52:03.573+0800][gc,marking  ] GC(16) Concurrent Cleanup for Next Mark 0.203ms
[2025-02-20T19:52:03.573+0800][gc          ] GC(16) Concurrent Mark Cycle 33.904ms
[2025-02-20T20:12:50.795+0800][gc,start    ] GC(17) Pause Young (Prepare Mixed) (G1 Evacuation Pause)
[2025-02-20T20:12:50.796+0800][gc,task     ] GC(17) Using 9 workers of 9 for evacuation
[2025-02-20T20:12:50.820+0800][gc,phases   ] GC(17)   Pre Evacuate Collection Set: 0.97ms
[2025-02-20T20:12:50.820+0800][gc,phases   ] GC(17)   Merge Heap Roots: 0.51ms
[2025-02-20T20:12:50.820+0800][gc,phases   ] GC(17)   Evacuate Collection Set: 21.40ms
[2025-02-20T20:12:50.820+0800][gc,phases   ] GC(17)   Post Evacuate Collection Set: 1.20ms
[2025-02-20T20:12:50.820+0800][gc,phases   ] GC(17)   Other: 0.19ms
[2025-02-20T20:12:50.820+0800][gc,heap     ] GC(17) Eden regions: 249->0(245)
[2025-02-20T20:12:50.820+0800][gc,heap     ] GC(17) Survivor regions: 7->11(32)
[2025-02-20T20:12:50.820+0800][gc,heap     ] GC(17) Old regions: 55->55
[2025-02-20T20:12:50.820+0800][gc,heap     ] GC(17) Humongous regions: 8->8
[2025-02-20T20:12:50.820+0800][gc,metaspace] GC(17) Metaspace: 80274K(81024K)->80274K(81024K) NonClass: 70444K(70848K)->70444K(70848K) Class: 9829K(10176K)->9829K(10176K)
[2025-02-20T20:12:50.820+0800][gc          ] GC(17) Pause Young (Prepare Mixed) (G1 Evacuation Pause) 318M->73M(512M) 25.551ms
[2025-02-20T20:12:50.821+0800][gc,cpu      ] GC(17) User=0.05s Sys=0.07s Real=0.03s
[2025-02-20T20:58:59.909+0800][gc,start    ] GC(18) Pause Young (Mixed) (G1 Evacuation Pause)
[2025-02-20T20:58:59.910+0800][gc,task     ] GC(18) Using 9 workers of 9 for evacuation
[2025-02-20T20:58:59.934+0800][gc,phases   ] GC(18)   Pre Evacuate Collection Set: 0.61ms
[2025-02-20T20:58:59.934+0800][gc,phases   ] GC(18)   Merge Heap Roots: 0.25ms
[2025-02-20T20:58:59.934+0800][gc,phases   ] GC(18)   Evacuate Collection Set: 22.68ms
[2025-02-20T20:58:59.934+0800][gc,phases   ] GC(18)   Post Evacuate Collection Set: 1.09ms
[2025-02-20T20:58:59.934+0800][gc,phases   ] GC(18)   Other: 0.17ms
[2025-02-20T20:58:59.934+0800][gc,heap     ] GC(18) Eden regions: 245->0(244)
[2025-02-20T20:58:59.934+0800][gc,heap     ] GC(18) Survivor regions: 11->12(32)
[2025-02-20T20:58:59.934+0800][gc,heap     ] GC(18) Old regions: 55->55
[2025-02-20T20:58:59.935+0800][gc,heap     ] GC(18) Humongous regions: 8->8
[2025-02-20T20:58:59.935+0800][gc,metaspace] GC(18) Metaspace: 81363K(82048K)->81363K(82048K) NonClass: 71489K(71872K)->71489K(71872K) Class: 9873K(10176K)->9873K(10176K)
[2025-02-20T20:58:59.935+0800][gc          ] GC(18) Pause Young (Mixed) (G1 Evacuation Pause) 318M->73M(512M) 25.985ms
[2025-02-20T20:58:59.935+0800][gc,cpu      ] GC(18) User=0.04s Sys=0.05s Real=0.03s
[2025-02-20T21:35:45.886+0800][gc,start    ] GC(19) Pause Young (Mixed) (G1 Evacuation Pause)
[2025-02-20T21:35:45.888+0800][gc,task     ] GC(19) Using 9 workers of 9 for evacuation
[2025-02-20T21:35:45.912+0800][gc,phases   ] GC(19)   Pre Evacuate Collection Set: 0.72ms
[2025-02-20T21:35:45.912+0800][gc,phases   ] GC(19)   Merge Heap Roots: 0.34ms
[2025-02-20T21:35:45.913+0800][gc,phases   ] GC(19)   Evacuate Collection Set: 20.60ms
[2025-02-20T21:35:45.913+0800][gc,phases   ] GC(19)   Post Evacuate Collection Set: 1.59ms
[2025-02-20T21:35:45.914+0800][gc,phases   ] GC(19)   Other: 0.84ms
[2025-02-20T21:35:45.914+0800][gc,heap     ] GC(19) Eden regions: 244->0(244)
[2025-02-20T21:35:45.914+0800][gc,heap     ] GC(19) Survivor regions: 12->12(32)
[2025-02-20T21:35:45.915+0800][gc,heap     ] GC(19) Old regions: 55->54
[2025-02-20T21:35:45.915+0800][gc,heap     ] GC(19) Humongous regions: 10->10
[2025-02-20T21:35:45.915+0800][gc,metaspace] GC(19) Metaspace: 82244K(83008K)->82244K(83008K) NonClass: 72344K(72768K)->72344K(72768K) Class: 9899K(10240K)->9899K(10240K)
[2025-02-20T21:35:45.916+0800][gc          ] GC(19) Pause Young (Mixed) (G1 Evacuation Pause) 319M->75M(512M) 29.529ms
[2025-02-20T21:35:45.916+0800][gc,cpu      ] GC(19) User=0.08s Sys=0.05s Real=0.03s
